Archive member included because of file (symbol)

c:/freescale/kds_v3/toolchain/bin/../lib/gcc/arm-none-eabi/4.8.4/../../../../arm-none-eabi/lib/armv7e-m/fpu\libm.a(lib_a-w_sqrt.o)
                              ./Sources/drawShapes.o (sqrt)
c:/freescale/kds_v3/toolchain/bin/../lib/gcc/arm-none-eabi/4.8.4/../../../../arm-none-eabi/lib/armv7e-m/fpu\libm.a(lib_a-e_sqrt.o)
                              c:/freescale/kds_v3/toolchain/bin/../lib/gcc/arm-none-eabi/4.8.4/../../../../arm-none-eabi/lib/armv7e-m/fpu\libm.a(lib_a-w_sqrt.o) (__ieee754_sqrt)
c:/freescale/kds_v3/toolchain/bin/../lib/gcc/arm-none-eabi/4.8.4/../../../../arm-none-eabi/lib/armv7e-m/fpu\libm.a(lib_a-s_fpclassify.o)
                              c:/freescale/kds_v3/toolchain/bin/../lib/gcc/arm-none-eabi/4.8.4/../../../../arm-none-eabi/lib/armv7e-m/fpu\libm.a(lib_a-w_sqrt.o) (__fpclassifyd)
c:/freescale/kds_v3/toolchain/bin/../lib/gcc/arm-none-eabi/4.8.4/../../../../arm-none-eabi/lib/armv7e-m/fpu\libm.a(lib_a-s_lib_ver.o)
                              c:/freescale/kds_v3/toolchain/bin/../lib/gcc/arm-none-eabi/4.8.4/../../../../arm-none-eabi/lib/armv7e-m/fpu\libm.a(lib_a-w_sqrt.o) (__fdlib_version)
c:/freescale/kds_v3/toolchain/bin/../lib/gcc/arm-none-eabi/4.8.4/../../../../arm-none-eabi/lib/armv7e-m/fpu\libm.a(lib_a-s_matherr.o)
                              c:/freescale/kds_v3/toolchain/bin/../lib/gcc/arm-none-eabi/4.8.4/../../../../arm-none-eabi/lib/armv7e-m/fpu\libm.a(lib_a-w_sqrt.o) (matherr)
c:/freescale/kds_v3/toolchain/bin/../lib/gcc/arm-none-eabi/4.8.4/armv7e-m/fpu\libgcc.a(_arm_addsubdf3.o)
                              c:/freescale/kds_v3/toolchain/bin/../lib/gcc/arm-none-eabi/4.8.4/../../../../arm-none-eabi/lib/armv7e-m/fpu\libm.a(lib_a-e_sqrt.o) (__aeabi_dsub)
c:/freescale/kds_v3/toolchain/bin/../lib/gcc/arm-none-eabi/4.8.4/armv7e-m/fpu\libgcc.a(_arm_muldivdf3.o)
                              c:/freescale/kds_v3/toolchain/bin/../lib/gcc/arm-none-eabi/4.8.4/../../../../arm-none-eabi/lib/armv7e-m/fpu\libm.a(lib_a-e_sqrt.o) (__aeabi_dmul)
c:/freescale/kds_v3/toolchain/bin/../lib/gcc/arm-none-eabi/4.8.4/armv7e-m/fpu\libgcc.a(_arm_cmpdf2.o)
                              c:/freescale/kds_v3/toolchain/bin/../lib/gcc/arm-none-eabi/4.8.4/../../../../arm-none-eabi/lib/armv7e-m/fpu\libm.a(lib_a-w_sqrt.o) (__aeabi_dcmplt)
c:/freescale/kds_v3/toolchain/bin/../lib/gcc/arm-none-eabi/4.8.4/armv7e-m/fpu\libgcc.a(_arm_fixdfsi.o)
                              ./Sources/drawShapes.o (__aeabi_d2iz)
c:/freescale/kds_v3/toolchain/bin/../lib/gcc/arm-none-eabi/4.8.4/../../../../arm-none-eabi/lib/armv7e-m/fpu\libg_s.a(lib_a-errno.o)
                              c:/freescale/kds_v3/toolchain/bin/../lib/gcc/arm-none-eabi/4.8.4/../../../../arm-none-eabi/lib/armv7e-m/fpu\libm.a(lib_a-w_sqrt.o) (__errno)
c:/freescale/kds_v3/toolchain/bin/../lib/gcc/arm-none-eabi/4.8.4/../../../../arm-none-eabi/lib/armv7e-m/fpu\libg_s.a(lib_a-exit.o)
                              c:/freescale/kds_v3/toolchain/bin/../lib/gcc/arm-none-eabi/4.8.4/../../../../arm-none-eabi/lib/armv7e-m/fpu/crt0.o (exit)
c:/freescale/kds_v3/toolchain/bin/../lib/gcc/arm-none-eabi/4.8.4/../../../../arm-none-eabi/lib/armv7e-m/fpu\libg_s.a(lib_a-impure.o)
                              c:/freescale/kds_v3/toolchain/bin/../lib/gcc/arm-none-eabi/4.8.4/../../../../arm-none-eabi/lib/armv7e-m/fpu\libg_s.a(lib_a-exit.o) (_global_impure_ptr)
c:/freescale/kds_v3/toolchain/bin/../lib/gcc/arm-none-eabi/4.8.4/../../../../arm-none-eabi/lib/armv7e-m/fpu\libg_s.a(lib_a-init.o)
                              c:/freescale/kds_v3/toolchain/bin/../lib/gcc/arm-none-eabi/4.8.4/../../../../arm-none-eabi/lib/armv7e-m/fpu/crt0.o (__libc_init_array)
c:/freescale/kds_v3/toolchain/bin/../lib/gcc/arm-none-eabi/4.8.4/../../../../arm-none-eabi/lib/armv7e-m/fpu\libg_s.a(lib_a-memset.o)
                              c:/freescale/kds_v3/toolchain/bin/../lib/gcc/arm-none-eabi/4.8.4/../../../../arm-none-eabi/lib/armv7e-m/fpu/crt0.o (memset)
c:/freescale/kds_v3/toolchain/bin/../lib/gcc/arm-none-eabi/4.8.4/../../../../arm-none-eabi/lib/armv7e-m/fpu\libnosys.a(_exit.o)
                              c:/freescale/kds_v3/toolchain/bin/../lib/gcc/arm-none-eabi/4.8.4/../../../../arm-none-eabi/lib/armv7e-m/fpu\libg_s.a(lib_a-exit.o) (_exit)

Allocating common symbols
Common symbol       size              file

ASerialLdd1_DeviceDataPtr
                    0x4               ./Generated_Code/Inhr1.o
i                   0x4               ./Sources/drawShapes.o
SR_reg              0x1               ./Static_Code/System/CPU_Init.o

Discarded input sections

 .text          0x00000000        0x0 c:/freescale/kds_v3/toolchain/bin/../lib/gcc/arm-none-eabi/4.8.4/armv7e-m/fpu/crti.o
 .data          0x00000000        0x0 c:/freescale/kds_v3/toolchain/bin/../lib/gcc/arm-none-eabi/4.8.4/armv7e-m/fpu/crti.o
[...]
Memory Configuration

Name             Origin             Length             Attributes
m_interrupts     0x00000000         0x00000198         xr
m_text           0x00000410         0x0007fbf0         xr
m_data           0x1fff0000         0x00010000         rw
m_data_20000000  0x20000000         0x00010000         rw
m_cfmprotrom     0x00000400         0x00000010         xr
*default*        0x00000000         0xffffffff

Linker script and memory map

LOAD c:/freescale/kds_v3/toolchain/bin/../lib/gcc/arm-none-eabi/4.8.4/armv7e-m/fpu/crti.o
LOAD c:/freescale/kds_v3/toolchain/bin/../lib/gcc/arm-none-eabi/4.8.4/armv7e-m/fpu/crtbegin.o
LOAD c:/freescale/kds_v3/toolchain/bin/../lib/gcc/arm-none-eabi/4.8.4/../../../../arm-none-eabi/lib/armv7e-m/fpu/crt0.o
LOAD ./Static_Code/System/CPU_Init.o
LOAD ./Static_Code/System/Peripherals_Init.o
LOAD ./Static_Code/System/Vectors.o
LOAD ./Sources/Events.o
LOAD ./Sources/drawShapes.o
LOAD ./Sources/main.o
LOAD ./Sources/utilities.o
LOAD ./Project_Settings/Startup_Code/startup.o
LOAD ./Generated_Code/ASerialLdd1.o
LOAD ./Generated_Code/BitIoLdd1.o
LOAD ./Generated_Code/BitIoLdd10.o
LOAD ./Generated_Code/BitIoLdd11.o
LOAD ./Generated_Code/BitIoLdd12.o
LOAD ./Generated_Code/BitIoLdd13.o
LOAD ./Generated_Code/BitIoLdd14.o
LOAD ./Generated_Code/BitIoLdd15.o
LOAD ./Generated_Code/BitIoLdd16.o
LOAD ./Generated_Code/BitIoLdd17.o
LOAD ./Generated_Code/BitIoLdd18.o
LOAD ./Generated_Code/BitIoLdd2.o
LOAD ./Generated_Code/BitIoLdd3.o
LOAD ./Generated_Code/BitIoLdd4.o
LOAD ./Generated_Code/BitIoLdd5.o
LOAD ./Generated_Code/BitIoLdd6.o
LOAD ./Generated_Code/BitIoLdd7.o
LOAD ./Generated_Code/BitIoLdd8.o
LOAD ./Generated_Code/BitIoLdd9.o
LOAD ./Generated_Code/Blue_LED.o
LOAD ./Generated_Code/Cpu.o
LOAD ./Generated_Code/Dir_x.o
LOAD ./Generated_Code/Dir_y.o
LOAD ./Generated_Code/Dir_z.o
LOAD ./Generated_Code/FC321.o
LOAD ./Generated_Code/Green_LED.o
LOAD ./Generated_Code/Inhr1.o
LOAD ./Generated_Code/Mode_1.o
LOAD ./Generated_Code/Mode_2.o
LOAD ./Generated_Code/Mode_3.o
LOAD ./Generated_Code/PE_LDD.o
LOAD ./Generated_Code/PWM1.o
LOAD ./Generated_Code/Pins1.o
LOAD ./Generated_Code/PwmLdd1.o
LOAD ./Generated_Code/RealTimeLdd1.o
LOAD ./Generated_Code/Red_LED.o
LOAD ./Generated_Code/Reset_x.o
LOAD ./Generated_Code/Reset_y.o
LOAD ./Generated_Code/Reset_z.o
LOAD ./Generated_Code/Sleep_x.o
LOAD ./Generated_Code/Sleep_y.o
LOAD ./Generated_Code/Sleep_z.o
LOAD ./Generated_Code/TU1.o
LOAD ./Generated_Code/TU3.o
LOAD ./Generated_Code/Term1.o
LOAD ./Generated_Code/x_step.o
LOAD ./Generated_Code/y_step.o
LOAD ./Generated_Code/z_step.o
LOAD c:/freescale/kds_v3/toolchain/bin/../lib/gcc/arm-none-eabi/4.8.4/../../../../arm-none-eabi/lib/armv7e-m/fpu\libstdc++_s.a
LOAD c:/freescale/kds_v3/toolchain/bin/../lib/gcc/arm-none-eabi/4.8.4/../../../../arm-none-eabi/lib/armv7e-m/fpu\libm.a
START GROUP
LOAD c:/freescale/kds_v3/toolchain/bin/../lib/gcc/arm-none-eabi/4.8.4/armv7e-m/fpu\libgcc.a
LOAD c:/freescale/kds_v3/toolchain/bin/../lib/gcc/arm-none-eabi/4.8.4/../../../../arm-none-eabi/lib/armv7e-m/fpu\libg_s.a
LOAD c:/freescale/kds_v3/toolchain/bin/../lib/gcc/arm-none-eabi/4.8.4/../../../../arm-none-eabi/lib/armv7e-m/fpu\libc_s.a
END GROUP
START GROUP
LOAD c:/freescale/kds_v3/toolchain/bin/../lib/gcc/arm-none-eabi/4.8.4/armv7e-m/fpu\libgcc.a
LOAD c:/freescale/kds_v3/toolchain/bin/../lib/gcc/arm-none-eabi/4.8.4/../../../../arm-none-eabi/lib/armv7e-m/fpu\libc_s.a
LOAD c:/freescale/kds_v3/toolchain/bin/../lib/gcc/arm-none-eabi/4.8.4/../../../../arm-none-eabi/lib/armv7e-m/fpu\libnosys.a
END GROUP
START GROUP
LOAD c:/freescale/kds_v3/toolchain/bin/../lib/gcc/arm-none-eabi/4.8.4/armv7e-m/fpu\libgcc.a
LOAD c:/freescale/kds_v3/toolchain/bin/../lib/gcc/arm-none-eabi/4.8.4/../../../../arm-none-eabi/lib/armv7e-m/fpu\libc_s.a
LOAD c:/freescale/kds_v3/toolchain/bin/../lib/gcc/arm-none-eabi/4.8.4/../../../../arm-none-eabi/lib/armv7e-m/fpu\libnosys.a
END GROUP
LOAD c:/freescale/kds_v3/toolchain/bin/../lib/gcc/arm-none-eabi/4.8.4/armv7e-m/fpu/crtend.o
LOAD c:/freescale/kds_v3/toolchain/bin/../lib/gcc/arm-none-eabi/4.8.4/armv7e-m/fpu/crtn.o
                0x20000000                _estack = 0x20000000
                0x20000000                __SP_INIT = _estack
                0x20000000                __stack = _estack
                0x00000000                __heap_size = 0x0
                0x00000400                __stack_size = 0x400

.interrupts     0x00000000      0x198
                0x00000000                __vector_table = .
                0x00000000                . = ALIGN (0x4)
 *(.vectortable)
 .vectortable   0x00000000      0x198 ./Static_Code/System/Vectors.o
                0x00000000                __vect_table
                0x00000198                . = ALIGN (0x4)

.cfmprotect     0x00000400       0x10
                0x00000400                . = ALIGN (0x4)
 *(.cfmconfig)
 .cfmconfig     0x00000400       0x10 ./Static_Code/System/CPU_Init.o
                0x00000400                _cfm
                0x00000410                . = ALIGN (0x4)

.text           0x00000410     0x43b4
                0x00000410                . = ALIGN (0x4)
 *(.text)
 .text          0x00000410       0x54 c:/freescale/kds_v3/toolchain/bin/../lib/gcc/arm-none-eabi/4.8.4/armv7e-m/fpu/crtbegin.o
 .text          0x00000464       0x74 c:/freescale/kds_v3/toolchain/bin/../lib/gcc/arm-none-eabi/4.8.4/../../../../arm-none-eabi/lib/armv7e-m/fpu/crt0.o
                0x00000464                _start
                0x00000464                _mainCRTStartup
 .text          0x000004d8      0x370 c:/freescale/kds_v3/toolchain/bin/../lib/gcc/arm-none-eabi/4.8.4/armv7e-m/fpu\libgcc.a(_arm_addsubdf3.o)
                0x000004d8                __aeabi_drsub
                0x000004e0                __aeabi_dsub
                0x000004e0                __subdf3
                0x000004e4                __aeabi_dadd
                0x000004e4                __adddf3
                0x0000075c                __floatunsidf
                0x0000075c                __aeabi_ui2d
                0x0000077c                __floatsidf
                0x0000077c                __aeabi_i2d
                0x000007a0                __aeabi_f2d
                0x000007a0                __extendsfdf2
                0x000007dc                __floatundidf
                0x000007dc                __aeabi_ul2d
                0x000007ec                __floatdidf
                0x000007ec                __aeabi_l2d
 .text          0x00000848      0x424 c:/freescale/kds_v3/toolchain/bin/../lib/gcc/arm-none-eabi/4.8.4/armv7e-m/fpu\libgcc.a(_arm_muldivdf3.o)
                0x00000848                __aeabi_dmul
                0x00000848                __muldf3
                0x00000a9c                __divdf3
                0x00000a9c                __aeabi_ddiv
 .text          0x00000c6c      0x110 c:/freescale/kds_v3/toolchain/bin/../lib/gcc/arm-none-eabi/4.8.4/armv7e-m/fpu\libgcc.a(_arm_cmpdf2.o)
                0x00000c6c                __gtdf2
                0x00000c6c                __gedf2
                0x00000c74                __ltdf2
                0x00000c74                __ledf2
                0x00000c7c                __nedf2
                0x00000c7c                __eqdf2
                0x00000c7c                __cmpdf2
                0x00000cf8                __aeabi_cdrcmple
                0x00000d08                __aeabi_cdcmpeq
                0x00000d08                __aeabi_cdcmple
                0x00000d18                __aeabi_dcmpeq
                0x00000d2c                __aeabi_dcmplt
                0x00000d40                __aeabi_dcmple
                0x00000d54                __aeabi_dcmpge
                0x00000d68                __aeabi_dcmpgt
 .text          0x00000d7c       0x50 c:/freescale/kds_v3/toolchain/bin/../lib/gcc/arm-none-eabi/4.8.4/armv7e-m/fpu\libgcc.a(_arm_fixdfsi.o)
                0x00000d7c                __aeabi_d2iz
                0x00000d7c                __fixdfsi
 *(.text*)
 .text.CPU_SetBASEPRI
                0x00000dcc       0x18 ./Static_Code/System/CPU_Init.o
                0x00000dcc                CPU_SetBASEPRI
 .text.__init_hardware
                0x00000de4       0xb4 ./Static_Code/System/CPU_Init.o
                0x00000de4                __init_hardware
 .text.PE_low_level_init
                0x00000e98       0x44 ./Static_Code/System/CPU_Init.o
                0x00000e98                PE_low_level_init
 .text.CPU_GetClockGenMode
                0x00000edc       0x90 ./Static_Code/System/CPU_Init.o
                0x00000edc                CPU_GetClockGenMode
 .text.CPU_SetClockConfigGenMode
                0x00000f6c      0x54c ./Static_Code/System/CPU_Init.o
                0x00000f6c                CPU_SetClockConfigGenMode
 .text.UnhandledInterrupt
                0x000014b8       0x18 ./Static_Code/System/Vectors.o
                0x000014b8                UnhandledInterrupt
 .text.Cpu_OnNMI
                0x000014d0        0xc ./Sources/Events.o
                0x000014d0                Cpu_OnNMI
 .text.Inhr1_OnRxChar
                0x000014dc       0x10 ./Sources/Events.o
                0x000014dc                Inhr1_OnRxChar
 .text.Inhr1_OnRxCharExt
                0x000014ec       0x14 ./Sources/Events.o
                0x000014ec                Inhr1_OnRxCharExt
 .text.moveSpindleTo
                0x00001500       0xd4 ./Sources/drawShapes.o
                0x00001500                moveSpindleTo
 .text.drawCircle
                0x000015d4      0x1ec ./Sources/drawShapes.o
                0x000015d4                drawCircle
 .text.main     0x000017c0       0xe4 ./Sources/main.o
                0x000017c0                main
 .text.delay    0x000018a4       0x38 ./Sources/utilities.o
                0x000018a4                delay
 .text.driveMotorX
                0x000018dc       0x34 ./Sources/utilities.o
                0x000018dc                driveMotorX
 .text.driveMotorY
                0x00001910       0x34 ./Sources/utilities.o
                0x00001910                driveMotorY
 .text.driveMotorZ
                0x00001944       0x34 ./Sources/utilities.o
                0x00001944                driveMotorZ
 .text.box      0x00001978       0xbc ./Sources/utilities.o
                0x00001978                box
 .text.GUI_title
                0x00001a34      0x104 ./Sources/utilities.o
                0x00001a34                GUI_title
 .text.GUI_main
                0x00001b38       0x68 ./Sources/utilities.o
                0x00001b38                GUI_main
 .text.GUI_manual
                0x00001ba0       0xbc ./Sources/utilities.o
                0x00001ba0                GUI_manual
 .text.clean_prompt
                0x00001c5c       0x20 ./Sources/utilities.o
                0x00001c5c                clean_prompt
 .text.prompt_reduce
                0x00001c7c       0x3c ./Sources/utilities.o
                0x00001c7c                prompt_reduce
 .text.prompt_add
                0x00001cb8       0x3c ./Sources/utilities.o
                0x00001cb8                prompt_add
 .text.manual_movement
                0x00001cf4      0x364 ./Sources/utilities.o
                0x00001cf4                manual_movement
 .text.__copy_rom_section
                0x00002058       0xe4 ./Project_Settings/Startup_Code/startup.o
                0x00002058                __copy_rom_section
 .text.__copy_rom_sections_to_ram
                0x0000213c       0x9c ./Project_Settings/Startup_Code/startup.o
                0x0000213c                __copy_rom_sections_to_ram
 .text.__init_registers
                0x000021d8       0x20 ./Project_Settings/Startup_Code/startup.o
                0x000021d8                __init_registers
 .text.__init_user
                0x000021f8        0xc ./Project_Settings/Startup_Code/startup.o
                0x000021f8                __init_user
 .text.__thumb_startup
                0x00002204       0x34 ./Project_Settings/Startup_Code/startup.o
                0x00002204                __thumb_startup
 .text.ASerialLdd1_Init
                0x00002238      0x1d8 ./Generated_Code/ASerialLdd1.o
                0x00002238                ASerialLdd1_Init
 .text.ASerialLdd1_ReceiveBlock
                0x00002410       0x90 ./Generated_Code/ASerialLdd1.o
                0x00002410                ASerialLdd1_ReceiveBlock
 .text.ASerialLdd1_SendBlock
                0x000024a0       0xbc ./Generated_Code/ASerialLdd1.o
                0x000024a0                ASerialLdd1_SendBlock
 .text.InterruptRx
                0x0000255c       0x58 ./Generated_Code/ASerialLdd1.o
 .text.InterruptTx
                0x000025b4       0x80 ./Generated_Code/ASerialLdd1.o
 .text.ASerialLdd1_Interrupt
                0x00002634       0xf4 ./Generated_Code/ASerialLdd1.o
                0x00002634                ASerialLdd1_Interrupt
 .text.ASerialLdd1_GetError
                0x00002728       0x70 ./Generated_Code/ASerialLdd1.o
                0x00002728                ASerialLdd1_GetError
 .text.BitIoLdd1_Init
                0x00002798       0x80 ./Generated_Code/BitIoLdd1.o
                0x00002798                BitIoLdd1_Init
 .text.BitIoLdd1_NegVal
                0x00002818       0x1c ./Generated_Code/BitIoLdd1.o
                0x00002818                BitIoLdd1_NegVal
 .text.BitIoLdd10_Init
                0x00002834       0x80 ./Generated_Code/BitIoLdd10.o
                0x00002834                BitIoLdd10_Init
 .text.BitIoLdd11_Init
                0x000028b4       0x80 ./Generated_Code/BitIoLdd11.o
                0x000028b4                BitIoLdd11_Init
 .text.BitIoLdd12_Init
                0x00002934       0x80 ./Generated_Code/BitIoLdd12.o
                0x00002934                BitIoLdd12_Init
 .text.BitIoLdd13_Init
                0x000029b4       0x80 ./Generated_Code/BitIoLdd13.o
                0x000029b4                BitIoLdd13_Init
 .text.BitIoLdd14_Init
                0x00002a34       0x80 ./Generated_Code/BitIoLdd14.o
                0x00002a34                BitIoLdd14_Init
 .text.BitIoLdd15_Init
                0x00002ab4       0x80 ./Generated_Code/BitIoLdd15.o
                0x00002ab4                BitIoLdd15_Init
 .text.BitIoLdd16_Init
                0x00002b34       0x80 ./Generated_Code/BitIoLdd16.o
                0x00002b34                BitIoLdd16_Init
 .text.BitIoLdd17_Init
                0x00002bb4       0x80 ./Generated_Code/BitIoLdd17.o
                0x00002bb4                BitIoLdd17_Init
 .text.BitIoLdd18_Init
                0x00002c34       0x80 ./Generated_Code/BitIoLdd18.o
                0x00002c34                BitIoLdd18_Init
 .text.BitIoLdd2_Init
                0x00002cb4       0x80 ./Generated_Code/BitIoLdd2.o
                0x00002cb4                BitIoLdd2_Init
 .text.BitIoLdd2_NegVal
                0x00002d34       0x20 ./Generated_Code/BitIoLdd2.o
                0x00002d34                BitIoLdd2_NegVal
 .text.BitIoLdd3_Init
                0x00002d54       0x80 ./Generated_Code/BitIoLdd3.o
                0x00002d54                BitIoLdd3_Init
 .text.BitIoLdd3_NegVal
                0x00002dd4       0x1c ./Generated_Code/BitIoLdd3.o
                0x00002dd4                BitIoLdd3_NegVal
 .text.BitIoLdd4_Init
                0x00002df0       0x80 ./Generated_Code/BitIoLdd4.o
                0x00002df0                BitIoLdd4_Init
 .text.BitIoLdd5_Init
                0x00002e70       0x80 ./Generated_Code/BitIoLdd5.o
                0x00002e70                BitIoLdd5_Init
 .text.BitIoLdd6_Init
                0x00002ef0       0x80 ./Generated_Code/BitIoLdd6.o
                0x00002ef0                BitIoLdd6_Init
 .text.BitIoLdd6_PutVal
                0x00002f70       0x30 ./Generated_Code/BitIoLdd6.o
                0x00002f70                BitIoLdd6_PutVal
 .text.BitIoLdd7_Init
                0x00002fa0       0x80 ./Generated_Code/BitIoLdd7.o
                0x00002fa0                BitIoLdd7_Init
 .text.BitIoLdd7_PutVal
                0x00003020       0x30 ./Generated_Code/BitIoLdd7.o
                0x00003020                BitIoLdd7_PutVal
 .text.BitIoLdd8_Init
                0x00003050       0x80 ./Generated_Code/BitIoLdd8.o
                0x00003050                BitIoLdd8_Init
 .text.BitIoLdd8_PutVal
                0x000030d0       0x30 ./Generated_Code/BitIoLdd8.o
                0x000030d0                BitIoLdd8_PutVal
 .text.BitIoLdd9_Init
                0x00003100       0x80 ./Generated_Code/BitIoLdd9.o
                0x00003100                BitIoLdd9_Init
 .text.Components_Init
                0x00003180       0x84 ./Generated_Code/Cpu.o
                0x00003180                Components_Init
 .text.Cpu_INT_NMIInterrupt
                0x00003204       0x1c ./Generated_Code/Cpu.o
                0x00003204                Cpu_INT_NMIInterrupt
 .text.HWEnDi   0x00003220       0x1c ./Generated_Code/Inhr1.o
 .text.Inhr1_RecvChar
                0x0000323c       0xd8 ./Generated_Code/Inhr1.o
                0x0000323c                Inhr1_RecvChar
 .text.Inhr1_SendChar
                0x00003314       0xe0 ./Generated_Code/Inhr1.o
                0x00003314                Inhr1_SendChar
 .text.Inhr1_Init
                0x000033f4       0x60 ./Generated_Code/Inhr1.o
                0x000033f4                Inhr1_Init
 .text.ASerialLdd1_OnBlockReceived
                0x00003454       0xa0 ./Generated_Code/Inhr1.o
                0x00003454                ASerialLdd1_OnBlockReceived
 .text.ASerialLdd1_OnBlockSent
                0x000034f4       0x88 ./Generated_Code/Inhr1.o
                0x000034f4                ASerialLdd1_OnBlockSent
 .text.ASerialLdd1_OnError
                0x0000357c       0x98 ./Generated_Code/Inhr1.o
                0x0000357c                ASerialLdd1_OnError
 .text.ASerialLdd1_OnBreak
                0x00003614       0x24 ./Generated_Code/Inhr1.o
                0x00003614                ASerialLdd1_OnBreak
 .text.PwmLdd1_Init
                0x00003638       0x58 ./Generated_Code/PwmLdd1.o
                0x00003638                PwmLdd1_Init
 .text.PwmLdd1_SetRatio8
                0x00003690       0x2c ./Generated_Code/PwmLdd1.o
                0x00003690                PwmLdd1_SetRatio8
 .text.SetRatio
                0x000036bc       0x54 ./Generated_Code/PwmLdd1.o
 .text.RealTimeLdd1_Init
                0x00003710       0x80 ./Generated_Code/RealTimeLdd1.o
                0x00003710                RealTimeLdd1_Init
 .text.RealTimeLdd1_Reset
                0x00003790       0x8c ./Generated_Code/RealTimeLdd1.o
                0x00003790                RealTimeLdd1_Reset
 .text.RealTimeLdd1_GetTimeUS
                0x0000381c       0xc0 ./Generated_Code/RealTimeLdd1.o
                0x0000381c                RealTimeLdd1_GetTimeUS
 .text.TU1_OnChannel0
                0x000038dc       0x60 ./Generated_Code/RealTimeLdd1.o
                0x000038dc                TU1_OnChannel0
 .text.TU1_Init
                0x0000393c       0xe0 ./Generated_Code/TU1.o
                0x0000393c                TU1_Init
 .text.TU1_SetEventMask
                0x00003a1c       0xe4 ./Generated_Code/TU1.o
                0x00003a1c                TU1_SetEventMask
 .text.TU1_GetEventMask
                0x00003b00       0x1c ./Generated_Code/TU1.o
                0x00003b00                TU1_GetEventMask
 .text.TU1_GetCounterValue
                0x00003b1c       0x20 ./Generated_Code/TU1.o
                0x00003b1c                TU1_GetCounterValue
 .text.TU1_SetOffsetTicks
                0x00003b3c       0x44 ./Generated_Code/TU1.o
                0x00003b3c                TU1_SetOffsetTicks
 .text.TU1_GetOffsetTicks
                0x00003b80       0x48 ./Generated_Code/TU1.o
                0x00003b80                TU1_GetOffsetTicks
 .text.TU1_Interrupt
                0x00003bc8       0x84 ./Generated_Code/TU1.o
                0x00003bc8                TU1_Interrupt
 .text.TU3_Init
                0x00003c4c      0x10c ./Generated_Code/TU3.o
                0x00003c4c                TU3_Init
 .text.TU3_GetPeriodTicks
                0x00003d58       0x30 ./Generated_Code/TU3.o
                0x00003d58                TU3_GetPeriodTicks
 .text.TU3_SetOffsetTicks
                0x00003d88       0x44 ./Generated_Code/TU3.o
                0x00003d88                TU3_SetOffsetTicks
 .text.Term1_SendChar
                0x00003dcc       0x20 ./Generated_Code/Term1.o
                0x00003dcc                Term1_SendChar
 .text.SendESCPrefix
                0x00003dec       0x24 ./Generated_Code/Term1.o
 .text.Term1_SendStr
                0x00003e10       0x34 ./Generated_Code/Term1.o
                0x00003e10                Term1_SendStr
 .text.LongToStr
                0x00003e44       0xf4 ./Generated_Code/Term1.o
 .text.Term1_SendNum
                0x00003f38       0x54 ./Generated_Code/Term1.o
                0x00003f38                Term1_SendNum
 .text.Term1_Cls
                0x00003f8c       0x28 ./Generated_Code/Term1.o
                0x00003f8c                Term1_Cls
 .text.Term1_MoveTo
                0x00003fb4       0x44 ./Generated_Code/Term1.o
                0x00003fb4                Term1_MoveTo
 .text.Term1_SetColor
                0x00003ff8       0x64 ./Generated_Code/Term1.o
                0x00003ff8                Term1_SetColor
 .text.Term1_EraseLine
                0x0000405c       0x18 ./Generated_Code/Term1.o
                0x0000405c                Term1_EraseLine
 .text.sqrt     0x00004074       0xbc c:/freescale/kds_v3/toolchain/bin/../lib/gcc/arm-none-eabi/4.8.4/../../../../arm-none-eabi/lib/armv7e-m/fpu\libm.a(lib_a-w_sqrt.o)
                0x00004074                sqrt
 .text.__ieee754_sqrt
                0x00004130      0x198 c:/freescale/kds_v3/toolchain/bin/../lib/gcc/arm-none-eabi/4.8.4/../../../../arm-none-eabi/lib/armv7e-m/fpu\libm.a(lib_a-e_sqrt.o)
                0x00004130                __ieee754_sqrt
 .text.__fpclassifyd
                0x000042c8       0x54 c:/freescale/kds_v3/toolchain/bin/../lib/gcc/arm-none-eabi/4.8.4/../../../../arm-none-eabi/lib/armv7e-m/fpu\libm.a(lib_a-s_fpclassify.o)
                0x000042c8                __fpclassifyd
 .text.matherr  0x0000431c        0x4 c:/freescale/kds_v3/toolchain/bin/../lib/gcc/arm-none-eabi/4.8.4/../../../../arm-none-eabi/lib/armv7e-m/fpu\libm.a(lib_a-s_matherr.o)
                0x0000431c                matherr
 .text.__errno  0x00004320        0xc c:/freescale/kds_v3/toolchain/bin/../lib/gcc/arm-none-eabi/4.8.4/../../../../arm-none-eabi/lib/armv7e-m/fpu\libg_s.a(lib_a-errno.o)
                0x00004320                __errno
 .text.exit     0x0000432c       0x28 c:/freescale/kds_v3/toolchain/bin/../lib/gcc/arm-none-eabi/4.8.4/../../../../arm-none-eabi/lib/armv7e-m/fpu\libg_s.a(lib_a-exit.o)
                0x0000432c                exit
 .text.__libc_init_array
                0x00004354       0x4c c:/freescale/kds_v3/toolchain/bin/../lib/gcc/arm-none-eabi/4.8.4/../../../../arm-none-eabi/lib/armv7e-m/fpu\libg_s.a(lib_a-init.o)
                0x00004354                __libc_init_array
 .text.memset   0x000043a0       0x10 c:/freescale/kds_v3/toolchain/bin/../lib/gcc/arm-none-eabi/4.8.4/../../../../arm-none-eabi/lib/armv7e-m/fpu\libg_s.a(lib_a-memset.o)
                0x000043a0                memset
 .text._exit    0x000043b0        0x4 c:/freescale/kds_v3/toolchain/bin/../lib/gcc/arm-none-eabi/4.8.4/../../../../arm-none-eabi/lib/armv7e-m/fpu\libnosys.a(_exit.o)
                0x000043b0                _exit
 *(.rodata)
 .rodata        0x000043b4       0x38 ./Sources/drawShapes.o
 .rodata        0x000043ec       0x40 ./Sources/main.o
 .rodata        0x0000442c      0x274 ./Sources/utilities.o
 *(.rodata*)
 .rodata.ClockGenModeMatrix
                0x000046a0       0x80 ./Static_Code/System/CPU_Init.o
 .rodata.CPU_ClockConfigDescriptors
                0x00004720       0x1c ./Static_Code/System/CPU_Init.o
 .rodata.CPU_DefaultFEI
                0x0000473c        0x8 ./Static_Code/System/CPU_Init.o
 .rodata.CPU_DefaultFBI
                0x00004744        0x8 ./Static_Code/System/CPU_Init.o
 .rodata.CPU_DefaultBLPI
                0x0000474c        0x8 ./Static_Code/System/CPU_Init.o
 .rodata.CPU_DefaultFEE
                0x00004754        0x8 ./Static_Code/System/CPU_Init.o
 .rodata.CPU_DefaultFBE
                0x0000475c        0x8 ./Static_Code/System/CPU_Init.o
 .rodata.CPU_DefaultBLPE
                0x00004764        0x8 ./Static_Code/System/CPU_Init.o
 .rodata.CPU_DefaultPBE
                0x0000476c        0x8 ./Static_Code/System/CPU_Init.o
 .rodata.CPU_DefaultPEE
                0x00004774        0x8 ./Static_Code/System/CPU_Init.o
 .rodata.CPU_ClockGenModeRegs
                0x0000477c       0x20 ./Static_Code/System/CPU_Init.o
 .rodata.str1.4
                0x0000479c        0x8 c:/freescale/kds_v3/toolchain/bin/../lib/gcc/arm-none-eabi/4.8.4/../../../../arm-none-eabi/lib/armv7e-m/fpu\libm.a(lib_a-w_sqrt.o)
 .rodata.str1.1
                0x000047a4        0x2 c:/freescale/kds_v3/toolchain/bin/../lib/gcc/arm-none-eabi/4.8.4/../../../../arm-none-eabi/lib/armv7e-m/fpu\libg_s.a(lib_a-impure.o)
 *fill*         0x000047a6        0x2 
 .rodata._global_impure_ptr
                0x000047a8        0x4 c:/freescale/kds_v3/toolchain/bin/../lib/gcc/arm-none-eabi/4.8.4/../../../../arm-none-eabi/lib/armv7e-m/fpu\libg_s.a(lib_a-impure.o)
                0x000047a8                _global_impure_ptr
 *(.glue_7)
 .glue_7        0x00000000        0x0 linker stubs
 *(.glue_7t)
 .glue_7t       0x00000000        0x0 linker stubs
 *(.eh_frame)
 .eh_frame      0x000047ac        0x0 c:/freescale/kds_v3/toolchain/bin/../lib/gcc/arm-none-eabi/4.8.4/armv7e-m/fpu/crtbegin.o
 *(.init)
 .init          0x000047ac        0x4 c:/freescale/kds_v3/toolchain/bin/../lib/gcc/arm-none-eabi/4.8.4/armv7e-m/fpu/crti.o
                0x000047ac                _init
 .init          0x000047b0        0x8 c:/freescale/kds_v3/toolchain/bin/../lib/gcc/arm-none-eabi/4.8.4/armv7e-m/fpu/crtn.o
 *(.fini)
 .fini          0x000047b8        0x4 c:/freescale/kds_v3/toolchain/bin/../lib/gcc/arm-none-eabi/4.8.4/armv7e-m/fpu/crti.o
                0x000047b8                _fini
 .fini          0x000047bc        0x8 c:/freescale/kds_v3/toolchain/bin/../lib/gcc/arm-none-eabi/4.8.4/armv7e-m/fpu/crtn.o
                0x000047c4                . = ALIGN (0x4)
                0x000047c4                _etext = .

.vfp11_veneer   0x000047c4        0x0
 .vfp11_veneer  0x00000000        0x0 linker stubs

.v4_bx          0x000047c4        0x0
 .v4_bx         0x00000000        0x0 linker stubs

.iplt           0x000047c4        0x0
 .iplt          0x00000000        0x0 c:/freescale/kds_v3/toolchain/bin/../lib/gcc/arm-none-eabi/4.8.4/armv7e-m/fpu/crtbegin.o

.ARM.extab
 *(.ARM.extab* .gnu.linkonce.armextab.*)

.ARM            0x000047c4        0x8
                0x000047c4                __exidx_start = .
 *(.ARM.exidx*)
 .ARM.exidx     0x000047c4        0x8 c:/freescale/kds_v3/toolchain/bin/../lib/gcc/arm-none-eabi/4.8.4/../../../../arm-none-eabi/lib/armv7e-m/fpu/crt0.o
                0x000047cc                __exidx_end = .

.rel.dyn        0x000047cc        0x0
 .rel.iplt      0x00000000        0x0 c:/freescale/kds_v3/toolchain/bin/../lib/gcc/arm-none-eabi/4.8.4/armv7e-m/fpu/crtbegin.o

.ctors          0x000047cc        0x0
                0x000047cc                __CTOR_LIST__ = .
 *crtbegin.o(.ctors)
 *(EXCLUDE_FILE(*crtend.o) .ctors)
 *(SORT(.ctors.*))
 *(.ctors)
                0x000047cc                __CTOR_END__ = .

.dtors          0x000047cc        0x0
                0x000047cc                __DTOR_LIST__ = .
 *crtbegin.o(.dtors)
 *(EXCLUDE_FILE(*crtend.o) .dtors)
 *(SORT(.dtors.*))
 *(.dtors)
                0x000047cc                __DTOR_END__ = .

.preinit_array  0x000047cc        0x0
                0x000047cc                PROVIDE (__preinit_array_start, .)
 *(.preinit_array*)
                0x000047cc                PROVIDE (__preinit_array_end, .)

.init_array     0x000047cc        0x4
                0x000047cc                PROVIDE (__init_array_start, .)
 *(SORT(.init_array.*))
 *(.init_array*)
 .init_array    0x000047cc        0x4 c:/freescale/kds_v3/toolchain/bin/../lib/gcc/arm-none-eabi/4.8.4/armv7e-m/fpu/crtbegin.o
                0x000047d0                PROVIDE (__init_array_end, .)

.fini_array     0x000047d0        0x4
                0x000047d0                PROVIDE (__fini_array_start, .)
 *(SORT(.fini_array.*))
 *(.fini_array*)
 .fini_array    0x000047d0        0x4 c:/freescale/kds_v3/toolchain/bin/../lib/gcc/arm-none-eabi/4.8.4/armv7e-m/fpu/crtbegin.o
                0x000047d4                PROVIDE (__fini_array_end, .)
                0x000047d4                ___ROM_AT = .

.data           0x1fff0000       0x68 load address 0x000047d4
                0x1fff0000                . = ALIGN (0x4)
                0x1fff0000                _sdata = .
 *(.data)
 *(.data*)
 .data.__fdlib_version
                0x1fff0000        0x1 c:/freescale/kds_v3/toolchain/bin/../lib/gcc/arm-none-eabi/4.8.4/../../../../arm-none-eabi/lib/armv7e-m/fpu\libm.a(lib_a-s_lib_ver.o)
                0x1fff0000                __fdlib_version
 *fill*         0x1fff0001        0x3 
 .data.impure_data
                0x1fff0004       0x60 c:/freescale/kds_v3/toolchain/bin/../lib/gcc/arm-none-eabi/4.8.4/../../../../arm-none-eabi/lib/armv7e-m/fpu\libg_s.a(lib_a-impure.o)
 .data._impure_ptr
                0x1fff0064        0x4 c:/freescale/kds_v3/toolchain/bin/../lib/gcc/arm-none-eabi/4.8.4/../../../../arm-none-eabi/lib/armv7e-m/fpu\libg_s.a(lib_a-impure.o)
                0x1fff0064                _impure_ptr
                0x1fff0068                . = ALIGN (0x4)
                0x1fff0068                _edata = .
                0x00000068                ___data_size = (_edata - _sdata)
                0x0000483c                ___m_data_20000000_ROMStart = (___ROM_AT + SIZEOF (.data))

.jcr            0x1fff0068        0x0 load address 0x0000483c
 .jcr           0x1fff0068        0x0 c:/freescale/kds_v3/toolchain/bin/../lib/gcc/arm-none-eabi/4.8.4/armv7e-m/fpu/crtbegin.o

.igot.plt       0x1fff0068        0x0 load address 0x0000483c
 .igot.plt      0x00000000        0x0 c:/freescale/kds_v3/toolchain/bin/../lib/gcc/arm-none-eabi/4.8.4/armv7e-m/fpu/crtbegin.o

.m_data_20000000
                0x20000000        0x0 load address 0x0000483c
                0x20000000                . = ALIGN (0x4)
                0x20000000                ___m_data_20000000_RAMStart = .
 *(.m_data_20000000)
                0x20000000                ___m_data_20000000_RAMEnd = .
                0x20000000                . = ALIGN (0x4)
                0x00000000                ___m_data_20000000_ROMSize = (___m_data_20000000_RAMEnd - ___m_data_20000000_RAMStart)
                0x20000000                . = ALIGN (0x4)

.bss            0x1fff0068      0x400 load address 0x0000483c
                0x1fff0068                __START_BSS = .
                0x1fff0068                PROVIDE (__bss_start__, __START_BSS)
 *(.bss)
 .bss           0x1fff0068       0x1c c:/freescale/kds_v3/toolchain/bin/../lib/gcc/arm-none-eabi/4.8.4/armv7e-m/fpu/crtbegin.o
 *(.bss*)
 .bss.SR_lock   0x1fff0084        0x1 ./Static_Code/System/CPU_Init.o
                0x1fff0084                SR_lock
 .bss.c         0x1fff0085        0x1 ./Sources/Events.o
                0x1fff0085                c
 *fill*         0x1fff0086        0x2 
 .bss.DeviceDataPrv__DEFAULT_RTOS_ALLOC
                0x1fff0088       0x20 ./Generated_Code/ASerialLdd1.o
 .bss.INT_UART1_RX_TX__DEFAULT_RTOS_ISRPARAM
                0x1fff00a8        0x4 ./Generated_Code/ASerialLdd1.o
 .bss.INT_UART1_ERR__DEFAULT_RTOS_ISRPARAM
                0x1fff00ac        0x4 ./Generated_Code/ASerialLdd1.o
 .bss.DeviceDataPrv__DEFAULT_RTOS_ALLOC
                0x1fff00b0        0x4 ./Generated_Code/BitIoLdd1.o
 .bss.DeviceDataPrv__DEFAULT_RTOS_ALLOC
                0x1fff00b4        0x4 ./Generated_Code/BitIoLdd10.o
 .bss.DeviceDataPrv__DEFAULT_RTOS_ALLOC
                0x1fff00b8        0x4 ./Generated_Code/BitIoLdd11.o
 .bss.DeviceDataPrv__DEFAULT_RTOS_ALLOC
                0x1fff00bc        0x4 ./Generated_Code/BitIoLdd12.o
 .bss.DeviceDataPrv__DEFAULT_RTOS_ALLOC
                0x1fff00c0        0x4 ./Generated_Code/BitIoLdd13.o
 .bss.DeviceDataPrv__DEFAULT_RTOS_ALLOC
                0x1fff00c4        0x4 ./Generated_Code/BitIoLdd14.o
 .bss.DeviceDataPrv__DEFAULT_RTOS_ALLOC
                0x1fff00c8        0x4 ./Generated_Code/BitIoLdd15.o
 .bss.DeviceDataPrv__DEFAULT_RTOS_ALLOC
                0x1fff00cc        0x4 ./Generated_Code/BitIoLdd16.o
 .bss.DeviceDataPrv__DEFAULT_RTOS_ALLOC
                0x1fff00d0        0x4 ./Generated_Code/BitIoLdd17.o
 .bss.DeviceDataPrv__DEFAULT_RTOS_ALLOC
                0x1fff00d4        0x4 ./Generated_Code/BitIoLdd18.o
 .bss.DeviceDataPrv__DEFAULT_RTOS_ALLOC
                0x1fff00d8        0x4 ./Generated_Code/BitIoLdd2.o
 .bss.DeviceDataPrv__DEFAULT_RTOS_ALLOC
                0x1fff00dc        0x4 ./Generated_Code/BitIoLdd3.o
 .bss.DeviceDataPrv__DEFAULT_RTOS_ALLOC
                0x1fff00e0        0x4 ./Generated_Code/BitIoLdd4.o
 .bss.DeviceDataPrv__DEFAULT_RTOS_ALLOC
                0x1fff00e4        0x4 ./Generated_Code/BitIoLdd5.o
 .bss.DeviceDataPrv__DEFAULT_RTOS_ALLOC
                0x1fff00e8        0x4 ./Generated_Code/BitIoLdd6.o
 .bss.DeviceDataPrv__DEFAULT_RTOS_ALLOC
                0x1fff00ec        0x4 ./Generated_Code/BitIoLdd7.o
 .bss.DeviceDataPrv__DEFAULT_RTOS_ALLOC
                0x1fff00f0        0x4 ./Generated_Code/BitIoLdd8.o
 .bss.DeviceDataPrv__DEFAULT_RTOS_ALLOC
                0x1fff00f4        0x4 ./Generated_Code/BitIoLdd9.o
 .bss.SerFlag   0x1fff00f8        0x2 ./Generated_Code/Inhr1.o
 .bss.Inhr1_InpLen
                0x1fff00fa        0x2 ./Generated_Code/Inhr1.o
 .bss.InpIndexR
                0x1fff00fc        0x2 ./Generated_Code/Inhr1.o
 .bss.InpIndexW
                0x1fff00fe        0x2 ./Generated_Code/Inhr1.o
 .bss.InpBuffer
                0x1fff0100      0x160 ./Generated_Code/Inhr1.o
 .bss.BufferRead
                0x1fff0260        0x1 ./Generated_Code/Inhr1.o
 *fill*         0x1fff0261        0x1 
 .bss.Inhr1_OutLen
                0x1fff0262        0x2 ./Generated_Code/Inhr1.o
 .bss.OutIndexR
                0x1fff0264        0x2 ./Generated_Code/Inhr1.o
 .bss.OutIndexW
                0x1fff0266        0x2 ./Generated_Code/Inhr1.o
 .bss.OutBuffer
                0x1fff0268      0x160 ./Generated_Code/Inhr1.o
 .bss.PE_LDD_DeviceDataList
                0x1fff03c8       0x5c ./Generated_Code/PE_LDD.o
                0x1fff03c8                PE_LDD_DeviceDataList
 .bss.DeviceDataPrv__DEFAULT_RTOS_ALLOC
                0x1fff0424        0xc ./Generated_Code/PwmLdd1.o
 .bss.DeviceDataPrv__DEFAULT_RTOS_ALLOC
                0x1fff0430       0x14 ./Generated_Code/RealTimeLdd1.o
 .bss.DeviceDataPrv__DEFAULT_RTOS_ALLOC
                0x1fff0444        0xc ./Generated_Code/TU1.o
 .bss.INT_FTM2__DEFAULT_RTOS_ISRPARAM
                0x1fff0450        0x4 ./Generated_Code/TU1.o
 .bss.DeviceDataPrv__DEFAULT_RTOS_ALLOC
                0x1fff0454        0x8 ./Generated_Code/TU3.o
 *(COMMON)
 COMMON         0x1fff045c        0x1 ./Static_Code/System/CPU_Init.o
                0x1fff045c                SR_reg
 *fill*         0x1fff045d        0x3 
 COMMON         0x1fff0460        0x4 ./Sources/drawShapes.o
                0x1fff0460                i
 COMMON         0x1fff0464        0x4 ./Generated_Code/Inhr1.o
                0x1fff0464                ASerialLdd1_DeviceDataPtr
                0x1fff0468                . = ALIGN (0x4)
                0x1fff0468                __END_BSS = .
                0x1fff0468                PROVIDE (__bss_end__, __END_BSS)
                0x0000483c                _romp_at = ((___ROM_AT + SIZEOF (.data)) + SIZEOF (.m_data_20000000))

.romp           0x1fff0468       0x24 load address 0x0000483c
                0x0000483c                __S_romp = _romp_at
                0x1fff0468        0x4 LONG 0x47d4 ___ROM_AT
                0x1fff046c        0x4 LONG 0x1fff0000 _sdata
                0x1fff0470        0x4 LONG 0x68 ___data_size
                0x1fff0474        0x4 LONG 0x483c ___m_data_20000000_ROMStart
                0x1fff0478        0x4 LONG 0x20000000 ___m_data_20000000_RAMStart
                0x1fff047c        0x4 LONG 0x0 ___m_data_20000000_ROMSize
                0x1fff0480        0x4 LONG 0x0
                0x1fff0484        0x4 LONG 0x0
                0x1fff0488        0x4 LONG 0x0
                0x00080000                text_end = (ORIGIN (m_text) + 0x7fbf0)
                0x00004860                data_init_end = ((___m_data_20000000_ROMStart + SIZEOF (.m_data_20000000)) + SIZEOF (.romp))
                0x00000001                ASSERT ((data_init_end <= text_end), region m_text overflowed with text and data)

._user_heap_stack
                0x1fff048c      0x400 load address 0x00004860
                0x1fff048c                . = ALIGN (0x4)
                0x1fff048c                PROVIDE (end, .)
                0x1fff048c                PROVIDE (_end, .)
                0x1fff048c                PROVIDE (__end__, .)
                0x1fff048c                __heap_addr = .
                0x1fff048c                __HeapBase = .
                0x1fff048c                . = (. + __heap_size)
                0x1fff048c                __HeapLimit = .
                0x1fff088c                . = (. + __stack_size)
 *fill*         0x1fff048c      0x400 
                0x1fff088c                . = ALIGN (0x4)

.ARM.attributes
                0x00000000       0x30
 *(.ARM.attributes)
 .ARM.attributes
                0x00000000       0x22 c:/freescale/kds_v3/toolchain/bin/../lib/gcc/arm-none-eabi/4.8.4/armv7e-m/fpu/crti.o
 .ARM.attributes
                0x00000022       0x34 c:/freescale/kds_v3/toolchain/bin/../lib/gcc/arm-none-eabi/4.8.4/armv7e-m/fpu/crtbegin.o
 .ARM.attributes
                0x00000056       0x20 c:/freescale/kds_v3/toolchain/bin/../lib/gcc/arm-none-eabi/4.8.4/../../../../arm-none-eabi/lib/armv7e-m/fpu/crt0.o
 .ARM.attributes
                0x00000076       0x39 ./Static_Code/System/CPU_Init.o
 .ARM.attributes
                0x000000af       0x39 ./Static_Code/System/Vectors.o
 .ARM.attributes
                0x000000e8       0x39 ./Sources/Events.o
 .ARM.attributes
                0x00000121       0x39 ./Sources/drawShapes.o
 .ARM.attributes
                0x0000015a       0x39 ./Sources/main.o
 .ARM.attributes
                0x00000193       0x39 ./Sources/utilities.o
 .ARM.attributes
                0x000001cc       0x39 ./Project_Settings/Startup_Code/startup.o
 .ARM.attributes
                0x00000205       0x39 ./Generated_Code/ASerialLdd1.o
 .ARM.attributes
                0x0000023e       0x39 ./Generated_Code/BitIoLdd1.o
 .ARM.attributes
                0x00000277       0x39 ./Generated_Code/BitIoLdd10.o
 .ARM.attributes
                0x000002b0       0x39 ./Generated_Code/BitIoLdd11.o
 .ARM.attributes
                0x000002e9       0x39 ./Generated_Code/BitIoLdd12.o
 .ARM.attributes
                0x00000322       0x39 ./Generated_Code/BitIoLdd13.o
 .ARM.attributes
                0x0000035b       0x39 ./Generated_Code/BitIoLdd14.o
 .ARM.attributes
                0x00000394       0x39 ./Generated_Code/BitIoLdd15.o
 .ARM.attributes
                0x000003cd       0x39 ./Generated_Code/BitIoLdd16.o
 .ARM.attributes
                0x00000406       0x39 ./Generated_Code/BitIoLdd17.o
 .ARM.attributes
                0x0000043f       0x39 ./Generated_Code/BitIoLdd18.o
 .ARM.attributes
                0x00000478       0x39 ./Generated_Code/BitIoLdd2.o
 .ARM.attributes
                0x000004b1       0x39 ./Generated_Code/BitIoLdd3.o
 .ARM.attributes
                0x000004ea       0x39 ./Generated_Code/BitIoLdd4.o
 .ARM.attributes
                0x00000523       0x39 ./Generated_Code/BitIoLdd5.o
 .ARM.attributes
                0x0000055c       0x39 ./Generated_Code/BitIoLdd6.o
 .ARM.attributes
                0x00000595       0x39 ./Generated_Code/BitIoLdd7.o
 .ARM.attributes
                0x000005ce       0x39 ./Generated_Code/BitIoLdd8.o
 .ARM.attributes
                0x00000607       0x39 ./Generated_Code/BitIoLdd9.o
 .ARM.attributes
                0x00000640       0x39 ./Generated_Code/Cpu.o
 .ARM.attributes
                0x00000679       0x39 ./Generated_Code/Inhr1.o
 .ARM.attributes
                0x000006b2       0x39 ./Generated_Code/PE_LDD.o
 .ARM.attributes
                0x000006eb       0x39 ./Generated_Code/PwmLdd1.o
 .ARM.attributes
                0x00000724       0x39 ./Generated_Code/RealTimeLdd1.o
 .ARM.attributes
                0x0000075d       0x39 ./Generated_Code/TU1.o
 .ARM.attributes
                0x00000796       0x39 ./Generated_Code/TU3.o
 .ARM.attributes
                0x000007cf       0x39 ./Generated_Code/Term1.o
 .ARM.attributes
                0x00000808       0x34 c:/freescale/kds_v3/toolchain/bin/../lib/gcc/arm-none-eabi/4.8.4/../../../../arm-none-eabi/lib/armv7e-m/fpu\libm.a(lib_a-w_sqrt.o)
 .ARM.attributes
                0x0000083c       0x34 c:/freescale/kds_v3/toolchain/bin/../lib/gcc/arm-none-eabi/4.8.4/../../../../arm-none-eabi/lib/armv7e-m/fpu\libm.a(lib_a-e_sqrt.o)
 .ARM.attributes
                0x00000870       0x34 c:/freescale/kds_v3/toolchain/bin/../lib/gcc/arm-none-eabi/4.8.4/../../../../arm-none-eabi/lib/armv7e-m/fpu\libm.a(lib_a-s_fpclassify.o)
 .ARM.attributes
                0x000008a4       0x34 c:/freescale/kds_v3/toolchain/bin/../lib/gcc/arm-none-eabi/4.8.4/../../../../arm-none-eabi/lib/armv7e-m/fpu\libm.a(lib_a-s_lib_ver.o)
 .ARM.attributes
                0x000008d8       0x34 c:/freescale/kds_v3/toolchain/bin/../lib/gcc/arm-none-eabi/4.8.4/../../../../arm-none-eabi/lib/armv7e-m/fpu\libm.a(lib_a-s_matherr.o)
 .ARM.attributes
                0x0000090c       0x22 c:/freescale/kds_v3/toolchain/bin/../lib/gcc/arm-none-eabi/4.8.4/armv7e-m/fpu\libgcc.a(_arm_addsubdf3.o)
 .ARM.attributes
                0x0000092e       0x22 c:/freescale/kds_v3/toolchain/bin/../lib/gcc/arm-none-eabi/4.8.4/armv7e-m/fpu\libgcc.a(_arm_muldivdf3.o)
 .ARM.attributes
                0x00000950       0x22 c:/freescale/kds_v3/toolchain/bin/../lib/gcc/arm-none-eabi/4.8.4/armv7e-m/fpu\libgcc.a(_arm_cmpdf2.o)
 .ARM.attributes
                0x00000972       0x22 c:/freescale/kds_v3/toolchain/bin/../lib/gcc/arm-none-eabi/4.8.4/armv7e-m/fpu\libgcc.a(_arm_fixdfsi.o)
 .ARM.attributes
                0x00000994       0x34 c:/freescale/kds_v3/toolchain/bin/../lib/gcc/arm-none-eabi/4.8.4/../../../../arm-none-eabi/lib/armv7e-m/fpu\libg_s.a(lib_a-errno.o)
 .ARM.attributes
                0x000009c8       0x34 c:/freescale/kds_v3/toolchain/bin/../lib/gcc/arm-none-eabi/4.8.4/../../../../arm-none-eabi/lib/armv7e-m/fpu\libg_s.a(lib_a-exit.o)
 .ARM.attributes
                0x000009fc       0x34 c:/freescale/kds_v3/toolchain/bin/../lib/gcc/arm-none-eabi/4.8.4/../../../../arm-none-eabi/lib/armv7e-m/fpu\libg_s.a(lib_a-impure.o)
 .ARM.attributes
                0x00000a30       0x34 c:/freescale/kds_v3/toolchain/bin/../lib/gcc/arm-none-eabi/4.8.4/../../../../arm-none-eabi/lib/armv7e-m/fpu\libg_s.a(lib_a-init.o)
 .ARM.attributes
                0x00000a64       0x34 c:/freescale/kds_v3/toolchain/bin/../lib/gcc/arm-none-eabi/4.8.4/../../../../arm-none-eabi/lib/armv7e-m/fpu\libg_s.a(lib_a-memset.o)
 .ARM.attributes
                0x00000a98       0x34 c:/freescale/kds_v3/toolchain/bin/../lib/gcc/arm-none-eabi/4.8.4/../../../../arm-none-eabi/lib/armv7e-m/fpu\libnosys.a(_exit.o)
 .ARM.attributes
                0x00000acc       0x22 c:/freescale/kds_v3/toolchain/bin/../lib/gcc/arm-none-eabi/4.8.4/armv7e-m/fpu/crtn.o
OUTPUT(Assignment2-Percy.elf elf32-littlearm)

.debug_info     0x00000000     0xa60f
 .debug_info    0x00000000      0xab8 ./Static_Code/System/CPU_Init.o
 .debug_info    0x00000ab8      0x826 ./Static_Code/System/Vectors.o
 .debug_info    0x000012de       0xf5 ./Sources/Events.o
 .debug_info    0x000013d3      0x287 ./Sources/drawShapes.o
 .debug_info    0x0000165a       0xea ./Sources/main.o
 .debug_info    0x00001744      0x34e ./Sources/utilities.o
 .debug_info    0x00001a92      0x3b0 ./Project_Settings/Startup_Code/startup.o
 .debug_info    0x00001e42      0xa75 ./Generated_Code/ASerialLdd1.o
 .debug_info    0x000028b7      0x560 ./Generated_Code/BitIoLdd1.o
 .debug_info    0x00002e17      0x53a ./Generated_Code/BitIoLdd10.o
 .debug_info    0x00003351      0x53a ./Generated_Code/BitIoLdd11.o
 .debug_info    0x0000388b      0x504 ./Generated_Code/BitIoLdd12.o
 .debug_info    0x00003d8f      0x504 ./Generated_Code/BitIoLdd13.o
 .debug_info    0x00004293      0x504 ./Generated_Code/BitIoLdd14.o
 .debug_info    0x00004797      0x52a ./Generated_Code/BitIoLdd15.o
 .debug_info    0x00004cc1      0x560 ./Generated_Code/BitIoLdd16.o
 .debug_info    0x00005221      0x52a ./Generated_Code/BitIoLdd17.o
 .debug_info    0x0000574b      0x504 ./Generated_Code/BitIoLdd18.o
 .debug_info    0x00005c4f      0x560 ./Generated_Code/BitIoLdd2.o
 .debug_info    0x000061af      0x560 ./Generated_Code/BitIoLdd3.o
 .debug_info    0x0000670f      0x504 ./Generated_Code/BitIoLdd4.o
 .debug_info    0x00006c13      0x504 ./Generated_Code/BitIoLdd5.o
 .debug_info    0x00007117      0x560 ./Generated_Code/BitIoLdd6.o
 .debug_info    0x00007677      0x560 ./Generated_Code/BitIoLdd7.o
 .debug_info    0x00007bd7      0x560 ./Generated_Code/BitIoLdd8.o
 .debug_info    0x00008137      0x53a ./Generated_Code/BitIoLdd9.o
 .debug_info    0x00008671       0xa7 ./Generated_Code/Cpu.o
 .debug_info    0x00008718      0x368 ./Generated_Code/Inhr1.o
 .debug_info    0x00008a80      0x251 ./Generated_Code/PE_LDD.o
 .debug_info    0x00008cd1      0x334 ./Generated_Code/PwmLdd1.o
 .debug_info    0x00009005      0x38a ./Generated_Code/RealTimeLdd1.o
 .debug_info    0x0000938f      0x816 ./Generated_Code/TU1.o
 .debug_info    0x00009ba5      0x764 ./Generated_Code/TU3.o
 .debug_info    0x0000a309      0x306 ./Generated_Code/Term1.o

.debug_abbrev   0x00000000     0x2e1c
 .debug_abbrev  0x00000000      0x1bf ./Static_Code/System/CPU_Init.o
 .debug_abbrev  0x000001bf       0xd8 ./Static_Code/System/Vectors.o
 .debug_abbrev  0x00000297       0xab ./Sources/Events.o
 .debug_abbrev  0x00000342       0xf1 ./Sources/drawShapes.o
 .debug_abbrev  0x00000433       0x86 ./Sources/main.o
 .debug_abbrev  0x000004b9      0x148 ./Sources/utilities.o
 .debug_abbrev  0x00000601      0x189 ./Project_Settings/Startup_Code/startup.o
 .debug_abbrev  0x0000078a      0x1f9 ./Generated_Code/ASerialLdd1.o
 .debug_abbrev  0x00000983      0x186 ./Generated_Code/BitIoLdd1.o
 .debug_abbrev  0x00000b09      0x186 ./Generated_Code/BitIoLdd10.o
 .debug_abbrev  0x00000c8f      0x186 ./Generated_Code/BitIoLdd11.o
 .debug_abbrev  0x00000e15      0x15d ./Generated_Code/BitIoLdd12.o
 .debug_abbrev  0x00000f72      0x15d ./Generated_Code/BitIoLdd13.o
 .debug_abbrev  0x000010cf      0x15d ./Generated_Code/BitIoLdd14.o
 .debug_abbrev  0x0000122c      0x186 ./Generated_Code/BitIoLdd15.o
 .debug_abbrev  0x000013b2      0x186 ./Generated_Code/BitIoLdd16.o
 .debug_abbrev  0x00001538      0x186 ./Generated_Code/BitIoLdd17.o
 .debug_abbrev  0x000016be      0x15d ./Generated_Code/BitIoLdd18.o
 .debug_abbrev  0x0000181b      0x186 ./Generated_Code/BitIoLdd2.o
 .debug_abbrev  0x000019a1      0x186 ./Generated_Code/BitIoLdd3.o
 .debug_abbrev  0x00001b27      0x15d ./Generated_Code/BitIoLdd4.o
 .debug_abbrev  0x00001c84      0x15d ./Generated_Code/BitIoLdd5.o
 .debug_abbrev  0x00001de1      0x186 ./Generated_Code/BitIoLdd6.o
 .debug_abbrev  0x00001f67      0x186 ./Generated_Code/BitIoLdd7.o
 .debug_abbrev  0x000020ed      0x186 ./Generated_Code/BitIoLdd8.o
 .debug_abbrev  0x00002273      0x186 ./Generated_Code/BitIoLdd9.o
 .debug_abbrev  0x000023f9       0x45 ./Generated_Code/Cpu.o
 .debug_abbrev  0x0000243e      0x18f ./Generated_Code/Inhr1.o
 .debug_abbrev  0x000025cd      0x10d ./Generated_Code/PE_LDD.o
 .debug_abbrev  0x000026da      0x122 ./Generated_Code/PwmLdd1.o
 .debug_abbrev  0x000027fc      0x161 ./Generated_Code/RealTimeLdd1.o
 .debug_abbrev  0x0000295d      0x1c5 ./Generated_Code/TU1.o
 .debug_abbrev  0x00002b22      0x198 ./Generated_Code/TU3.o
 .debug_abbrev  0x00002cba      0x162 ./Generated_Code/Term1.o

.debug_aranges  0x00000000      0xca8
 .debug_aranges
                0x00000000       0x40 ./Static_Code/System/CPU_Init.o
 .debug_aranges
                0x00000040      0x340 ./Static_Code/System/Vectors.o
 .debug_aranges
                0x00000380       0x30 ./Sources/Events.o
 .debug_aranges
                0x000003b0       0x40 ./Sources/drawShapes.o
 .debug_aranges
                0x000003f0       0x20 ./Sources/main.o
 .debug_aranges
                0x00000410       0x90 ./Sources/utilities.o
 .debug_aranges
                0x000004a0       0x50 ./Project_Settings/Startup_Code/startup.o
 .debug_aranges
                0x000004f0       0x50 ./Generated_Code/ASerialLdd1.o
 .debug_aranges
                0x00000540       0x50 ./Generated_Code/BitIoLdd1.o
 .debug_aranges
                0x00000590       0x48 ./Generated_Code/BitIoLdd10.o
 .debug_aranges
                0x000005d8       0x48 ./Generated_Code/BitIoLdd11.o
 .debug_aranges
                0x00000620       0x40 ./Generated_Code/BitIoLdd12.o
 .debug_aranges
                0x00000660       0x40 ./Generated_Code/BitIoLdd13.o
 .debug_aranges
                0x000006a0       0x40 ./Generated_Code/BitIoLdd14.o
 .debug_aranges
                0x000006e0       0x48 ./Generated_Code/BitIoLdd15.o
 .debug_aranges
                0x00000728       0x50 ./Generated_Code/BitIoLdd16.o
 .debug_aranges
                0x00000778       0x48 ./Generated_Code/BitIoLdd17.o
 .debug_aranges
                0x000007c0       0x40 ./Generated_Code/BitIoLdd18.o
 .debug_aranges
                0x00000800       0x50 ./Generated_Code/BitIoLdd2.o
 .debug_aranges
                0x00000850       0x50 ./Generated_Code/BitIoLdd3.o
 .debug_aranges
                0x000008a0       0x40 ./Generated_Code/BitIoLdd4.o
 .debug_aranges
                0x000008e0       0x40 ./Generated_Code/BitIoLdd5.o
 .debug_aranges
                0x00000920       0x50 ./Generated_Code/BitIoLdd6.o
 .debug_aranges
                0x00000970       0x50 ./Generated_Code/BitIoLdd7.o
 .debug_aranges
                0x000009c0       0x50 ./Generated_Code/BitIoLdd8.o
 .debug_aranges
                0x00000a10       0x48 ./Generated_Code/BitIoLdd9.o
 .debug_aranges
                0x00000a58       0x28 ./Generated_Code/Cpu.o
 .debug_aranges
                0x00000a80       0x60 ./Generated_Code/Inhr1.o
 .debug_aranges
                0x00000ae0       0x30 ./Generated_Code/PE_LDD.o
 .debug_aranges
                0x00000b10       0x48 ./Generated_Code/PwmLdd1.o
 .debug_aranges
                0x00000b58       0x40 ./Generated_Code/RealTimeLdd1.o
 .debug_aranges
                0x00000b98       0x50 ./Generated_Code/TU1.o
 .debug_aranges
                0x00000be8       0x48 ./Generated_Code/TU3.o
 .debug_aranges
                0x00000c30       0x78 ./Generated_Code/Term1.o

.debug_ranges   0x00000000      0xa88
 .debug_ranges  0x00000000       0x30 ./Static_Code/System/CPU_Init.o
 .debug_ranges  0x00000030      0x330 ./Static_Code/System/Vectors.o
 .debug_ranges  0x00000360       0x20 ./Sources/Events.o
 .debug_ranges  0x00000380       0x30 ./Sources/drawShapes.o
 .debug_ranges  0x000003b0       0x10 ./Sources/main.o
 .debug_ranges  0x000003c0       0x80 ./Sources/utilities.o
 .debug_ranges  0x00000440       0x40 ./Project_Settings/Startup_Code/startup.o
 .debug_ranges  0x00000480       0x40 ./Generated_Code/ASerialLdd1.o
 .debug_ranges  0x000004c0       0x40 ./Generated_Code/BitIoLdd1.o
 .debug_ranges  0x00000500       0x38 ./Generated_Code/BitIoLdd10.o
 .debug_ranges  0x00000538       0x38 ./Generated_Code/BitIoLdd11.o
 .debug_ranges  0x00000570       0x30 ./Generated_Code/BitIoLdd12.o
 .debug_ranges  0x000005a0       0x30 ./Generated_Code/BitIoLdd13.o
 .debug_ranges  0x000005d0       0x30 ./Generated_Code/BitIoLdd14.o
 .debug_ranges  0x00000600       0x38 ./Generated_Code/BitIoLdd15.o
 .debug_ranges  0x00000638       0x40 ./Generated_Code/BitIoLdd16.o
 .debug_ranges  0x00000678       0x38 ./Generated_Code/BitIoLdd17.o
 .debug_ranges  0x000006b0       0x30 ./Generated_Code/BitIoLdd18.o
 .debug_ranges  0x000006e0       0x40 ./Generated_Code/BitIoLdd2.o
 .debug_ranges  0x00000720       0x40 ./Generated_Code/BitIoLdd3.o
 .debug_ranges  0x00000760       0x30 ./Generated_Code/BitIoLdd4.o
 .debug_ranges  0x00000790       0x30 ./Generated_Code/BitIoLdd5.o
 .debug_ranges  0x000007c0       0x40 ./Generated_Code/BitIoLdd6.o
 .debug_ranges  0x00000800       0x40 ./Generated_Code/BitIoLdd7.o
 .debug_ranges  0x00000840       0x40 ./Generated_Code/BitIoLdd8.o
 .debug_ranges  0x00000880       0x38 ./Generated_Code/BitIoLdd9.o
 .debug_ranges  0x000008b8       0x18 ./Generated_Code/Cpu.o
 .debug_ranges  0x000008d0       0x50 ./Generated_Code/Inhr1.o
 .debug_ranges  0x00000920       0x20 ./Generated_Code/PE_LDD.o
 .debug_ranges  0x00000940       0x38 ./Generated_Code/PwmLdd1.o
 .debug_ranges  0x00000978       0x30 ./Generated_Code/RealTimeLdd1.o
 .debug_ranges  0x000009a8       0x40 ./Generated_Code/TU1.o
 .debug_ranges  0x000009e8       0x38 ./Generated_Code/TU3.o
 .debug_ranges  0x00000a20       0x68 ./Generated_Code/Term1.o

.debug_macro    0x00000000    0x27f0a
 .debug_macro   0x00000000      0x434 ./Static_Code/System/CPU_Init.o
 .debug_macro   0x00000434      0x850 ./Static_Code/System/CPU_Init.o
 .debug_macro   0x00000c84       0x16 ./Static_Code/System/CPU_Init.o
 .debug_macro   0x00000c9a       0x44 ./Static_Code/System/CPU_Init.o
 .debug_macro   0x00000cde      0x209 ./Static_Code/System/CPU_Init.o
 .debug_macro   0x00000ee7     0x180f ./Static_Code/System/CPU_Init.o
 .debug_macro   0x000026f6     0xbca7 ./Static_Code/System/CPU_Init.o
 .debug_macro   0x0000e39d      0x4c6 ./Static_Code/System/CPU_Init.o
 .debug_macro   0x0000e863      0x14e ./Static_Code/System/CPU_Init.o
 .debug_macro   0x0000e9b1       0x6a ./Static_Code/System/CPU_Init.o
 .debug_macro   0x0000ea1b       0x58 ./Static_Code/System/CPU_Init.o
 .debug_macro   0x0000ea73       0x35 ./Static_Code/System/CPU_Init.o
 .debug_macro   0x0000eaa8       0xa3 ./Static_Code/System/CPU_Init.o
 .debug_macro   0x0000eb4b       0x16 ./Static_Code/System/CPU_Init.o
 .debug_macro   0x0000eb61       0x3a ./Static_Code/System/CPU_Init.o
 .debug_macro   0x0000eb9b       0x65 ./Static_Code/System/CPU_Init.o
 .debug_macro   0x0000ec00       0x1f ./Static_Code/System/CPU_Init.o
 .debug_macro   0x0000ec1f       0x94 ./Static_Code/System/CPU_Init.o
 .debug_macro   0x0000ecb3      0x12c ./Static_Code/System/CPU_Init.o
 .debug_macro   0x0000eddf       0x4c ./Static_Code/System/CPU_Init.o
 .debug_macro   0x0000ee2b       0x2d ./Static_Code/System/CPU_Init.o
 .debug_macro   0x0000ee58       0x52 ./Static_Code/System/CPU_Init.o
 .debug_macro   0x0000eeaa       0x2d ./Static_Code/System/CPU_Init.o
 .debug_macro   0x0000eed7       0x52 ./Static_Code/System/CPU_Init.o
 .debug_macro   0x0000ef29       0x2d ./Static_Code/System/CPU_Init.o
 .debug_macro   0x0000ef56      0x6a6 ./Static_Code/System/CPU_Init.o
 .debug_macro   0x0000f5fc       0x7b ./Static_Code/System/CPU_Init.o
 .debug_macro   0x0000f677       0x28 ./Static_Code/System/CPU_Init.o
 .debug_macro   0x0000f69f       0x18 ./Static_Code/System/CPU_Init.o
 .debug_macro   0x0000f6b7       0x7a ./Static_Code/System/CPU_Init.o
 .debug_macro   0x0000f731       0x3e ./Static_Code/System/CPU_Init.o
 .debug_macro   0x0000f76f       0x2c ./Static_Code/System/CPU_Init.o
 .debug_macro   0x0000f79b       0x46 ./Static_Code/System/CPU_Init.o
 .debug_macro   0x0000f7e1       0x1f ./Static_Code/System/CPU_Init.o
 .debug_macro   0x0000f800       0x52 ./Static_Code/System/CPU_Init.o
 .debug_macro   0x0000f852       0x2d ./Static_Code/System/CPU_Init.o
 .debug_macro   0x0000f87f       0x46 ./Static_Code/System/CPU_Init.o
 .debug_macro   0x0000f8c5       0x1f ./Static_Code/System/CPU_Init.o
 .debug_macro   0x0000f8e4       0x52 ./Static_Code/System/CPU_Init.o
 .debug_macro   0x0000f936       0x2d ./Static_Code/System/CPU_Init.o
 .debug_macro   0x0000f963       0x52 ./Static_Code/System/CPU_Init.o
 .debug_macro   0x0000f9b5       0x2d ./Static_Code/System/CPU_Init.o
 .debug_macro   0x0000f9e2       0x4c ./Static_Code/System/CPU_Init.o
 .debug_macro   0x0000fa2e       0x26 ./Static_Code/System/CPU_Init.o
 .debug_macro   0x0000fa54       0x4c ./Static_Code/System/CPU_Init.o
 .debug_macro   0x0000faa0       0x26 ./Static_Code/System/CPU_Init.o
 .debug_macro   0x0000fac6       0x4c ./Static_Code/System/CPU_Init.o
 .debug_macro   0x0000fb12       0x26 ./Static_Code/System/CPU_Init.o
 .debug_macro   0x0000fb38       0x4c ./Static_Code/System/CPU_Init.o
 .debug_macro   0x0000fb84       0x26 ./Static_Code/System/CPU_Init.o
 .debug_macro   0x0000fbaa       0x52 ./Static_Code/System/CPU_Init.o
 .debug_macro   0x0000fbfc       0x2d ./Static_Code/System/CPU_Init.o
 .debug_macro   0x0000fc29       0x4c ./Static_Code/System/CPU_Init.o
 .debug_macro   0x0000fc75       0x26 ./Static_Code/System/CPU_Init.o
 .debug_macro   0x0000fc9b       0x46 ./Static_Code/System/CPU_Init.o
 .debug_macro   0x0000fce1       0x1f ./Static_Code/System/CPU_Init.o
 .debug_macro   0x0000fd00       0x46 ./Static_Code/System/CPU_Init.o
 .debug_macro   0x0000fd46       0x1f ./Static_Code/System/CPU_Init.o
 .debug_macro   0x0000fd65       0x46 ./Static_Code/System/CPU_Init.o
 .debug_macro   0x0000fdab       0x1f ./Static_Code/System/CPU_Init.o
 .debug_macro   0x0000fdca       0x46 ./Static_Code/System/CPU_Init.o
 .debug_macro   0x0000fe10       0x1f ./Static_Code/System/CPU_Init.o
 .debug_macro   0x0000fe2f      0x2bf ./Static_Code/System/CPU_Init.o
 .debug_macro   0x000100ee      0x422 ./Static_Code/System/Vectors.o
 .debug_macro   0x00010510      0x4f7 ./Sources/Events.o
 .debug_macro   0x00010a07       0x34 ./Sources/Events.o
 .debug_macro   0x00010a3b      0x61c ./Sources/Events.o
 .debug_macro   0x00011057      0x328 ./Sources/Events.o
 .debug_macro   0x0001137f      0x109 ./Sources/Events.o
 .debug_macro   0x00011488      0x17f ./Sources/Events.o
 .debug_macro   0x00011607      0x202 ./Sources/Events.o
 .debug_macro   0x00011809      0x91e ./Sources/Events.o
 .debug_macro   0x00012127       0x9e ./Sources/Events.o
 .debug_macro   0x000121c5      0x1f9 ./Sources/Events.o
 .debug_macro   0x000123be      0x39c ./Sources/Events.o
 .debug_macro   0x0001275a      0x29c ./Sources/Events.o
 .debug_macro   0x000129f6      0x264 ./Sources/Events.o
 .debug_macro   0x00012c5a      0x25b ./Sources/Events.o
 .debug_macro   0x00012eb5      0x399 ./Sources/Events.o
 .debug_macro   0x0001324e      0x4f1 ./Sources/Events.o
 .debug_macro   0x0001373f      0x13f ./Sources/Events.o
 .debug_macro   0x0001387e       0x6c ./Sources/Events.o
 .debug_macro   0x000138ea      0x30d ./Sources/Events.o
 .debug_macro   0x00013bf7       0xbb ./Sources/Events.o
 .debug_macro   0x00013cb2       0xe9 ./Sources/Events.o
 .debug_macro   0x00013d9b      0x4ea ./Sources/Events.o
 .debug_macro   0x00014285      0x18f ./Sources/Events.o
 .debug_macro   0x00014414       0xea ./Sources/Events.o
 .debug_macro   0x000144fe      0x344 ./Sources/Events.o
 .debug_macro   0x00014842      0x824 ./Sources/Events.o
 .debug_macro   0x00015066      0x179 ./Sources/Events.o
 .debug_macro   0x000151df      0x9e2 ./Sources/Events.o
 .debug_macro   0x00015bc1      0x129 ./Sources/Events.o
 .debug_macro   0x00015cea      0x648 ./Sources/Events.o
 .debug_macro   0x00016332       0x81 ./Sources/Events.o
 .debug_macro   0x000163b3      0x7bf ./Sources/Events.o
 .debug_macro   0x00016b72      0x66f ./Sources/Events.o
 .debug_macro   0x000171e1       0x7b ./Sources/Events.o
 .debug_macro   0x0001725c      0x182 ./Sources/Events.o
 .debug_macro   0x000173de      0x5d5 ./Sources/drawShapes.o
 .debug_macro   0x000179b3      0x166 ./Sources/drawShapes.o
 .debug_macro   0x00017b19       0x52 ./Sources/drawShapes.o
 .debug_macro   0x00017b6b       0x16 ./Sources/drawShapes.o
 .debug_macro   0x00017b81       0x43 ./Sources/drawShapes.o
 .debug_macro   0x00017bc4      0x180 ./Sources/drawShapes.o
 .debug_macro   0x00017d44      0x2a6 ./Sources/drawShapes.o
 .debug_macro   0x00017fea       0x10 ./Sources/drawShapes.o
 .debug_macro   0x00017ffa       0x35 ./Sources/drawShapes.o
 .debug_macro   0x0001802f       0x1c ./Sources/drawShapes.o
 .debug_macro   0x0001804b       0x10 ./Sources/drawShapes.o
 .debug_macro   0x0001805b       0x10 ./Sources/drawShapes.o
 .debug_macro   0x0001806b       0x22 ./Sources/drawShapes.o
 .debug_macro   0x0001808d       0xbd ./Sources/drawShapes.o
 .debug_macro   0x0001814a       0x16 ./Sources/drawShapes.o
 .debug_macro   0x00018160      0x14a ./Sources/drawShapes.o
 .debug_macro   0x000182aa       0xde ./Sources/drawShapes.o
 .debug_macro   0x00018388      0x582 ./Sources/main.o
 .debug_macro   0x0001890a      0x56e ./Sources/utilities.o
 .debug_macro   0x00018e78      0x121 ./Project_Settings/Startup_Code/startup.o
 .debug_macro   0x00018f99       0x4a ./Project_Settings/Startup_Code/startup.o
 .debug_macro   0x00018fe3       0x16 ./Project_Settings/Startup_Code/startup.o
 .debug_macro   0x00018ff9       0x22 ./Project_Settings/Startup_Code/startup.o
 .debug_macro   0x0001901b       0x10 ./Project_Settings/Startup_Code/startup.o
 .debug_macro   0x0001902b      0x20f ./Project_Settings/Startup_Code/startup.o
 .debug_macro   0x0001923a     0xbc9b ./Project_Settings/Startup_Code/startup.o
 .debug_macro   0x00024ed5      0x113 ./Generated_Code/ASerialLdd1.o
 .debug_macro   0x00024fe8       0x5f ./Generated_Code/ASerialLdd1.o
 .debug_macro   0x00025047       0x25 ./Generated_Code/ASerialLdd1.o
 .debug_macro   0x0002506c      0x7b9 ./Generated_Code/ASerialLdd1.o
 .debug_macro   0x00025825       0xfa ./Generated_Code/BitIoLdd1.o
 .debug_macro   0x0002591f       0xfa ./Generated_Code/BitIoLdd10.o
 .debug_macro   0x00025a19       0x46 ./Generated_Code/BitIoLdd10.o
 .debug_macro   0x00025a5f       0xfa ./Generated_Code/BitIoLdd11.o
 .debug_macro   0x00025b59       0x46 ./Generated_Code/BitIoLdd11.o
 .debug_macro   0x00025b9f       0xfa ./Generated_Code/BitIoLdd12.o
 .debug_macro   0x00025c99       0x40 ./Generated_Code/BitIoLdd12.o
 .debug_macro   0x00025cd9       0xfa ./Generated_Code/BitIoLdd13.o
 .debug_macro   0x00025dd3       0x40 ./Generated_Code/BitIoLdd13.o
 .debug_macro   0x00025e13       0xfa ./Generated_Code/BitIoLdd14.o
 .debug_macro   0x00025f0d       0x40 ./Generated_Code/BitIoLdd14.o
 .debug_macro   0x00025f4d       0xfa ./Generated_Code/BitIoLdd15.o
 .debug_macro   0x00026047       0x46 ./Generated_Code/BitIoLdd15.o
 .debug_macro   0x0002608d       0xfa ./Generated_Code/BitIoLdd16.o
 .debug_macro   0x00026187       0x4c ./Generated_Code/BitIoLdd16.o
 .debug_macro   0x000261d3       0xfa ./Generated_Code/BitIoLdd17.o
 .debug_macro   0x000262cd       0x46 ./Generated_Code/BitIoLdd17.o
 .debug_macro   0x00026313       0xfa ./Generated_Code/BitIoLdd18.o
 .debug_macro   0x0002640d       0x40 ./Generated_Code/BitIoLdd18.o
 .debug_macro   0x0002644d       0xfa ./Generated_Code/BitIoLdd2.o
 .debug_macro   0x00026547       0x4c ./Generated_Code/BitIoLdd2.o
 .debug_macro   0x00026593       0xfa ./Generated_Code/BitIoLdd3.o
 .debug_macro   0x0002668d       0x4c ./Generated_Code/BitIoLdd3.o
 .debug_macro   0x000266d9       0xfa ./Generated_Code/BitIoLdd4.o
 .debug_macro   0x000267d3       0x40 ./Generated_Code/BitIoLdd4.o
 .debug_macro   0x00026813       0xfa ./Generated_Code/BitIoLdd5.o
 .debug_macro   0x0002690d       0x40 ./Generated_Code/BitIoLdd5.o
 .debug_macro   0x0002694d       0xfa ./Generated_Code/BitIoLdd6.o
 .debug_macro   0x00026a47       0x4c ./Generated_Code/BitIoLdd6.o
 .debug_macro   0x00026a93       0xfa ./Generated_Code/BitIoLdd7.o
 .debug_macro   0x00026b8d       0x4c ./Generated_Code/BitIoLdd7.o
 .debug_macro   0x00026bd9       0xfa ./Generated_Code/BitIoLdd8.o
 .debug_macro   0x00026cd3       0x4c ./Generated_Code/BitIoLdd8.o
 .debug_macro   0x00026d1f       0xfa ./Generated_Code/BitIoLdd9.o
 .debug_macro   0x00026e19       0x46 ./Generated_Code/BitIoLdd9.o
 .debug_macro   0x00026e5f      0x3d5 ./Generated_Code/Cpu.o
 .debug_macro   0x00027234      0x443 ./Generated_Code/Inhr1.o
 .debug_macro   0x00027677      0x350 ./Generated_Code/PE_LDD.o
 .debug_macro   0x000279c7      0x10f ./Generated_Code/PwmLdd1.o
 .debug_macro   0x00027ad6      0x10f ./Generated_Code/RealTimeLdd1.o
 .debug_macro   0x00027be5      0x117 ./Generated_Code/TU1.o
 .debug_macro   0x00027cfc      0x108 ./Generated_Code/TU3.o
 .debug_macro   0x00027e04      0x106 ./Generated_Code/Term1.o

.debug_line     0x00000000     0xa1a2
 .debug_line    0x00000000      0x721 ./Static_Code/System/CPU_Init.o
 .debug_line    0x00000721      0xcc0 ./Static_Code/System/Vectors.o
 .debug_line    0x000013e1      0x769 ./Sources/Events.o
 .debug_line    0x00001b4a      0xa3f ./Sources/drawShapes.o
 .debug_line    0x00002589      0x826 ./Sources/main.o
 .debug_line    0x00002daf      0x9f0 ./Sources/utilities.o
 .debug_line    0x0000379f      0x3a8 ./Project_Settings/Startup_Code/startup.o
 .debug_line    0x00003b47      0x413 ./Generated_Code/ASerialLdd1.o
 .debug_line    0x00003f5a      0x36e ./Generated_Code/BitIoLdd1.o
 .debug_line    0x000042c8      0x35e ./Generated_Code/BitIoLdd10.o
 .debug_line    0x00004626      0x35e ./Generated_Code/BitIoLdd11.o
 .debug_line    0x00004984      0x348 ./Generated_Code/BitIoLdd12.o
 .debug_line    0x00004ccc      0x348 ./Generated_Code/BitIoLdd13.o
 .debug_line    0x00005014      0x348 ./Generated_Code/BitIoLdd14.o
 .debug_line    0x0000535c      0x35a ./Generated_Code/BitIoLdd15.o
 .debug_line    0x000056b6      0x370 ./Generated_Code/BitIoLdd16.o
 .debug_line    0x00005a26      0x35a ./Generated_Code/BitIoLdd17.o
 .debug_line    0x00005d80      0x348 ./Generated_Code/BitIoLdd18.o
 .debug_line    0x000060c8      0x36e ./Generated_Code/BitIoLdd2.o
 .debug_line    0x00006436      0x36e ./Generated_Code/BitIoLdd3.o
 .debug_line    0x000067a4      0x346 ./Generated_Code/BitIoLdd4.o
 .debug_line    0x00006aea      0x346 ./Generated_Code/BitIoLdd5.o
 .debug_line    0x00006e30      0x36e ./Generated_Code/BitIoLdd6.o
 .debug_line    0x0000719e      0x36e ./Generated_Code/BitIoLdd7.o
 .debug_line    0x0000750c      0x36e ./Generated_Code/BitIoLdd8.o
 .debug_line    0x0000787a      0x35c ./Generated_Code/BitIoLdd9.o
 .debug_line    0x00007bd6      0x612 ./Generated_Code/Cpu.o
 .debug_line    0x000081e8      0x731 ./Generated_Code/Inhr1.o
 .debug_line    0x00008919      0x5c5 ./Generated_Code/PE_LDD.o
 .debug_line    0x00008ede      0x377 ./Generated_Code/PwmLdd1.o
 .debug_line    0x00009255      0x3a4 ./Generated_Code/RealTimeLdd1.o
 .debug_line    0x000095f9      0x3af ./Generated_Code/TU1.o
 .debug_line    0x000099a8      0x394 ./Generated_Code/TU3.o
 .debug_line    0x00009d3c      0x466 ./Generated_Code/Term1.o

.debug_str      0x00000000    0xc21e9
 .debug_str     0x00000000    0x5b6ce ./Static_Code/System/CPU_Init.o
                              0x5b87e (size before relaxing)
 .debug_str     0x0005b6ce      0x980 ./Static_Code/System/Vectors.o
                              0x5bc9f (size before relaxing)
 .debug_str     0x0005c04e    0x612d9 ./Sources/Events.o
                              0xbb7f0 (size before relaxing)
 .debug_str     0x000bd327     0x3152 ./Sources/drawShapes.o
                              0xbe971 (size before relaxing)
 .debug_str     0x000c0479       0x33 ./Sources/main.o
                              0xbd876 (size before relaxing)
 .debug_str     0x000c04ac       0xce ./Sources/utilities.o
                              0xbd969 (size before relaxing)
 .debug_str     0x000c057a      0x186 ./Project_Settings/Startup_Code/startup.o
                              0x45bb2 (size before relaxing)
 .debug_str     0x000c0700      0x3c2 ./Generated_Code/ASerialLdd1.o
                              0x5b7ad (size before relaxing)
 .debug_str     0x000c0ac2      0x109 ./Generated_Code/BitIoLdd1.o
                              0x4d683 (size before relaxing)
 .debug_str     0x000c0bcb       0xba ./Generated_Code/BitIoLdd10.o
                              0x4d667 (size before relaxing)
 .debug_str     0x000c0c85       0xba ./Generated_Code/BitIoLdd11.o
                              0x4d667 (size before relaxing)
 .debug_str     0x000c0d3f       0xa8 ./Generated_Code/BitIoLdd12.o
                              0x4d635 (size before relaxing)
 .debug_str     0x000c0de7       0xa8 ./Generated_Code/BitIoLdd13.o
                              0x4d635 (size before relaxing)
 .debug_str     0x000c0e8f       0xa8 ./Generated_Code/BitIoLdd14.o
                              0x4d633 (size before relaxing)
 .debug_str     0x000c0f37       0xba ./Generated_Code/BitIoLdd15.o
                              0x4d667 (size before relaxing)
 .debug_str     0x000c0ff1       0xcc ./Generated_Code/BitIoLdd16.o
                              0x4d69b (size before relaxing)
 .debug_str     0x000c10bd       0xba ./Generated_Code/BitIoLdd17.o
                              0x4d66d (size before relaxing)
 .debug_str     0x000c1177       0xa8 ./Generated_Code/BitIoLdd18.o
                              0x4d635 (size before relaxing)
 .debug_str     0x000c121f       0xc2 ./Generated_Code/BitIoLdd2.o
                              0x4d685 (size before relaxing)
 .debug_str     0x000c12e1       0xc2 ./Generated_Code/BitIoLdd3.o
                              0x4d683 (size before relaxing)
 .debug_str     0x000c13a3       0xa0 ./Generated_Code/BitIoLdd4.o
                              0x4d61f (size before relaxing)
 .debug_str     0x000c1443       0xa0 ./Generated_Code/BitIoLdd5.o
                              0x4d61f (size before relaxing)
 .debug_str     0x000c14e3       0xc2 ./Generated_Code/BitIoLdd6.o
                              0x4d683 (size before relaxing)
 .debug_str     0x000c15a5       0xc2 ./Generated_Code/BitIoLdd7.o
                              0x4d683 (size before relaxing)
 .debug_str     0x000c1667       0xc2 ./Generated_Code/BitIoLdd8.o
                              0x4d683 (size before relaxing)
 .debug_str     0x000c1729       0xb1 ./Generated_Code/BitIoLdd9.o
                              0x4d651 (size before relaxing)
 .debug_str     0x000c17da       0x28 ./Generated_Code/Cpu.o
                              0x5a2f6 (size before relaxing)
 .debug_str     0x000c1802      0x24f ./Generated_Code/Inhr1.o
                              0x5a5c6 (size before relaxing)
 .debug_str     0x000c1a51      0x166 ./Generated_Code/PE_LDD.o
                              0x5a48f (size before relaxing)
 .debug_str     0x000c1bb7       0xe1 ./Generated_Code/PwmLdd1.o
                              0x55bb7 (size before relaxing)
 .debug_str     0x000c1c98       0xe1 ./Generated_Code/RealTimeLdd1.o
                              0x55bdb (size before relaxing)
 .debug_str     0x000c1d79      0x21e ./Generated_Code/TU1.o
                              0x55e08 (size before relaxing)
 .debug_str     0x000c1f97      0x153 ./Generated_Code/TU3.o
                              0x55c9e (size before relaxing)
 .debug_str     0x000c20ea       0xff ./Generated_Code/Term1.o
                              0x4c8a0 (size before relaxing)

.comment        0x00000000       0x70
 .comment       0x00000000       0x70 ./Static_Code/System/CPU_Init.o
                                 0x71 (size before relaxing)
 .comment       0x00000000       0x71 ./Static_Code/System/Vectors.o
 .comment       0x00000000       0x71 ./Sources/Events.o
 .comment       0x00000000       0x71 ./Sources/drawShapes.o
 .comment       0x00000000       0x71 ./Sources/main.o
 .comment       0x00000000       0x71 ./Sources/utilities.o
 .comment       0x00000000       0x71 ./Project_Settings/Startup_Code/startup.o
 .comment       0x00000000       0x71 ./Generated_Code/ASerialLdd1.o
 .comment       0x00000000       0x71 ./Generated_Code/BitIoLdd1.o
 .comment       0x00000000       0x71 ./Generated_Code/BitIoLdd10.o
 .comment       0x00000000       0x71 ./Generated_Code/BitIoLdd11.o
 .comment       0x00000000       0x71 ./Generated_Code/BitIoLdd12.o
 .comment       0x00000000       0x71 ./Generated_Code/BitIoLdd13.o
 .comment       0x00000000       0x71 ./Generated_Code/BitIoLdd14.o
 .comment       0x00000000       0x71 ./Generated_Code/BitIoLdd15.o
 .comment       0x00000000       0x71 ./Generated_Code/BitIoLdd16.o
 .comment       0x00000000       0x71 ./Generated_Code/BitIoLdd17.o
 .comment       0x00000000       0x71 ./Generated_Code/BitIoLdd18.o
 .comment       0x00000000       0x71 ./Generated_Code/BitIoLdd2.o
 .comment       0x00000000       0x71 ./Generated_Code/BitIoLdd3.o
 .comment       0x00000000       0x71 ./Generated_Code/BitIoLdd4.o
 .comment       0x00000000       0x71 ./Generated_Code/BitIoLdd5.o
 .comment       0x00000000       0x71 ./Generated_Code/BitIoLdd6.o
 .comment       0x00000000       0x71 ./Generated_Code/BitIoLdd7.o
 .comment       0x00000000       0x71 ./Generated_Code/BitIoLdd8.o
 .comment       0x00000000       0x71 ./Generated_Code/BitIoLdd9.o
 .comment       0x00000000       0x71 ./Generated_Code/Cpu.o
 .comment       0x00000000       0x71 ./Generated_Code/Inhr1.o
 .comment       0x00000000       0x71 ./Generated_Code/PE_LDD.o
 .comment       0x00000000       0x71 ./Generated_Code/PwmLdd1.o
 .comment       0x00000000       0x71 ./Generated_Code/RealTimeLdd1.o
 .comment       0x00000000       0x71 ./Generated_Code/TU1.o
 .comment       0x00000000       0x71 ./Generated_Code/TU3.o
 .comment       0x00000000       0x71 ./Generated_Code/Term1.o

.debug_frame    0x00000000     0x26d8
 .debug_frame   0x00000000       0x9c ./Static_Code/System/CPU_Init.o
 .debug_frame   0x0000009c      0xcb0 ./Static_Code/System/Vectors.o
 .debug_frame   0x00000d4c       0x60 ./Sources/Events.o
 .debug_frame   0x00000dac       0xb4 ./Sources/drawShapes.o
 .debug_frame   0x00000e60       0x30 ./Sources/main.o
 .debug_frame   0x00000e90      0x1d0 ./Sources/utilities.o
 .debug_frame   0x00001060       0xc0 ./Project_Settings/Startup_Code/startup.o
 .debug_frame   0x00001120       0xec ./Generated_Code/ASerialLdd1.o
 .debug_frame   0x0000120c       0xd4 ./Generated_Code/BitIoLdd1.o
 .debug_frame   0x000012e0       0xb8 ./Generated_Code/BitIoLdd10.o
 .debug_frame   0x00001398       0xb8 ./Generated_Code/BitIoLdd11.o
 .debug_frame   0x00001450       0x9c ./Generated_Code/BitIoLdd12.o
 .debug_frame   0x000014ec       0x9c ./Generated_Code/BitIoLdd13.o
 .debug_frame   0x00001588       0x9c ./Generated_Code/BitIoLdd14.o
 .debug_frame   0x00001624       0xb8 ./Generated_Code/BitIoLdd15.o
 .debug_frame   0x000016dc       0xd4 ./Generated_Code/BitIoLdd16.o
 .debug_frame   0x000017b0       0xb8 ./Generated_Code/BitIoLdd17.o
 .debug_frame   0x00001868       0x9c ./Generated_Code/BitIoLdd18.o
 .debug_frame   0x00001904       0xd4 ./Generated_Code/BitIoLdd2.o
 .debug_frame   0x000019d8       0xd4 ./Generated_Code/BitIoLdd3.o
 .debug_frame   0x00001aac       0x9c ./Generated_Code/BitIoLdd4.o
 .debug_frame   0x00001b48       0x9c ./Generated_Code/BitIoLdd5.o
 .debug_frame   0x00001be4       0xd4 ./Generated_Code/BitIoLdd6.o
 .debug_frame   0x00001cb8       0xd4 ./Generated_Code/BitIoLdd7.o
 .debug_frame   0x00001d8c       0xd4 ./Generated_Code/BitIoLdd8.o
 .debug_frame   0x00001e60       0xb8 ./Generated_Code/BitIoLdd9.o
 .debug_frame   0x00001f18       0x50 ./Generated_Code/Cpu.o
 .debug_frame   0x00001f68      0x118 ./Generated_Code/Inhr1.o
 .debug_frame   0x00002080       0x64 ./Generated_Code/PE_LDD.o
 .debug_frame   0x000020e4       0xd0 ./Generated_Code/PwmLdd1.o
 .debug_frame   0x000021b4       0xa8 ./Generated_Code/RealTimeLdd1.o
 .debug_frame   0x0000225c       0xdc ./Generated_Code/TU1.o
 .debug_frame   0x00002338       0xb8 ./Generated_Code/TU3.o
 .debug_frame   0x000023f0      0x178 ./Generated_Code/Term1.o
 .debug_frame   0x00002568       0x38 c:/freescale/kds_v3/toolchain/bin/../lib/gcc/arm-none-eabi/4.8.4/../../../../arm-none-eabi/lib/armv7e-m/fpu\libm.a(lib_a-w_sqrt.o)
 .debug_frame   0x000025a0       0x3c c:/freescale/kds_v3/toolchain/bin/../lib/gcc/arm-none-eabi/4.8.4/../../../../arm-none-eabi/lib/armv7e-m/fpu\libm.a(lib_a-e_sqrt.o)
 .debug_frame   0x000025dc       0x28 c:/freescale/kds_v3/toolchain/bin/../lib/gcc/arm-none-eabi/4.8.4/../../../../arm-none-eabi/lib/armv7e-m/fpu\libm.a(lib_a-s_fpclassify.o)
 .debug_frame   0x00002604       0x20 c:/freescale/kds_v3/toolchain/bin/../lib/gcc/arm-none-eabi/4.8.4/../../../../arm-none-eabi/lib/armv7e-m/fpu\libm.a(lib_a-s_matherr.o)
 .debug_frame   0x00002624       0x20 c:/freescale/kds_v3/toolchain/bin/../lib/gcc/arm-none-eabi/4.8.4/../../../../arm-none-eabi/lib/armv7e-m/fpu\libg_s.a(lib_a-errno.o)
 .debug_frame   0x00002644       0x28 c:/freescale/kds_v3/toolchain/bin/../lib/gcc/arm-none-eabi/4.8.4/../../../../arm-none-eabi/lib/armv7e-m/fpu\libg_s.a(lib_a-exit.o)
 .debug_frame   0x0000266c       0x2c c:/freescale/kds_v3/toolchain/bin/../lib/gcc/arm-none-eabi/4.8.4/../../../../arm-none-eabi/lib/armv7e-m/fpu\libg_s.a(lib_a-init.o)
 .debug_frame   0x00002698       0x20 c:/freescale/kds_v3/toolchain/bin/../lib/gcc/arm-none-eabi/4.8.4/../../../../arm-none-eabi/lib/armv7e-m/fpu\libg_s.a(lib_a-memset.o)
 .debug_frame   0x000026b8       0x20 c:/freescale/kds_v3/toolchain/bin/../lib/gcc/arm-none-eabi/4.8.4/../../../../arm-none-eabi/lib/armv7e-m/fpu\libnosys.a(_exit.o)
