Archive member included because of file (symbol)

c:/freescale/kds_v3/toolchain/bin/../lib/gcc/arm-none-eabi/4.8.4/../../../../arm-none-eabi/lib/armv7e-m/fpu\libm.a(lib_a-w_sqrt.o)
                              ./Sources/drawShapes.o (sqrt)
c:/freescale/kds_v3/toolchain/bin/../lib/gcc/arm-none-eabi/4.8.4/../../../../arm-none-eabi/lib/armv7e-m/fpu\libm.a(lib_a-e_sqrt.o)
                              c:/freescale/kds_v3/toolchain/bin/../lib/gcc/arm-none-eabi/4.8.4/../../../../arm-none-eabi/lib/armv7e-m/fpu\libm.a(lib_a-w_sqrt.o) (__ieee754_sqrt)
c:/freescale/kds_v3/toolchain/bin/../lib/gcc/arm-none-eabi/4.8.4/../../../../arm-none-eabi/lib/armv7e-m/fpu\libm.a(lib_a-s_fpclassify.o)
                              c:/freescale/kds_v3/toolchain/bin/../lib/gcc/arm-none-eabi/4.8.4/../../../../arm-none-eabi/lib/armv7e-m/fpu\libm.a(lib_a-w_sqrt.o) (__fpclassifyd)
c:/freescale/kds_v3/toolchain/bin/../lib/gcc/arm-none-eabi/4.8.4/../../../../arm-none-eabi/lib/armv7e-m/fpu\libm.a(lib_a-s_lib_ver.o)
                              c:/freescale/kds_v3/toolchain/bin/../lib/gcc/arm-none-eabi/4.8.4/../../../../arm-none-eabi/lib/armv7e-m/fpu\libm.a(lib_a-w_sqrt.o) (__fdlib_version)
c:/freescale/kds_v3/toolchain/bin/../lib/gcc/arm-none-eabi/4.8.4/../../../../arm-none-eabi/lib/armv7e-m/fpu\libm.a(lib_a-s_matherr.o)
                              c:/freescale/kds_v3/toolchain/bin/../lib/gcc/arm-none-eabi/4.8.4/../../../../arm-none-eabi/lib/armv7e-m/fpu\libm.a(lib_a-w_sqrt.o) (matherr)
c:/freescale/kds_v3/toolchain/bin/../lib/gcc/arm-none-eabi/4.8.4/armv7e-m/fpu\libgcc.a(_arm_addsubdf3.o)
                              c:/freescale/kds_v3/toolchain/bin/../lib/gcc/arm-none-eabi/4.8.4/../../../../arm-none-eabi/lib/armv7e-m/fpu\libm.a(lib_a-e_sqrt.o) (__aeabi_dsub)
c:/freescale/kds_v3/toolchain/bin/../lib/gcc/arm-none-eabi/4.8.4/armv7e-m/fpu\libgcc.a(_arm_muldivdf3.o)
                              c:/freescale/kds_v3/toolchain/bin/../lib/gcc/arm-none-eabi/4.8.4/../../../../arm-none-eabi/lib/armv7e-m/fpu\libm.a(lib_a-e_sqrt.o) (__aeabi_dmul)
c:/freescale/kds_v3/toolchain/bin/../lib/gcc/arm-none-eabi/4.8.4/armv7e-m/fpu\libgcc.a(_arm_cmpdf2.o)
                              c:/freescale/kds_v3/toolchain/bin/../lib/gcc/arm-none-eabi/4.8.4/../../../../arm-none-eabi/lib/armv7e-m/fpu\libm.a(lib_a-w_sqrt.o) (__aeabi_dcmplt)
c:/freescale/kds_v3/toolchain/bin/../lib/gcc/arm-none-eabi/4.8.4/armv7e-m/fpu\libgcc.a(_arm_fixdfsi.o)
                              ./Sources/drawShapes.o (__aeabi_d2iz)
c:/freescale/kds_v3/toolchain/bin/../lib/gcc/arm-none-eabi/4.8.4/../../../../arm-none-eabi/lib/armv7e-m/fpu\libg_s.a(lib_a-errno.o)
                              c:/freescale/kds_v3/toolchain/bin/../lib/gcc/arm-none-eabi/4.8.4/../../../../arm-none-eabi/lib/armv7e-m/fpu\libm.a(lib_a-w_sqrt.o) (__errno)
c:/freescale/kds_v3/toolchain/bin/../lib/gcc/arm-none-eabi/4.8.4/../../../../arm-none-eabi/lib/armv7e-m/fpu\libg_s.a(lib_a-exit.o)
                              c:/freescale/kds_v3/toolchain/bin/../lib/gcc/arm-none-eabi/4.8.4/../../../../arm-none-eabi/lib/armv7e-m/fpu/crt0.o (exit)
c:/freescale/kds_v3/toolchain/bin/../lib/gcc/arm-none-eabi/4.8.4/../../../../arm-none-eabi/lib/armv7e-m/fpu\libg_s.a(lib_a-impure.o)
                              c:/freescale/kds_v3/toolchain/bin/../lib/gcc/arm-none-eabi/4.8.4/../../../../arm-none-eabi/lib/armv7e-m/fpu\libg_s.a(lib_a-exit.o) (_global_impure_ptr)
c:/freescale/kds_v3/toolchain/bin/../lib/gcc/arm-none-eabi/4.8.4/../../../../arm-none-eabi/lib/armv7e-m/fpu\libg_s.a(lib_a-init.o)
                              c:/freescale/kds_v3/toolchain/bin/../lib/gcc/arm-none-eabi/4.8.4/../../../../arm-none-eabi/lib/armv7e-m/fpu/crt0.o (__libc_init_array)
c:/freescale/kds_v3/toolchain/bin/../lib/gcc/arm-none-eabi/4.8.4/../../../../arm-none-eabi/lib/armv7e-m/fpu\libg_s.a(lib_a-memset.o)
                              c:/freescale/kds_v3/toolchain/bin/../lib/gcc/arm-none-eabi/4.8.4/../../../../arm-none-eabi/lib/armv7e-m/fpu/crt0.o (memset)
c:/freescale/kds_v3/toolchain/bin/../lib/gcc/arm-none-eabi/4.8.4/../../../../arm-none-eabi/lib/armv7e-m/fpu\libnosys.a(_exit.o)
                              c:/freescale/kds_v3/toolchain/bin/../lib/gcc/arm-none-eabi/4.8.4/../../../../arm-none-eabi/lib/armv7e-m/fpu\libg_s.a(lib_a-exit.o) (_exit)

Allocating common symbols
Common symbol       size              file

ASerialLdd1_DeviceDataPtr
                    0x4               ./Generated_Code/Inhr1.o
i                   0x4               ./Sources/drawShapes.o
SR_reg              0x1               ./Static_Code/System/CPU_Init.o

Discarded input sections

 .text          0x00000000        0x0 c:/freescale/kds_v3/toolchain/bin/../lib/gcc/arm-none-eabi/4.8.4/armv7e-m/fpu/crti.o
 .data          0x00000000        0x0 c:/freescale/kds_v3/toolchain/bin/../lib/gcc/arm-none-eabi/4.8.4/armv7e-m/fpu/crti.o
[...]
Memory Configuration

Name             Origin             Length             Attributes
m_interrupts     0x00000000         0x00000198         xr
m_text           0x00000410         0x0007fbf0         xr
m_data           0x1fff0000         0x00010000         rw
m_data_20000000  0x20000000         0x00010000         rw
m_cfmprotrom     0x00000400         0x00000010         xr
*default*        0x00000000         0xffffffff

Linker script and memory map

LOAD c:/freescale/kds_v3/toolchain/bin/../lib/gcc/arm-none-eabi/4.8.4/armv7e-m/fpu/crti.o
LOAD c:/freescale/kds_v3/toolchain/bin/../lib/gcc/arm-none-eabi/4.8.4/armv7e-m/fpu/crtbegin.o
LOAD c:/freescale/kds_v3/toolchain/bin/../lib/gcc/arm-none-eabi/4.8.4/../../../../arm-none-eabi/lib/armv7e-m/fpu/crt0.o
LOAD ./Static_Code/System/CPU_Init.o
LOAD ./Static_Code/System/Peripherals_Init.o
LOAD ./Static_Code/System/Vectors.o
LOAD ./Sources/Events.o
LOAD ./Sources/drawShapes.o
LOAD ./Sources/main.o
LOAD ./Sources/utilities.o
LOAD ./Project_Settings/Startup_Code/startup.o
LOAD ./Generated_Code/ASerialLdd1.o
LOAD ./Generated_Code/BitIoLdd1.o
LOAD ./Generated_Code/BitIoLdd10.o
LOAD ./Generated_Code/BitIoLdd11.o
LOAD ./Generated_Code/BitIoLdd12.o
LOAD ./Generated_Code/BitIoLdd13.o
LOAD ./Generated_Code/BitIoLdd14.o
LOAD ./Generated_Code/BitIoLdd15.o
LOAD ./Generated_Code/BitIoLdd16.o
LOAD ./Generated_Code/BitIoLdd17.o
LOAD ./Generated_Code/BitIoLdd18.o
LOAD ./Generated_Code/BitIoLdd2.o
LOAD ./Generated_Code/BitIoLdd3.o
LOAD ./Generated_Code/BitIoLdd4.o
LOAD ./Generated_Code/BitIoLdd5.o
LOAD ./Generated_Code/BitIoLdd6.o
LOAD ./Generated_Code/BitIoLdd7.o
LOAD ./Generated_Code/BitIoLdd8.o
LOAD ./Generated_Code/BitIoLdd9.o
LOAD ./Generated_Code/Blue_LED.o
LOAD ./Generated_Code/Cpu.o
LOAD ./Generated_Code/Dir_x.o
LOAD ./Generated_Code/Dir_y.o
LOAD ./Generated_Code/Dir_z.o
LOAD ./Generated_Code/FC321.o
LOAD ./Generated_Code/Green_LED.o
LOAD ./Generated_Code/Inhr1.o
LOAD ./Generated_Code/Mode_1.o
LOAD ./Generated_Code/Mode_2.o
LOAD ./Generated_Code/Mode_3.o
LOAD ./Generated_Code/PE_LDD.o
LOAD ./Generated_Code/PWM1.o
LOAD ./Generated_Code/Pins1.o
LOAD ./Generated_Code/PwmLdd1.o
LOAD ./Generated_Code/RealTimeLdd1.o
LOAD ./Generated_Code/Red_LED.o
LOAD ./Generated_Code/Reset_x.o
LOAD ./Generated_Code/Reset_y.o
LOAD ./Generated_Code/Reset_z.o
LOAD ./Generated_Code/Sleep_x.o
LOAD ./Generated_Code/Sleep_y.o
LOAD ./Generated_Code/Sleep_z.o
LOAD ./Generated_Code/TU1.o
LOAD ./Generated_Code/TU3.o
LOAD ./Generated_Code/Term1.o
LOAD ./Generated_Code/x_step.o
LOAD ./Generated_Code/y_step.o
LOAD ./Generated_Code/z_step.o
LOAD c:/freescale/kds_v3/toolchain/bin/../lib/gcc/arm-none-eabi/4.8.4/../../../../arm-none-eabi/lib/armv7e-m/fpu\libstdc++_s.a
LOAD c:/freescale/kds_v3/toolchain/bin/../lib/gcc/arm-none-eabi/4.8.4/../../../../arm-none-eabi/lib/armv7e-m/fpu\libm.a
START GROUP
LOAD c:/freescale/kds_v3/toolchain/bin/../lib/gcc/arm-none-eabi/4.8.4/armv7e-m/fpu\libgcc.a
LOAD c:/freescale/kds_v3/toolchain/bin/../lib/gcc/arm-none-eabi/4.8.4/../../../../arm-none-eabi/lib/armv7e-m/fpu\libg_s.a
LOAD c:/freescale/kds_v3/toolchain/bin/../lib/gcc/arm-none-eabi/4.8.4/../../../../arm-none-eabi/lib/armv7e-m/fpu\libc_s.a
END GROUP
START GROUP
LOAD c:/freescale/kds_v3/toolchain/bin/../lib/gcc/arm-none-eabi/4.8.4/armv7e-m/fpu\libgcc.a
LOAD c:/freescale/kds_v3/toolchain/bin/../lib/gcc/arm-none-eabi/4.8.4/../../../../arm-none-eabi/lib/armv7e-m/fpu\libc_s.a
LOAD c:/freescale/kds_v3/toolchain/bin/../lib/gcc/arm-none-eabi/4.8.4/../../../../arm-none-eabi/lib/armv7e-m/fpu\libnosys.a
END GROUP
START GROUP
LOAD c:/freescale/kds_v3/toolchain/bin/../lib/gcc/arm-none-eabi/4.8.4/armv7e-m/fpu\libgcc.a
LOAD c:/freescale/kds_v3/toolchain/bin/../lib/gcc/arm-none-eabi/4.8.4/../../../../arm-none-eabi/lib/armv7e-m/fpu\libc_s.a
LOAD c:/freescale/kds_v3/toolchain/bin/../lib/gcc/arm-none-eabi/4.8.4/../../../../arm-none-eabi/lib/armv7e-m/fpu\libnosys.a
END GROUP
LOAD c:/freescale/kds_v3/toolchain/bin/../lib/gcc/arm-none-eabi/4.8.4/armv7e-m/fpu/crtend.o
LOAD c:/freescale/kds_v3/toolchain/bin/../lib/gcc/arm-none-eabi/4.8.4/armv7e-m/fpu/crtn.o
                0x20000000                _estack = 0x20000000
                0x20000000                __SP_INIT = _estack
                0x20000000                __stack = _estack
                0x00000000                __heap_size = 0x0
                0x00000400                __stack_size = 0x400

.interrupts     0x00000000      0x198
                0x00000000                __vector_table = .
                0x00000000                . = ALIGN (0x4)
 *(.vectortable)
 .vectortable   0x00000000      0x198 ./Static_Code/System/Vectors.o
                0x00000000                __vect_table
                0x00000198                . = ALIGN (0x4)

.cfmprotect     0x00000400       0x10
                0x00000400                . = ALIGN (0x4)
 *(.cfmconfig)
 .cfmconfig     0x00000400       0x10 ./Static_Code/System/CPU_Init.o
                0x00000400                _cfm
                0x00000410                . = ALIGN (0x4)

.text           0x00000410     0x353c
                0x00000410                . = ALIGN (0x4)
 *(.text)
 .text          0x00000410       0x54 c:/freescale/kds_v3/toolchain/bin/../lib/gcc/arm-none-eabi/4.8.4/armv7e-m/fpu/crtbegin.o
 .text          0x00000464       0x74 c:/freescale/kds_v3/toolchain/bin/../lib/gcc/arm-none-eabi/4.8.4/../../../../arm-none-eabi/lib/armv7e-m/fpu/crt0.o
                0x00000464                _start
                0x00000464                _mainCRTStartup
 *(.text*)
 .text.CPU_SetBASEPRI
                0x000004d8       0x18 ./Static_Code/System/CPU_Init.o
                0x000004d8                CPU_SetBASEPRI
 .text.__init_hardware
                0x000004f0       0xb4 ./Static_Code/System/CPU_Init.o
                0x000004f0                __init_hardware
 .text.PE_low_level_init
                0x000005a4       0x44 ./Static_Code/System/CPU_Init.o
                0x000005a4                PE_low_level_init
 .text.CPU_GetClockGenMode
                0x000005e8       0x90 ./Static_Code/System/CPU_Init.o
                0x000005e8                CPU_GetClockGenMode
 .text.CPU_SetClockConfigGenMode
                0x00000678      0x54c ./Static_Code/System/CPU_Init.o
                0x00000678                CPU_SetClockConfigGenMode
 .text.UnhandledInterrupt
                0x00000bc4       0x18 ./Static_Code/System/Vectors.o
                0x00000bc4                UnhandledInterrupt
 .text.Cpu_OnNMI
                0x00000bdc        0xc ./Sources/Events.o
                0x00000bdc                Cpu_OnNMI
 .text.Inhr1_OnRxChar
                0x00000be8       0x10 ./Sources/Events.o
                0x00000be8                Inhr1_OnRxChar
 .text.Inhr1_OnRxCharExt
                0x00000bf8       0x14 ./Sources/Events.o
                0x00000bf8                Inhr1_OnRxCharExt
 .text.main     0x00000c0c       0xe4 ./Sources/main.o
                0x00000c0c                main
 .text.delay    0x00000cf0       0x38 ./Sources/utilities.o
                0x00000cf0                delay
 .text.box      0x00000d28       0xbc ./Sources/utilities.o
                0x00000d28                box
 .text.GUI_title
                0x00000de4      0x104 ./Sources/utilities.o
                0x00000de4                GUI_title
 .text.RGB      0x00000ee8       0x20 ./Sources/utilities.o
                0x00000ee8                RGB
 .text.GUI_main
                0x00000f08       0x68 ./Sources/utilities.o
                0x00000f08                GUI_main
 .text.GUI_manual
                0x00000f70       0xbc ./Sources/utilities.o
                0x00000f70                GUI_manual
 .text.clean_prompt
                0x0000102c       0x20 ./Sources/utilities.o
                0x0000102c                clean_prompt
 .text.prompt_reduce
                0x0000104c       0x3c ./Sources/utilities.o
                0x0000104c                prompt_reduce
 .text.prompt_add
                0x00001088       0x3c ./Sources/utilities.o
                0x00001088                prompt_add
 .text.manual_movement
                0x000010c4      0x3cc ./Sources/utilities.o
                0x000010c4                manual_movement
 .text.__copy_rom_section
                0x00001490       0xe4 ./Project_Settings/Startup_Code/startup.o
                0x00001490                __copy_rom_section
 .text.__copy_rom_sections_to_ram
                0x00001574       0x9c ./Project_Settings/Startup_Code/startup.o
                0x00001574                __copy_rom_sections_to_ram
 .text.__init_registers
                0x00001610       0x20 ./Project_Settings/Startup_Code/startup.o
                0x00001610                __init_registers
 .text.__init_user
                0x00001630        0xc ./Project_Settings/Startup_Code/startup.o
                0x00001630                __init_user
 .text.__thumb_startup
                0x0000163c       0x34 ./Project_Settings/Startup_Code/startup.o
                0x0000163c                __thumb_startup
 .text.ASerialLdd1_Init
                0x00001670      0x1d8 ./Generated_Code/ASerialLdd1.o
                0x00001670                ASerialLdd1_Init
 .text.ASerialLdd1_ReceiveBlock
                0x00001848       0x90 ./Generated_Code/ASerialLdd1.o
                0x00001848                ASerialLdd1_ReceiveBlock
 .text.ASerialLdd1_SendBlock
                0x000018d8       0xbc ./Generated_Code/ASerialLdd1.o
                0x000018d8                ASerialLdd1_SendBlock
 .text.InterruptRx
                0x00001994       0x58 ./Generated_Code/ASerialLdd1.o
 .text.InterruptTx
                0x000019ec       0x80 ./Generated_Code/ASerialLdd1.o
 .text.ASerialLdd1_Interrupt
                0x00001a6c       0xf4 ./Generated_Code/ASerialLdd1.o
                0x00001a6c                ASerialLdd1_Interrupt
 .text.ASerialLdd1_GetError
                0x00001b60       0x70 ./Generated_Code/ASerialLdd1.o
                0x00001b60                ASerialLdd1_GetError
 .text.BitIoLdd1_Init
                0x00001bd0       0x80 ./Generated_Code/BitIoLdd1.o
                0x00001bd0                BitIoLdd1_Init
 .text.BitIoLdd1_NegVal
                0x00001c50       0x1c ./Generated_Code/BitIoLdd1.o
                0x00001c50                BitIoLdd1_NegVal
 .text.BitIoLdd10_Init
                0x00001c6c       0x80 ./Generated_Code/BitIoLdd10.o
                0x00001c6c                BitIoLdd10_Init
 .text.BitIoLdd11_Init
                0x00001cec       0x80 ./Generated_Code/BitIoLdd11.o
                0x00001cec                BitIoLdd11_Init
 .text.BitIoLdd12_Init
                0x00001d6c       0x80 ./Generated_Code/BitIoLdd12.o
                0x00001d6c                BitIoLdd12_Init
 .text.BitIoLdd13_Init
                0x00001dec       0x80 ./Generated_Code/BitIoLdd13.o
                0x00001dec                BitIoLdd13_Init
 .text.BitIoLdd14_Init
                0x00001e6c       0x80 ./Generated_Code/BitIoLdd14.o
                0x00001e6c                BitIoLdd14_Init
 .text.BitIoLdd15_Init
                0x00001eec       0x80 ./Generated_Code/BitIoLdd15.o
                0x00001eec                BitIoLdd15_Init
 .text.BitIoLdd16_Init
                0x00001f6c       0x80 ./Generated_Code/BitIoLdd16.o
                0x00001f6c                BitIoLdd16_Init
 .text.BitIoLdd17_Init
                0x00001fec       0x80 ./Generated_Code/BitIoLdd17.o
                0x00001fec                BitIoLdd17_Init
 .text.BitIoLdd17_NegVal
                0x0000206c       0x20 ./Generated_Code/BitIoLdd17.o
                0x0000206c                BitIoLdd17_NegVal
 .text.BitIoLdd18_Init
                0x0000208c       0x80 ./Generated_Code/BitIoLdd18.o
                0x0000208c                BitIoLdd18_Init
 .text.BitIoLdd2_Init
                0x0000210c       0x80 ./Generated_Code/BitIoLdd2.o
                0x0000210c                BitIoLdd2_Init
 .text.BitIoLdd2_NegVal
                0x0000218c       0x1c ./Generated_Code/BitIoLdd2.o
                0x0000218c                BitIoLdd2_NegVal
 .text.BitIoLdd3_Init
                0x000021a8       0x80 ./Generated_Code/BitIoLdd3.o
                0x000021a8                BitIoLdd3_Init
 .text.BitIoLdd3_NegVal
                0x00002228       0x20 ./Generated_Code/BitIoLdd3.o
                0x00002228                BitIoLdd3_NegVal
 .text.BitIoLdd4_Init
                0x00002248       0x80 ./Generated_Code/BitIoLdd4.o
                0x00002248                BitIoLdd4_Init
 .text.BitIoLdd5_Init
                0x000022c8       0x80 ./Generated_Code/BitIoLdd5.o
                0x000022c8                BitIoLdd5_Init
 .text.BitIoLdd6_Init
                0x00002348       0x80 ./Generated_Code/BitIoLdd6.o
                0x00002348                BitIoLdd6_Init
 .text.BitIoLdd6_PutVal
                0x000023c8       0x30 ./Generated_Code/BitIoLdd6.o
                0x000023c8                BitIoLdd6_PutVal
 .text.BitIoLdd7_Init
                0x000023f8       0x80 ./Generated_Code/BitIoLdd7.o
                0x000023f8                BitIoLdd7_Init
 .text.BitIoLdd7_PutVal
                0x00002478       0x34 ./Generated_Code/BitIoLdd7.o
                0x00002478                BitIoLdd7_PutVal
 .text.BitIoLdd8_Init
                0x000024ac       0x80 ./Generated_Code/BitIoLdd8.o
                0x000024ac                BitIoLdd8_Init
 .text.BitIoLdd8_PutVal
                0x0000252c       0x30 ./Generated_Code/BitIoLdd8.o
                0x0000252c                BitIoLdd8_PutVal
 .text.BitIoLdd9_Init
                0x0000255c       0x80 ./Generated_Code/BitIoLdd9.o
                0x0000255c                BitIoLdd9_Init
 .text.Components_Init
                0x000025dc       0x84 ./Generated_Code/Cpu.o
                0x000025dc                Components_Init
 .text.Cpu_INT_NMIInterrupt
                0x00002660       0x1c ./Generated_Code/Cpu.o
                0x00002660                Cpu_INT_NMIInterrupt
 .text.HWEnDi   0x0000267c       0x1c ./Generated_Code/Inhr1.o
 .text.Inhr1_RecvChar
                0x00002698       0xd8 ./Generated_Code/Inhr1.o
                0x00002698                Inhr1_RecvChar
 .text.Inhr1_SendChar
                0x00002770       0xe0 ./Generated_Code/Inhr1.o
                0x00002770                Inhr1_SendChar
 .text.Inhr1_Init
                0x00002850       0x60 ./Generated_Code/Inhr1.o
                0x00002850                Inhr1_Init
 .text.ASerialLdd1_OnBlockReceived
                0x000028b0       0xa0 ./Generated_Code/Inhr1.o
                0x000028b0                ASerialLdd1_OnBlockReceived
 .text.ASerialLdd1_OnBlockSent
                0x00002950       0x88 ./Generated_Code/Inhr1.o
                0x00002950                ASerialLdd1_OnBlockSent
 .text.ASerialLdd1_OnError
                0x000029d8       0x98 ./Generated_Code/Inhr1.o
                0x000029d8                ASerialLdd1_OnError
 .text.ASerialLdd1_OnBreak
                0x00002a70       0x24 ./Generated_Code/Inhr1.o
                0x00002a70                ASerialLdd1_OnBreak
 .text.PwmLdd1_Init
                0x00002a94       0x58 ./Generated_Code/PwmLdd1.o
                0x00002a94                PwmLdd1_Init
 .text.PwmLdd1_SetRatio8
                0x00002aec       0x2c ./Generated_Code/PwmLdd1.o
                0x00002aec                PwmLdd1_SetRatio8
 .text.SetRatio
                0x00002b18       0x54 ./Generated_Code/PwmLdd1.o
 .text.RealTimeLdd1_Init
                0x00002b6c       0x80 ./Generated_Code/RealTimeLdd1.o
                0x00002b6c                RealTimeLdd1_Init
 .text.RealTimeLdd1_Reset
                0x00002bec       0x8c ./Generated_Code/RealTimeLdd1.o
                0x00002bec                RealTimeLdd1_Reset
 .text.RealTimeLdd1_GetTimeMS
                0x00002c78       0xc0 ./Generated_Code/RealTimeLdd1.o
                0x00002c78                RealTimeLdd1_GetTimeMS
 .text.TU1_OnChannel0
                0x00002d38       0x60 ./Generated_Code/RealTimeLdd1.o
                0x00002d38                TU1_OnChannel0
 .text.TU1_Init
                0x00002d98       0xe0 ./Generated_Code/TU1.o
                0x00002d98                TU1_Init
 .text.TU1_SetEventMask
                0x00002e78       0xe4 ./Generated_Code/TU1.o
                0x00002e78                TU1_SetEventMask
 .text.TU1_GetEventMask
                0x00002f5c       0x1c ./Generated_Code/TU1.o
                0x00002f5c                TU1_GetEventMask
 .text.TU1_GetCounterValue
                0x00002f78       0x20 ./Generated_Code/TU1.o
                0x00002f78                TU1_GetCounterValue
 .text.TU1_SetOffsetTicks
                0x00002f98       0x44 ./Generated_Code/TU1.o
                0x00002f98                TU1_SetOffsetTicks
 .text.TU1_GetOffsetTicks
                0x00002fdc       0x48 ./Generated_Code/TU1.o
                0x00002fdc                TU1_GetOffsetTicks
 .text.TU1_Interrupt
                0x00003024       0x84 ./Generated_Code/TU1.o
                0x00003024                TU1_Interrupt
 .text.TU3_Init
                0x000030a8      0x10c ./Generated_Code/TU3.o
                0x000030a8                TU3_Init
 .text.TU3_GetPeriodTicks
                0x000031b4       0x30 ./Generated_Code/TU3.o
                0x000031b4                TU3_GetPeriodTicks
 .text.TU3_SetOffsetTicks
                0x000031e4       0x44 ./Generated_Code/TU3.o
                0x000031e4                TU3_SetOffsetTicks
 .text.Term1_SendChar
                0x00003228       0x20 ./Generated_Code/Term1.o
                0x00003228                Term1_SendChar
 .text.SendESCPrefix
                0x00003248       0x24 ./Generated_Code/Term1.o
 .text.Term1_SendStr
                0x0000326c       0x34 ./Generated_Code/Term1.o
                0x0000326c                Term1_SendStr
 .text.LongToStr
                0x000032a0       0xf4 ./Generated_Code/Term1.o
 .text.Term1_SendNum
                0x00003394       0x54 ./Generated_Code/Term1.o
                0x00003394                Term1_SendNum
 .text.Term1_Cls
                0x000033e8       0x28 ./Generated_Code/Term1.o
                0x000033e8                Term1_Cls
 .text.Term1_MoveTo
                0x00003410       0x44 ./Generated_Code/Term1.o
                0x00003410                Term1_MoveTo
 .text.Term1_SetColor
                0x00003454       0x64 ./Generated_Code/Term1.o
                0x00003454                Term1_SetColor
 .text.Term1_EraseLine
                0x000034b8       0x18 ./Generated_Code/Term1.o
                0x000034b8                Term1_EraseLine
 .text.exit     0x000034d0       0x28 c:/freescale/kds_v3/toolchain/bin/../lib/gcc/arm-none-eabi/4.8.4/../../../../arm-none-eabi/lib/armv7e-m/fpu\libg_s.a(lib_a-exit.o)
                0x000034d0                exit
 .text.__libc_init_array
                0x000034f8       0x4c c:/freescale/kds_v3/toolchain/bin/../lib/gcc/arm-none-eabi/4.8.4/../../../../arm-none-eabi/lib/armv7e-m/fpu\libg_s.a(lib_a-init.o)
                0x000034f8                __libc_init_array
 .text.memset   0x00003544       0x10 c:/freescale/kds_v3/toolchain/bin/../lib/gcc/arm-none-eabi/4.8.4/../../../../arm-none-eabi/lib/armv7e-m/fpu\libg_s.a(lib_a-memset.o)
                0x00003544                memset
 .text._exit    0x00003554        0x4 c:/freescale/kds_v3/toolchain/bin/../lib/gcc/arm-none-eabi/4.8.4/../../../../arm-none-eabi/lib/armv7e-m/fpu\libnosys.a(_exit.o)
                0x00003554                _exit
 *(.rodata)
 .rodata        0x00003558       0x64 ./Sources/main.o
 .rodata        0x000035bc      0x274 ./Sources/utilities.o
 *(.rodata*)
 .rodata.ClockGenModeMatrix
                0x00003830       0x80 ./Static_Code/System/CPU_Init.o
 .rodata.CPU_ClockConfigDescriptors
                0x000038b0       0x1c ./Static_Code/System/CPU_Init.o
 .rodata.CPU_DefaultFEI
                0x000038cc        0x8 ./Static_Code/System/CPU_Init.o
 .rodata.CPU_DefaultFBI
                0x000038d4        0x8 ./Static_Code/System/CPU_Init.o
 .rodata.CPU_DefaultBLPI
                0x000038dc        0x8 ./Static_Code/System/CPU_Init.o
 .rodata.CPU_DefaultFEE
                0x000038e4        0x8 ./Static_Code/System/CPU_Init.o
 .rodata.CPU_DefaultFBE
                0x000038ec        0x8 ./Static_Code/System/CPU_Init.o
 .rodata.CPU_DefaultBLPE
                0x000038f4        0x8 ./Static_Code/System/CPU_Init.o
 .rodata.CPU_DefaultPBE
                0x000038fc        0x8 ./Static_Code/System/CPU_Init.o
 .rodata.CPU_DefaultPEE
                0x00003904        0x8 ./Static_Code/System/CPU_Init.o
 .rodata.CPU_ClockGenModeRegs
                0x0000390c       0x20 ./Static_Code/System/CPU_Init.o
 .rodata.str1.1
                0x0000392c        0x2 c:/freescale/kds_v3/toolchain/bin/../lib/gcc/arm-none-eabi/4.8.4/../../../../arm-none-eabi/lib/armv7e-m/fpu\libg_s.a(lib_a-impure.o)
 *fill*         0x0000392e        0x2 
 .rodata._global_impure_ptr
                0x00003930        0x4 c:/freescale/kds_v3/toolchain/bin/../lib/gcc/arm-none-eabi/4.8.4/../../../../arm-none-eabi/lib/armv7e-m/fpu\libg_s.a(lib_a-impure.o)
                0x00003930                _global_impure_ptr
 *(.glue_7)
 .glue_7        0x00000000        0x0 linker stubs
 *(.glue_7t)
 .glue_7t       0x00000000        0x0 linker stubs
 *(.eh_frame)
 .eh_frame      0x00003934        0x0 c:/freescale/kds_v3/toolchain/bin/../lib/gcc/arm-none-eabi/4.8.4/armv7e-m/fpu/crtbegin.o
 *(.init)
 .init          0x00003934        0x4 c:/freescale/kds_v3/toolchain/bin/../lib/gcc/arm-none-eabi/4.8.4/armv7e-m/fpu/crti.o
                0x00003934                _init
 .init          0x00003938        0x8 c:/freescale/kds_v3/toolchain/bin/../lib/gcc/arm-none-eabi/4.8.4/armv7e-m/fpu/crtn.o
 *(.fini)
 .fini          0x00003940        0x4 c:/freescale/kds_v3/toolchain/bin/../lib/gcc/arm-none-eabi/4.8.4/armv7e-m/fpu/crti.o
                0x00003940                _fini
 .fini          0x00003944        0x8 c:/freescale/kds_v3/toolchain/bin/../lib/gcc/arm-none-eabi/4.8.4/armv7e-m/fpu/crtn.o
                0x0000394c                . = ALIGN (0x4)
                0x0000394c                _etext = .

.vfp11_veneer   0x0000394c        0x0
 .vfp11_veneer  0x00000000        0x0 linker stubs

.v4_bx          0x0000394c        0x0
 .v4_bx         0x00000000        0x0 linker stubs

.iplt           0x0000394c        0x0
 .iplt          0x00000000        0x0 c:/freescale/kds_v3/toolchain/bin/../lib/gcc/arm-none-eabi/4.8.4/armv7e-m/fpu/crtbegin.o

.ARM.extab
 *(.ARM.extab* .gnu.linkonce.armextab.*)

.ARM            0x0000394c        0x8
                0x0000394c                __exidx_start = .
 *(.ARM.exidx*)
 .ARM.exidx     0x0000394c        0x8 c:/freescale/kds_v3/toolchain/bin/../lib/gcc/arm-none-eabi/4.8.4/../../../../arm-none-eabi/lib/armv7e-m/fpu/crt0.o
                0x00003954                __exidx_end = .

.rel.dyn        0x00003954        0x0
 .rel.iplt      0x00000000        0x0 c:/freescale/kds_v3/toolchain/bin/../lib/gcc/arm-none-eabi/4.8.4/armv7e-m/fpu/crtbegin.o

.ctors          0x00003954        0x0
                0x00003954                __CTOR_LIST__ = .
 *crtbegin.o(.ctors)
 *(EXCLUDE_FILE(*crtend.o) .ctors)
 *(SORT(.ctors.*))
 *(.ctors)
                0x00003954                __CTOR_END__ = .

.dtors          0x00003954        0x0
                0x00003954                __DTOR_LIST__ = .
 *crtbegin.o(.dtors)
 *(EXCLUDE_FILE(*crtend.o) .dtors)
 *(SORT(.dtors.*))
 *(.dtors)
                0x00003954                __DTOR_END__ = .

.preinit_array  0x00003954        0x0
                0x00003954                PROVIDE (__preinit_array_start, .)
 *(.preinit_array*)
                0x00003954                PROVIDE (__preinit_array_end, .)

.init_array     0x00003954        0x4
                0x00003954                PROVIDE (__init_array_start, .)
 *(SORT(.init_array.*))
 *(.init_array*)
 .init_array    0x00003954        0x4 c:/freescale/kds_v3/toolchain/bin/../lib/gcc/arm-none-eabi/4.8.4/armv7e-m/fpu/crtbegin.o
                0x00003958                PROVIDE (__init_array_end, .)

.fini_array     0x00003958        0x4
                0x00003958                PROVIDE (__fini_array_start, .)
 *(SORT(.fini_array.*))
 *(.fini_array*)
 .fini_array    0x00003958        0x4 c:/freescale/kds_v3/toolchain/bin/../lib/gcc/arm-none-eabi/4.8.4/armv7e-m/fpu/crtbegin.o
                0x0000395c                PROVIDE (__fini_array_end, .)
                0x0000395c                ___ROM_AT = .

.data           0x1fff0000       0x60 load address 0x0000395c
                0x1fff0000                . = ALIGN (0x4)
                0x1fff0000                _sdata = .
 *(.data)
 *(.data*)
 .data.impure_data
                0x1fff0000       0x60 c:/freescale/kds_v3/toolchain/bin/../lib/gcc/arm-none-eabi/4.8.4/../../../../arm-none-eabi/lib/armv7e-m/fpu\libg_s.a(lib_a-impure.o)
                0x1fff0060                . = ALIGN (0x4)
                0x1fff0060                _edata = .
                0x00000060                ___data_size = (_edata - _sdata)
                0x000039bc                ___m_data_20000000_ROMStart = (___ROM_AT + SIZEOF (.data))

.jcr            0x1fff0060        0x0 load address 0x000039bc
 .jcr           0x1fff0060        0x0 c:/freescale/kds_v3/toolchain/bin/../lib/gcc/arm-none-eabi/4.8.4/armv7e-m/fpu/crtbegin.o

.igot.plt       0x1fff0060        0x0 load address 0x000039bc
 .igot.plt      0x00000000        0x0 c:/freescale/kds_v3/toolchain/bin/../lib/gcc/arm-none-eabi/4.8.4/armv7e-m/fpu/crtbegin.o

.m_data_20000000
                0x20000000        0x0 load address 0x000039bc
                0x20000000                . = ALIGN (0x4)
                0x20000000                ___m_data_20000000_RAMStart = .
 *(.m_data_20000000)
                0x20000000                ___m_data_20000000_RAMEnd = .
                0x20000000                . = ALIGN (0x4)
                0x00000000                ___m_data_20000000_ROMSize = (___m_data_20000000_RAMEnd - ___m_data_20000000_RAMStart)
                0x20000000                . = ALIGN (0x4)

.bss            0x1fff0060      0x3fc load address 0x000039bc
                0x1fff0060                __START_BSS = .
                0x1fff0060                PROVIDE (__bss_start__, __START_BSS)
 *(.bss)
 .bss           0x1fff0060       0x1c c:/freescale/kds_v3/toolchain/bin/../lib/gcc/arm-none-eabi/4.8.4/armv7e-m/fpu/crtbegin.o
 *(.bss*)
 .bss.SR_lock   0x1fff007c        0x1 ./Static_Code/System/CPU_Init.o
                0x1fff007c                SR_lock
 .bss.c         0x1fff007d        0x1 ./Sources/Events.o
                0x1fff007d                c
 *fill*         0x1fff007e        0x2 
 .bss.DeviceDataPrv__DEFAULT_RTOS_ALLOC
                0x1fff0080       0x20 ./Generated_Code/ASerialLdd1.o
 .bss.INT_UART1_RX_TX__DEFAULT_RTOS_ISRPARAM
                0x1fff00a0        0x4 ./Generated_Code/ASerialLdd1.o
 .bss.INT_UART1_ERR__DEFAULT_RTOS_ISRPARAM
                0x1fff00a4        0x4 ./Generated_Code/ASerialLdd1.o
 .bss.DeviceDataPrv__DEFAULT_RTOS_ALLOC
                0x1fff00a8        0x4 ./Generated_Code/BitIoLdd1.o
 .bss.DeviceDataPrv__DEFAULT_RTOS_ALLOC
                0x1fff00ac        0x4 ./Generated_Code/BitIoLdd10.o
 .bss.DeviceDataPrv__DEFAULT_RTOS_ALLOC
                0x1fff00b0        0x4 ./Generated_Code/BitIoLdd11.o
 .bss.DeviceDataPrv__DEFAULT_RTOS_ALLOC
                0x1fff00b4        0x4 ./Generated_Code/BitIoLdd12.o
 .bss.DeviceDataPrv__DEFAULT_RTOS_ALLOC
                0x1fff00b8        0x4 ./Generated_Code/BitIoLdd13.o
 .bss.DeviceDataPrv__DEFAULT_RTOS_ALLOC
                0x1fff00bc        0x4 ./Generated_Code/BitIoLdd14.o
 .bss.DeviceDataPrv__DEFAULT_RTOS_ALLOC
                0x1fff00c0        0x4 ./Generated_Code/BitIoLdd15.o
 .bss.DeviceDataPrv__DEFAULT_RTOS_ALLOC
                0x1fff00c4        0x4 ./Generated_Code/BitIoLdd16.o
 .bss.DeviceDataPrv__DEFAULT_RTOS_ALLOC
                0x1fff00c8        0x4 ./Generated_Code/BitIoLdd17.o
 .bss.DeviceDataPrv__DEFAULT_RTOS_ALLOC
                0x1fff00cc        0x4 ./Generated_Code/BitIoLdd18.o
 .bss.DeviceDataPrv__DEFAULT_RTOS_ALLOC
                0x1fff00d0        0x4 ./Generated_Code/BitIoLdd2.o
 .bss.DeviceDataPrv__DEFAULT_RTOS_ALLOC
                0x1fff00d4        0x4 ./Generated_Code/BitIoLdd3.o
 .bss.DeviceDataPrv__DEFAULT_RTOS_ALLOC
                0x1fff00d8        0x4 ./Generated_Code/BitIoLdd4.o
 .bss.DeviceDataPrv__DEFAULT_RTOS_ALLOC
                0x1fff00dc        0x4 ./Generated_Code/BitIoLdd5.o
 .bss.DeviceDataPrv__DEFAULT_RTOS_ALLOC
                0x1fff00e0        0x4 ./Generated_Code/BitIoLdd6.o
 .bss.DeviceDataPrv__DEFAULT_RTOS_ALLOC
                0x1fff00e4        0x4 ./Generated_Code/BitIoLdd7.o
 .bss.DeviceDataPrv__DEFAULT_RTOS_ALLOC
                0x1fff00e8        0x4 ./Generated_Code/BitIoLdd8.o
 .bss.DeviceDataPrv__DEFAULT_RTOS_ALLOC
                0x1fff00ec        0x4 ./Generated_Code/BitIoLdd9.o
 .bss.SerFlag   0x1fff00f0        0x2 ./Generated_Code/Inhr1.o
 .bss.Inhr1_InpLen
                0x1fff00f2        0x2 ./Generated_Code/Inhr1.o
 .bss.InpIndexR
                0x1fff00f4        0x2 ./Generated_Code/Inhr1.o
 .bss.InpIndexW
                0x1fff00f6        0x2 ./Generated_Code/Inhr1.o
 .bss.InpBuffer
                0x1fff00f8      0x160 ./Generated_Code/Inhr1.o
 .bss.BufferRead
                0x1fff0258        0x1 ./Generated_Code/Inhr1.o
 *fill*         0x1fff0259        0x1 
 .bss.Inhr1_OutLen
                0x1fff025a        0x2 ./Generated_Code/Inhr1.o
 .bss.OutIndexR
                0x1fff025c        0x2 ./Generated_Code/Inhr1.o
 .bss.OutIndexW
                0x1fff025e        0x2 ./Generated_Code/Inhr1.o
 .bss.OutBuffer
                0x1fff0260      0x160 ./Generated_Code/Inhr1.o
 .bss.PE_LDD_DeviceDataList
                0x1fff03c0       0x5c ./Generated_Code/PE_LDD.o
                0x1fff03c0                PE_LDD_DeviceDataList
 .bss.DeviceDataPrv__DEFAULT_RTOS_ALLOC
                0x1fff041c        0xc ./Generated_Code/PwmLdd1.o
 .bss.DeviceDataPrv__DEFAULT_RTOS_ALLOC
                0x1fff0428       0x14 ./Generated_Code/RealTimeLdd1.o
 .bss.DeviceDataPrv__DEFAULT_RTOS_ALLOC
                0x1fff043c        0xc ./Generated_Code/TU1.o
 .bss.INT_FTM2__DEFAULT_RTOS_ISRPARAM
                0x1fff0448        0x4 ./Generated_Code/TU1.o
 .bss.DeviceDataPrv__DEFAULT_RTOS_ALLOC
                0x1fff044c        0x8 ./Generated_Code/TU3.o
 *(COMMON)
 COMMON         0x1fff0454        0x1 ./Static_Code/System/CPU_Init.o
                0x1fff0454                SR_reg
 *fill*         0x1fff0455        0x3 
 COMMON         0x1fff0458        0x4 ./Generated_Code/Inhr1.o
                0x1fff0458                ASerialLdd1_DeviceDataPtr
                0x1fff045c                . = ALIGN (0x4)
                0x1fff045c                __END_BSS = .
                0x1fff045c                PROVIDE (__bss_end__, __END_BSS)
                0x000039bc                _romp_at = ((___ROM_AT + SIZEOF (.data)) + SIZEOF (.m_data_20000000))

.romp           0x1fff045c       0x24 load address 0x000039bc
                0x000039bc                __S_romp = _romp_at
                0x1fff045c        0x4 LONG 0x395c ___ROM_AT
                0x1fff0460        0x4 LONG 0x1fff0000 _sdata
                0x1fff0464        0x4 LONG 0x60 ___data_size
                0x1fff0468        0x4 LONG 0x39bc ___m_data_20000000_ROMStart
                0x1fff046c        0x4 LONG 0x20000000 ___m_data_20000000_RAMStart
                0x1fff0470        0x4 LONG 0x0 ___m_data_20000000_ROMSize
                0x1fff0474        0x4 LONG 0x0
                0x1fff0478        0x4 LONG 0x0
                0x1fff047c        0x4 LONG 0x0
                0x00080000                text_end = (ORIGIN (m_text) + 0x7fbf0)
                0x000039e0                data_init_end = ((___m_data_20000000_ROMStart + SIZEOF (.m_data_20000000)) + SIZEOF (.romp))
                0x00000001                ASSERT ((data_init_end <= text_end), region m_text overflowed with text and data)

._user_heap_stack
                0x1fff0480      0x400 load address 0x000039e0
                0x1fff0480                . = ALIGN (0x4)
                0x1fff0480                PROVIDE (end, .)
                0x1fff0480                PROVIDE (_end, .)
                0x1fff0480                PROVIDE (__end__, .)
                0x1fff0480                __heap_addr = .
                0x1fff0480                __HeapBase = .
                0x1fff0480                . = (. + __heap_size)
                0x1fff0480                __HeapLimit = .
                0x1fff0880                . = (. + __stack_size)
 *fill*         0x1fff0480      0x400 
                0x1fff0880                . = ALIGN (0x4)

.ARM.attributes
                0x00000000       0x30
 *(.ARM.attributes)
 .ARM.attributes
                0x00000000       0x22 c:/freescale/kds_v3/toolchain/bin/../lib/gcc/arm-none-eabi/4.8.4/armv7e-m/fpu/crti.o
 .ARM.attributes
                0x00000022       0x34 c:/freescale/kds_v3/toolchain/bin/../lib/gcc/arm-none-eabi/4.8.4/armv7e-m/fpu/crtbegin.o
 .ARM.attributes
                0x00000056       0x20 c:/freescale/kds_v3/toolchain/bin/../lib/gcc/arm-none-eabi/4.8.4/../../../../arm-none-eabi/lib/armv7e-m/fpu/crt0.o
 .ARM.attributes
                0x00000076       0x39 ./Static_Code/System/CPU_Init.o
 .ARM.attributes
                0x000000af       0x39 ./Static_Code/System/Vectors.o
 .ARM.attributes
                0x000000e8       0x39 ./Sources/Events.o
 .ARM.attributes
                0x00000121       0x39 ./Sources/main.o
 .ARM.attributes
                0x0000015a       0x39 ./Sources/utilities.o
 .ARM.attributes
                0x00000193       0x39 ./Project_Settings/Startup_Code/startup.o
 .ARM.attributes
                0x000001cc       0x39 ./Generated_Code/ASerialLdd1.o
 .ARM.attributes
                0x00000205       0x39 ./Generated_Code/BitIoLdd1.o
 .ARM.attributes
                0x0000023e       0x39 ./Generated_Code/BitIoLdd10.o
 .ARM.attributes
                0x00000277       0x39 ./Generated_Code/BitIoLdd11.o
 .ARM.attributes
                0x000002b0       0x39 ./Generated_Code/BitIoLdd12.o
 .ARM.attributes
                0x000002e9       0x39 ./Generated_Code/BitIoLdd13.o
 .ARM.attributes
                0x00000322       0x39 ./Generated_Code/BitIoLdd14.o
 .ARM.attributes
                0x0000035b       0x39 ./Generated_Code/BitIoLdd15.o
 .ARM.attributes
                0x00000394       0x39 ./Generated_Code/BitIoLdd16.o
 .ARM.attributes
                0x000003cd       0x39 ./Generated_Code/BitIoLdd17.o
 .ARM.attributes
                0x00000406       0x39 ./Generated_Code/BitIoLdd18.o
 .ARM.attributes
                0x0000043f       0x39 ./Generated_Code/BitIoLdd2.o
 .ARM.attributes
                0x00000478       0x39 ./Generated_Code/BitIoLdd3.o
 .ARM.attributes
                0x000004b1       0x39 ./Generated_Code/BitIoLdd4.o
 .ARM.attributes
                0x000004ea       0x39 ./Generated_Code/BitIoLdd5.o
 .ARM.attributes
                0x00000523       0x39 ./Generated_Code/BitIoLdd6.o
 .ARM.attributes
                0x0000055c       0x39 ./Generated_Code/BitIoLdd7.o
 .ARM.attributes
                0x00000595       0x39 ./Generated_Code/BitIoLdd8.o
 .ARM.attributes
                0x000005ce       0x39 ./Generated_Code/BitIoLdd9.o
 .ARM.attributes
                0x00000607       0x39 ./Generated_Code/Cpu.o
 .ARM.attributes
                0x00000640       0x39 ./Generated_Code/Inhr1.o
 .ARM.attributes
                0x00000679       0x39 ./Generated_Code/PE_LDD.o
 .ARM.attributes
                0x000006b2       0x39 ./Generated_Code/PwmLdd1.o
 .ARM.attributes
                0x000006eb       0x39 ./Generated_Code/RealTimeLdd1.o
 .ARM.attributes
                0x00000724       0x39 ./Generated_Code/TU1.o
 .ARM.attributes
                0x0000075d       0x39 ./Generated_Code/TU3.o
 .ARM.attributes
                0x00000796       0x39 ./Generated_Code/Term1.o
 .ARM.attributes
                0x000007cf       0x34 c:/freescale/kds_v3/toolchain/bin/../lib/gcc/arm-none-eabi/4.8.4/../../../../arm-none-eabi/lib/armv7e-m/fpu\libg_s.a(lib_a-exit.o)
 .ARM.attributes
                0x00000803       0x34 c:/freescale/kds_v3/toolchain/bin/../lib/gcc/arm-none-eabi/4.8.4/../../../../arm-none-eabi/lib/armv7e-m/fpu\libg_s.a(lib_a-impure.o)
 .ARM.attributes
                0x00000837       0x34 c:/freescale/kds_v3/toolchain/bin/../lib/gcc/arm-none-eabi/4.8.4/../../../../arm-none-eabi/lib/armv7e-m/fpu\libg_s.a(lib_a-init.o)
 .ARM.attributes
                0x0000086b       0x34 c:/freescale/kds_v3/toolchain/bin/../lib/gcc/arm-none-eabi/4.8.4/../../../../arm-none-eabi/lib/armv7e-m/fpu\libg_s.a(lib_a-memset.o)
 .ARM.attributes
                0x0000089f       0x34 c:/freescale/kds_v3/toolchain/bin/../lib/gcc/arm-none-eabi/4.8.4/../../../../arm-none-eabi/lib/armv7e-m/fpu\libnosys.a(_exit.o)
 .ARM.attributes
                0x000008d3       0x22 c:/freescale/kds_v3/toolchain/bin/../lib/gcc/arm-none-eabi/4.8.4/armv7e-m/fpu/crtn.o
OUTPUT(Assignment2-Percy.elf elf32-littlearm)

.debug_info     0x00000000     0xa31c
 .debug_info    0x00000000      0xab8 ./Static_Code/System/CPU_Init.o
 .debug_info    0x00000ab8      0x826 ./Static_Code/System/Vectors.o
 .debug_info    0x000012de       0xf5 ./Sources/Events.o
 .debug_info    0x000013d3       0xea ./Sources/main.o
 .debug_info    0x000014bd      0x2e2 ./Sources/utilities.o
 .debug_info    0x0000179f      0x3b0 ./Project_Settings/Startup_Code/startup.o
 .debug_info    0x00001b4f      0xa75 ./Generated_Code/ASerialLdd1.o
 .debug_info    0x000025c4      0x560 ./Generated_Code/BitIoLdd1.o
 .debug_info    0x00002b24      0x53a ./Generated_Code/BitIoLdd10.o
 .debug_info    0x0000305e      0x53a ./Generated_Code/BitIoLdd11.o
 .debug_info    0x00003598      0x504 ./Generated_Code/BitIoLdd12.o
 .debug_info    0x00003a9c      0x504 ./Generated_Code/BitIoLdd13.o
 .debug_info    0x00003fa0      0x504 ./Generated_Code/BitIoLdd14.o
 .debug_info    0x000044a4      0x52a ./Generated_Code/BitIoLdd15.o
 .debug_info    0x000049ce      0x560 ./Generated_Code/BitIoLdd16.o
 .debug_info    0x00004f2e      0x52a ./Generated_Code/BitIoLdd17.o
 .debug_info    0x00005458      0x504 ./Generated_Code/BitIoLdd18.o
 .debug_info    0x0000595c      0x560 ./Generated_Code/BitIoLdd2.o
 .debug_info    0x00005ebc      0x560 ./Generated_Code/BitIoLdd3.o
 .debug_info    0x0000641c      0x504 ./Generated_Code/BitIoLdd4.o
 .debug_info    0x00006920      0x504 ./Generated_Code/BitIoLdd5.o
 .debug_info    0x00006e24      0x560 ./Generated_Code/BitIoLdd6.o
 .debug_info    0x00007384      0x560 ./Generated_Code/BitIoLdd7.o
 .debug_info    0x000078e4      0x560 ./Generated_Code/BitIoLdd8.o
 .debug_info    0x00007e44      0x53a ./Generated_Code/BitIoLdd9.o
 .debug_info    0x0000837e       0xa7 ./Generated_Code/Cpu.o
 .debug_info    0x00008425      0x368 ./Generated_Code/Inhr1.o
 .debug_info    0x0000878d      0x251 ./Generated_Code/PE_LDD.o
 .debug_info    0x000089de      0x334 ./Generated_Code/PwmLdd1.o
 .debug_info    0x00008d12      0x38a ./Generated_Code/RealTimeLdd1.o
 .debug_info    0x0000909c      0x816 ./Generated_Code/TU1.o
 .debug_info    0x000098b2      0x764 ./Generated_Code/TU3.o
 .debug_info    0x0000a016      0x306 ./Generated_Code/Term1.o

.debug_abbrev   0x00000000     0x2d2b
 .debug_abbrev  0x00000000      0x1bf ./Static_Code/System/CPU_Init.o
 .debug_abbrev  0x000001bf       0xd8 ./Static_Code/System/Vectors.o
 .debug_abbrev  0x00000297       0xab ./Sources/Events.o
 .debug_abbrev  0x00000342       0x86 ./Sources/main.o
 .debug_abbrev  0x000003c8      0x148 ./Sources/utilities.o
 .debug_abbrev  0x00000510      0x189 ./Project_Settings/Startup_Code/startup.o
 .debug_abbrev  0x00000699      0x1f9 ./Generated_Code/ASerialLdd1.o
 .debug_abbrev  0x00000892      0x186 ./Generated_Code/BitIoLdd1.o
 .debug_abbrev  0x00000a18      0x186 ./Generated_Code/BitIoLdd10.o
 .debug_abbrev  0x00000b9e      0x186 ./Generated_Code/BitIoLdd11.o
 .debug_abbrev  0x00000d24      0x15d ./Generated_Code/BitIoLdd12.o
 .debug_abbrev  0x00000e81      0x15d ./Generated_Code/BitIoLdd13.o
 .debug_abbrev  0x00000fde      0x15d ./Generated_Code/BitIoLdd14.o
 .debug_abbrev  0x0000113b      0x186 ./Generated_Code/BitIoLdd15.o
 .debug_abbrev  0x000012c1      0x186 ./Generated_Code/BitIoLdd16.o
 .debug_abbrev  0x00001447      0x186 ./Generated_Code/BitIoLdd17.o
 .debug_abbrev  0x000015cd      0x15d ./Generated_Code/BitIoLdd18.o
 .debug_abbrev  0x0000172a      0x186 ./Generated_Code/BitIoLdd2.o
 .debug_abbrev  0x000018b0      0x186 ./Generated_Code/BitIoLdd3.o
 .debug_abbrev  0x00001a36      0x15d ./Generated_Code/BitIoLdd4.o
 .debug_abbrev  0x00001b93      0x15d ./Generated_Code/BitIoLdd5.o
 .debug_abbrev  0x00001cf0      0x186 ./Generated_Code/BitIoLdd6.o
 .debug_abbrev  0x00001e76      0x186 ./Generated_Code/BitIoLdd7.o
 .debug_abbrev  0x00001ffc      0x186 ./Generated_Code/BitIoLdd8.o
 .debug_abbrev  0x00002182      0x186 ./Generated_Code/BitIoLdd9.o
 .debug_abbrev  0x00002308       0x45 ./Generated_Code/Cpu.o
 .debug_abbrev  0x0000234d      0x18f ./Generated_Code/Inhr1.o
 .debug_abbrev  0x000024dc      0x10d ./Generated_Code/PE_LDD.o
 .debug_abbrev  0x000025e9      0x122 ./Generated_Code/PwmLdd1.o
 .debug_abbrev  0x0000270b      0x161 ./Generated_Code/RealTimeLdd1.o
 .debug_abbrev  0x0000286c      0x1c5 ./Generated_Code/TU1.o
 .debug_abbrev  0x00002a31      0x198 ./Generated_Code/TU3.o
 .debug_abbrev  0x00002bc9      0x162 ./Generated_Code/Term1.o

.debug_aranges  0x00000000      0xc50
 .debug_aranges
                0x00000000       0x40 ./Static_Code/System/CPU_Init.o
 .debug_aranges
                0x00000040      0x340 ./Static_Code/System/Vectors.o
 .debug_aranges
                0x00000380       0x30 ./Sources/Events.o
 .debug_aranges
                0x000003b0       0x20 ./Sources/main.o
 .debug_aranges
                0x000003d0       0x78 ./Sources/utilities.o
 .debug_aranges
                0x00000448       0x50 ./Project_Settings/Startup_Code/startup.o
 .debug_aranges
                0x00000498       0x50 ./Generated_Code/ASerialLdd1.o
 .debug_aranges
                0x000004e8       0x50 ./Generated_Code/BitIoLdd1.o
 .debug_aranges
                0x00000538       0x48 ./Generated_Code/BitIoLdd10.o
 .debug_aranges
                0x00000580       0x48 ./Generated_Code/BitIoLdd11.o
 .debug_aranges
                0x000005c8       0x40 ./Generated_Code/BitIoLdd12.o
 .debug_aranges
                0x00000608       0x40 ./Generated_Code/BitIoLdd13.o
 .debug_aranges
                0x00000648       0x40 ./Generated_Code/BitIoLdd14.o
 .debug_aranges
                0x00000688       0x48 ./Generated_Code/BitIoLdd15.o
 .debug_aranges
                0x000006d0       0x50 ./Generated_Code/BitIoLdd16.o
 .debug_aranges
                0x00000720       0x48 ./Generated_Code/BitIoLdd17.o
 .debug_aranges
                0x00000768       0x40 ./Generated_Code/BitIoLdd18.o
 .debug_aranges
                0x000007a8       0x50 ./Generated_Code/BitIoLdd2.o
 .debug_aranges
                0x000007f8       0x50 ./Generated_Code/BitIoLdd3.o
 .debug_aranges
                0x00000848       0x40 ./Generated_Code/BitIoLdd4.o
 .debug_aranges
                0x00000888       0x40 ./Generated_Code/BitIoLdd5.o
 .debug_aranges
                0x000008c8       0x50 ./Generated_Code/BitIoLdd6.o
 .debug_aranges
                0x00000918       0x50 ./Generated_Code/BitIoLdd7.o
 .debug_aranges
                0x00000968       0x50 ./Generated_Code/BitIoLdd8.o
 .debug_aranges
                0x000009b8       0x48 ./Generated_Code/BitIoLdd9.o
 .debug_aranges
                0x00000a00       0x28 ./Generated_Code/Cpu.o
 .debug_aranges
                0x00000a28       0x60 ./Generated_Code/Inhr1.o
 .debug_aranges
                0x00000a88       0x30 ./Generated_Code/PE_LDD.o
 .debug_aranges
                0x00000ab8       0x48 ./Generated_Code/PwmLdd1.o
 .debug_aranges
                0x00000b00       0x40 ./Generated_Code/RealTimeLdd1.o
 .debug_aranges
                0x00000b40       0x50 ./Generated_Code/TU1.o
 .debug_aranges
                0x00000b90       0x48 ./Generated_Code/TU3.o
 .debug_aranges
                0x00000bd8       0x78 ./Generated_Code/Term1.o

.debug_ranges   0x00000000      0xa40
 .debug_ranges  0x00000000       0x30 ./Static_Code/System/CPU_Init.o
 .debug_ranges  0x00000030      0x330 ./Static_Code/System/Vectors.o
 .debug_ranges  0x00000360       0x20 ./Sources/Events.o
 .debug_ranges  0x00000380       0x10 ./Sources/main.o
 .debug_ranges  0x00000390       0x68 ./Sources/utilities.o
 .debug_ranges  0x000003f8       0x40 ./Project_Settings/Startup_Code/startup.o
 .debug_ranges  0x00000438       0x40 ./Generated_Code/ASerialLdd1.o
 .debug_ranges  0x00000478       0x40 ./Generated_Code/BitIoLdd1.o
 .debug_ranges  0x000004b8       0x38 ./Generated_Code/BitIoLdd10.o
 .debug_ranges  0x000004f0       0x38 ./Generated_Code/BitIoLdd11.o
 .debug_ranges  0x00000528       0x30 ./Generated_Code/BitIoLdd12.o
 .debug_ranges  0x00000558       0x30 ./Generated_Code/BitIoLdd13.o
 .debug_ranges  0x00000588       0x30 ./Generated_Code/BitIoLdd14.o
 .debug_ranges  0x000005b8       0x38 ./Generated_Code/BitIoLdd15.o
 .debug_ranges  0x000005f0       0x40 ./Generated_Code/BitIoLdd16.o
 .debug_ranges  0x00000630       0x38 ./Generated_Code/BitIoLdd17.o
 .debug_ranges  0x00000668       0x30 ./Generated_Code/BitIoLdd18.o
 .debug_ranges  0x00000698       0x40 ./Generated_Code/BitIoLdd2.o
 .debug_ranges  0x000006d8       0x40 ./Generated_Code/BitIoLdd3.o
 .debug_ranges  0x00000718       0x30 ./Generated_Code/BitIoLdd4.o
 .debug_ranges  0x00000748       0x30 ./Generated_Code/BitIoLdd5.o
 .debug_ranges  0x00000778       0x40 ./Generated_Code/BitIoLdd6.o
 .debug_ranges  0x000007b8       0x40 ./Generated_Code/BitIoLdd7.o
 .debug_ranges  0x000007f8       0x40 ./Generated_Code/BitIoLdd8.o
 .debug_ranges  0x00000838       0x38 ./Generated_Code/BitIoLdd9.o
 .debug_ranges  0x00000870       0x18 ./Generated_Code/Cpu.o
 .debug_ranges  0x00000888       0x50 ./Generated_Code/Inhr1.o
 .debug_ranges  0x000008d8       0x20 ./Generated_Code/PE_LDD.o
 .debug_ranges  0x000008f8       0x38 ./Generated_Code/PwmLdd1.o
 .debug_ranges  0x00000930       0x30 ./Generated_Code/RealTimeLdd1.o
 .debug_ranges  0x00000960       0x40 ./Generated_Code/TU1.o
 .debug_ranges  0x000009a0       0x38 ./Generated_Code/TU3.o
 .debug_ranges  0x000009d8       0x68 ./Generated_Code/Term1.o

.debug_macro    0x00000000    0x26f60
 .debug_macro   0x00000000      0x434 ./Static_Code/System/CPU_Init.o
 .debug_macro   0x00000434      0x850 ./Static_Code/System/CPU_Init.o
 .debug_macro   0x00000c84       0x16 ./Static_Code/System/CPU_Init.o
 .debug_macro   0x00000c9a       0x44 ./Static_Code/System/CPU_Init.o
 .debug_macro   0x00000cde      0x209 ./Static_Code/System/CPU_Init.o
 .debug_macro   0x00000ee7     0x180f ./Static_Code/System/CPU_Init.o
 .debug_macro   0x000026f6     0xbca7 ./Static_Code/System/CPU_Init.o
 .debug_macro   0x0000e39d      0x4c6 ./Static_Code/System/CPU_Init.o
 .debug_macro   0x0000e863      0x14e ./Static_Code/System/CPU_Init.o
 .debug_macro   0x0000e9b1       0x6a ./Static_Code/System/CPU_Init.o
 .debug_macro   0x0000ea1b       0x58 ./Static_Code/System/CPU_Init.o
 .debug_macro   0x0000ea73       0x35 ./Static_Code/System/CPU_Init.o
 .debug_macro   0x0000eaa8       0xa3 ./Static_Code/System/CPU_Init.o
 .debug_macro   0x0000eb4b       0x16 ./Static_Code/System/CPU_Init.o
 .debug_macro   0x0000eb61       0x3a ./Static_Code/System/CPU_Init.o
 .debug_macro   0x0000eb9b       0x65 ./Static_Code/System/CPU_Init.o
 .debug_macro   0x0000ec00       0x1f ./Static_Code/System/CPU_Init.o
 .debug_macro   0x0000ec1f       0x94 ./Static_Code/System/CPU_Init.o
 .debug_macro   0x0000ecb3      0x12c ./Static_Code/System/CPU_Init.o
 .debug_macro   0x0000eddf       0x4c ./Static_Code/System/CPU_Init.o
 .debug_macro   0x0000ee2b       0x2d ./Static_Code/System/CPU_Init.o
 .debug_macro   0x0000ee58       0x52 ./Static_Code/System/CPU_Init.o
 .debug_macro   0x0000eeaa       0x2d ./Static_Code/System/CPU_Init.o
 .debug_macro   0x0000eed7       0x52 ./Static_Code/System/CPU_Init.o
 .debug_macro   0x0000ef29       0x2d ./Static_Code/System/CPU_Init.o
 .debug_macro   0x0000ef56      0x6a6 ./Static_Code/System/CPU_Init.o
 .debug_macro   0x0000f5fc       0x7b ./Static_Code/System/CPU_Init.o
 .debug_macro   0x0000f677       0x28 ./Static_Code/System/CPU_Init.o
 .debug_macro   0x0000f69f       0x18 ./Static_Code/System/CPU_Init.o
 .debug_macro   0x0000f6b7       0x7a ./Static_Code/System/CPU_Init.o
 .debug_macro   0x0000f731       0x3e ./Static_Code/System/CPU_Init.o
 .debug_macro   0x0000f76f       0x2c ./Static_Code/System/CPU_Init.o
 .debug_macro   0x0000f79b       0x46 ./Static_Code/System/CPU_Init.o
 .debug_macro   0x0000f7e1       0x1f ./Static_Code/System/CPU_Init.o
 .debug_macro   0x0000f800       0x52 ./Static_Code/System/CPU_Init.o
 .debug_macro   0x0000f852       0x2d ./Static_Code/System/CPU_Init.o
 .debug_macro   0x0000f87f       0x46 ./Static_Code/System/CPU_Init.o
 .debug_macro   0x0000f8c5       0x1f ./Static_Code/System/CPU_Init.o
 .debug_macro   0x0000f8e4       0x52 ./Static_Code/System/CPU_Init.o
 .debug_macro   0x0000f936       0x2d ./Static_Code/System/CPU_Init.o
 .debug_macro   0x0000f963       0x52 ./Static_Code/System/CPU_Init.o
 .debug_macro   0x0000f9b5       0x2d ./Static_Code/System/CPU_Init.o
 .debug_macro   0x0000f9e2       0x4c ./Static_Code/System/CPU_Init.o
 .debug_macro   0x0000fa2e       0x26 ./Static_Code/System/CPU_Init.o
 .debug_macro   0x0000fa54       0x4c ./Static_Code/System/CPU_Init.o
 .debug_macro   0x0000faa0       0x26 ./Static_Code/System/CPU_Init.o
 .debug_macro   0x0000fac6       0x4c ./Static_Code/System/CPU_Init.o
 .debug_macro   0x0000fb12       0x26 ./Static_Code/System/CPU_Init.o
 .debug_macro   0x0000fb38       0x4c ./Static_Code/System/CPU_Init.o
 .debug_macro   0x0000fb84       0x26 ./Static_Code/System/CPU_Init.o
 .debug_macro   0x0000fbaa       0x52 ./Static_Code/System/CPU_Init.o
 .debug_macro   0x0000fbfc       0x2d ./Static_Code/System/CPU_Init.o
 .debug_macro   0x0000fc29       0x4c ./Static_Code/System/CPU_Init.o
 .debug_macro   0x0000fc75       0x26 ./Static_Code/System/CPU_Init.o
 .debug_macro   0x0000fc9b       0x46 ./Static_Code/System/CPU_Init.o
 .debug_macro   0x0000fce1       0x1f ./Static_Code/System/CPU_Init.o
 .debug_macro   0x0000fd00       0x46 ./Static_Code/System/CPU_Init.o
 .debug_macro   0x0000fd46       0x1f ./Static_Code/System/CPU_Init.o
 .debug_macro   0x0000fd65       0x46 ./Static_Code/System/CPU_Init.o
 .debug_macro   0x0000fdab       0x1f ./Static_Code/System/CPU_Init.o
 .debug_macro   0x0000fdca       0x46 ./Static_Code/System/CPU_Init.o
 .debug_macro   0x0000fe10       0x1f ./Static_Code/System/CPU_Init.o
 .debug_macro   0x0000fe2f      0x2bf ./Static_Code/System/CPU_Init.o
 .debug_macro   0x000100ee      0x422 ./Static_Code/System/Vectors.o
 .debug_macro   0x00010510      0x4f7 ./Sources/Events.o
 .debug_macro   0x00010a07       0x34 ./Sources/Events.o
 .debug_macro   0x00010a3b      0x61c ./Sources/Events.o
 .debug_macro   0x00011057      0x328 ./Sources/Events.o
 .debug_macro   0x0001137f      0x109 ./Sources/Events.o
 .debug_macro   0x00011488      0x17f ./Sources/Events.o
 .debug_macro   0x00011607      0x202 ./Sources/Events.o
 .debug_macro   0x00011809      0x91e ./Sources/Events.o
 .debug_macro   0x00012127       0x9e ./Sources/Events.o
 .debug_macro   0x000121c5      0x1f9 ./Sources/Events.o
 .debug_macro   0x000123be      0x39c ./Sources/Events.o
 .debug_macro   0x0001275a      0x29c ./Sources/Events.o
 .debug_macro   0x000129f6      0x264 ./Sources/Events.o
 .debug_macro   0x00012c5a      0x25b ./Sources/Events.o
 .debug_macro   0x00012eb5      0x399 ./Sources/Events.o
 .debug_macro   0x0001324e      0x4f1 ./Sources/Events.o
 .debug_macro   0x0001373f      0x13f ./Sources/Events.o
 .debug_macro   0x0001387e       0x6c ./Sources/Events.o
 .debug_macro   0x000138ea      0x30d ./Sources/Events.o
 .debug_macro   0x00013bf7       0xbb ./Sources/Events.o
 .debug_macro   0x00013cb2       0xe9 ./Sources/Events.o
 .debug_macro   0x00013d9b      0x4ea ./Sources/Events.o
 .debug_macro   0x00014285      0x18f ./Sources/Events.o
 .debug_macro   0x00014414       0xea ./Sources/Events.o
 .debug_macro   0x000144fe      0x344 ./Sources/Events.o
 .debug_macro   0x00014842      0x824 ./Sources/Events.o
 .debug_macro   0x00015066      0x179 ./Sources/Events.o
 .debug_macro   0x000151df      0x9e2 ./Sources/Events.o
 .debug_macro   0x00015bc1      0x129 ./Sources/Events.o
 .debug_macro   0x00015cea      0x648 ./Sources/Events.o
 .debug_macro   0x00016332       0x81 ./Sources/Events.o
 .debug_macro   0x000163b3      0x7bf ./Sources/Events.o
 .debug_macro   0x00016b72      0x66f ./Sources/Events.o
 .debug_macro   0x000171e1       0x7b ./Sources/Events.o
 .debug_macro   0x0001725c      0x182 ./Sources/Events.o
 .debug_macro   0x000173de      0x582 ./Sources/main.o
 .debug_macro   0x00017960      0x56e ./Sources/utilities.o
 .debug_macro   0x00017ece      0x121 ./Project_Settings/Startup_Code/startup.o
 .debug_macro   0x00017fef       0x4a ./Project_Settings/Startup_Code/startup.o
 .debug_macro   0x00018039       0x16 ./Project_Settings/Startup_Code/startup.o
 .debug_macro   0x0001804f       0x22 ./Project_Settings/Startup_Code/startup.o
 .debug_macro   0x00018071       0x10 ./Project_Settings/Startup_Code/startup.o
 .debug_macro   0x00018081      0x20f ./Project_Settings/Startup_Code/startup.o
 .debug_macro   0x00018290     0xbc9b ./Project_Settings/Startup_Code/startup.o
 .debug_macro   0x00023f2b      0x113 ./Generated_Code/ASerialLdd1.o
 .debug_macro   0x0002403e       0x5f ./Generated_Code/ASerialLdd1.o
 .debug_macro   0x0002409d       0x25 ./Generated_Code/ASerialLdd1.o
 .debug_macro   0x000240c2      0x7b9 ./Generated_Code/ASerialLdd1.o
 .debug_macro   0x0002487b       0xfa ./Generated_Code/BitIoLdd1.o
 .debug_macro   0x00024975       0xfa ./Generated_Code/BitIoLdd10.o
 .debug_macro   0x00024a6f       0x46 ./Generated_Code/BitIoLdd10.o
 .debug_macro   0x00024ab5       0xfa ./Generated_Code/BitIoLdd11.o
 .debug_macro   0x00024baf       0x46 ./Generated_Code/BitIoLdd11.o
 .debug_macro   0x00024bf5       0xfa ./Generated_Code/BitIoLdd12.o
 .debug_macro   0x00024cef       0x40 ./Generated_Code/BitIoLdd12.o
 .debug_macro   0x00024d2f       0xfa ./Generated_Code/BitIoLdd13.o
 .debug_macro   0x00024e29       0x40 ./Generated_Code/BitIoLdd13.o
 .debug_macro   0x00024e69       0xfa ./Generated_Code/BitIoLdd14.o
 .debug_macro   0x00024f63       0x40 ./Generated_Code/BitIoLdd14.o
 .debug_macro   0x00024fa3       0xfa ./Generated_Code/BitIoLdd15.o
 .debug_macro   0x0002509d       0x46 ./Generated_Code/BitIoLdd15.o
 .debug_macro   0x000250e3       0xfa ./Generated_Code/BitIoLdd16.o
 .debug_macro   0x000251dd       0x4c ./Generated_Code/BitIoLdd16.o
 .debug_macro   0x00025229       0xfa ./Generated_Code/BitIoLdd17.o
 .debug_macro   0x00025323       0x46 ./Generated_Code/BitIoLdd17.o
 .debug_macro   0x00025369       0xfa ./Generated_Code/BitIoLdd18.o
 .debug_macro   0x00025463       0x40 ./Generated_Code/BitIoLdd18.o
 .debug_macro   0x000254a3       0xfa ./Generated_Code/BitIoLdd2.o
 .debug_macro   0x0002559d       0x4c ./Generated_Code/BitIoLdd2.o
 .debug_macro   0x000255e9       0xfa ./Generated_Code/BitIoLdd3.o
 .debug_macro   0x000256e3       0x4c ./Generated_Code/BitIoLdd3.o
 .debug_macro   0x0002572f       0xfa ./Generated_Code/BitIoLdd4.o
 .debug_macro   0x00025829       0x40 ./Generated_Code/BitIoLdd4.o
 .debug_macro   0x00025869       0xfa ./Generated_Code/BitIoLdd5.o
 .debug_macro   0x00025963       0x40 ./Generated_Code/BitIoLdd5.o
 .debug_macro   0x000259a3       0xfa ./Generated_Code/BitIoLdd6.o
 .debug_macro   0x00025a9d       0x4c ./Generated_Code/BitIoLdd6.o
 .debug_macro   0x00025ae9       0xfa ./Generated_Code/BitIoLdd7.o
 .debug_macro   0x00025be3       0x4c ./Generated_Code/BitIoLdd7.o
 .debug_macro   0x00025c2f       0xfa ./Generated_Code/BitIoLdd8.o
 .debug_macro   0x00025d29       0x4c ./Generated_Code/BitIoLdd8.o
 .debug_macro   0x00025d75       0xfa ./Generated_Code/BitIoLdd9.o
 .debug_macro   0x00025e6f       0x46 ./Generated_Code/BitIoLdd9.o
 .debug_macro   0x00025eb5      0x3d5 ./Generated_Code/Cpu.o
 .debug_macro   0x0002628a      0x443 ./Generated_Code/Inhr1.o
 .debug_macro   0x000266cd      0x350 ./Generated_Code/PE_LDD.o
 .debug_macro   0x00026a1d      0x10f ./Generated_Code/PwmLdd1.o
 .debug_macro   0x00026b2c      0x10f ./Generated_Code/RealTimeLdd1.o
 .debug_macro   0x00026c3b      0x117 ./Generated_Code/TU1.o
 .debug_macro   0x00026d52      0x108 ./Generated_Code/TU3.o
 .debug_macro   0x00026e5a      0x106 ./Generated_Code/Term1.o

.debug_line     0x00000000     0x972f
 .debug_line    0x00000000      0x721 ./Static_Code/System/CPU_Init.o
 .debug_line    0x00000721      0xcc0 ./Static_Code/System/Vectors.o
 .debug_line    0x000013e1      0x769 ./Sources/Events.o
 .debug_line    0x00001b4a      0x826 ./Sources/main.o
 .debug_line    0x00002370      0x9bc ./Sources/utilities.o
 .debug_line    0x00002d2c      0x3a8 ./Project_Settings/Startup_Code/startup.o
 .debug_line    0x000030d4      0x413 ./Generated_Code/ASerialLdd1.o
 .debug_line    0x000034e7      0x36e ./Generated_Code/BitIoLdd1.o
 .debug_line    0x00003855      0x35e ./Generated_Code/BitIoLdd10.o
 .debug_line    0x00003bb3      0x35e ./Generated_Code/BitIoLdd11.o
 .debug_line    0x00003f11      0x348 ./Generated_Code/BitIoLdd12.o
 .debug_line    0x00004259      0x348 ./Generated_Code/BitIoLdd13.o
 .debug_line    0x000045a1      0x348 ./Generated_Code/BitIoLdd14.o
 .debug_line    0x000048e9      0x35a ./Generated_Code/BitIoLdd15.o
 .debug_line    0x00004c43      0x370 ./Generated_Code/BitIoLdd16.o
 .debug_line    0x00004fb3      0x35a ./Generated_Code/BitIoLdd17.o
 .debug_line    0x0000530d      0x348 ./Generated_Code/BitIoLdd18.o
 .debug_line    0x00005655      0x36e ./Generated_Code/BitIoLdd2.o
 .debug_line    0x000059c3      0x36e ./Generated_Code/BitIoLdd3.o
 .debug_line    0x00005d31      0x346 ./Generated_Code/BitIoLdd4.o
 .debug_line    0x00006077      0x346 ./Generated_Code/BitIoLdd5.o
 .debug_line    0x000063bd      0x36e ./Generated_Code/BitIoLdd6.o
 .debug_line    0x0000672b      0x36e ./Generated_Code/BitIoLdd7.o
 .debug_line    0x00006a99      0x36e ./Generated_Code/BitIoLdd8.o
 .debug_line    0x00006e07      0x35c ./Generated_Code/BitIoLdd9.o
 .debug_line    0x00007163      0x612 ./Generated_Code/Cpu.o
 .debug_line    0x00007775      0x731 ./Generated_Code/Inhr1.o
 .debug_line    0x00007ea6      0x5c5 ./Generated_Code/PE_LDD.o
 .debug_line    0x0000846b      0x377 ./Generated_Code/PwmLdd1.o
 .debug_line    0x000087e2      0x3a4 ./Generated_Code/RealTimeLdd1.o
 .debug_line    0x00008b86      0x3af ./Generated_Code/TU1.o
 .debug_line    0x00008f35      0x394 ./Generated_Code/TU3.o
 .debug_line    0x000092c9      0x466 ./Generated_Code/Term1.o

.debug_str      0x00000000    0xc10ef
 .debug_str     0x00000000    0x5b6ce ./Static_Code/System/CPU_Init.o
                              0x5b87e (size before relaxing)
 .debug_str     0x0005b6ce      0x980 ./Static_Code/System/Vectors.o
                              0x5bc9f (size before relaxing)
 .debug_str     0x0005c04e    0x612d9 ./Sources/Events.o
                              0xbb7f0 (size before relaxing)
 .debug_str     0x000bd327     0x2065 ./Sources/main.o
                              0xbd876 (size before relaxing)
 .debug_str     0x000bf38c       0xf4 ./Sources/utilities.o
                              0xbd93a (size before relaxing)
 .debug_str     0x000bf480      0x186 ./Project_Settings/Startup_Code/startup.o
                              0x45bb2 (size before relaxing)
 .debug_str     0x000bf606      0x3c2 ./Generated_Code/ASerialLdd1.o
                              0x5b7ad (size before relaxing)
 .debug_str     0x000bf9c8      0x109 ./Generated_Code/BitIoLdd1.o
                              0x4d683 (size before relaxing)
 .debug_str     0x000bfad1       0xba ./Generated_Code/BitIoLdd10.o
                              0x4d667 (size before relaxing)
 .debug_str     0x000bfb8b       0xba ./Generated_Code/BitIoLdd11.o
                              0x4d667 (size before relaxing)
 .debug_str     0x000bfc45       0xa8 ./Generated_Code/BitIoLdd12.o
                              0x4d635 (size before relaxing)
 .debug_str     0x000bfced       0xa8 ./Generated_Code/BitIoLdd13.o
                              0x4d635 (size before relaxing)
 .debug_str     0x000bfd95       0xa8 ./Generated_Code/BitIoLdd14.o
                              0x4d633 (size before relaxing)
 .debug_str     0x000bfe3d       0xba ./Generated_Code/BitIoLdd15.o
                              0x4d667 (size before relaxing)
 .debug_str     0x000bfef7       0xcc ./Generated_Code/BitIoLdd16.o
                              0x4d69b (size before relaxing)
 .debug_str     0x000bffc3       0xba ./Generated_Code/BitIoLdd17.o
                              0x4d66d (size before relaxing)
 .debug_str     0x000c007d       0xa8 ./Generated_Code/BitIoLdd18.o
                              0x4d635 (size before relaxing)
 .debug_str     0x000c0125       0xc2 ./Generated_Code/BitIoLdd2.o
                              0x4d683 (size before relaxing)
 .debug_str     0x000c01e7       0xc2 ./Generated_Code/BitIoLdd3.o
                              0x4d685 (size before relaxing)
 .debug_str     0x000c02a9       0xa0 ./Generated_Code/BitIoLdd4.o
                              0x4d61f (size before relaxing)
 .debug_str     0x000c0349       0xa0 ./Generated_Code/BitIoLdd5.o
                              0x4d61f (size before relaxing)
 .debug_str     0x000c03e9       0xc2 ./Generated_Code/BitIoLdd6.o
                              0x4d683 (size before relaxing)
 .debug_str     0x000c04ab       0xc2 ./Generated_Code/BitIoLdd7.o
                              0x4d685 (size before relaxing)
 .debug_str     0x000c056d       0xc2 ./Generated_Code/BitIoLdd8.o
                              0x4d683 (size before relaxing)
 .debug_str     0x000c062f       0xb1 ./Generated_Code/BitIoLdd9.o
                              0x4d651 (size before relaxing)
 .debug_str     0x000c06e0       0x28 ./Generated_Code/Cpu.o
                              0x5a2f6 (size before relaxing)
 .debug_str     0x000c0708      0x24f ./Generated_Code/Inhr1.o
                              0x5a5c6 (size before relaxing)
 .debug_str     0x000c0957      0x166 ./Generated_Code/PE_LDD.o
                              0x5a48f (size before relaxing)
 .debug_str     0x000c0abd       0xe1 ./Generated_Code/PwmLdd1.o
                              0x55bb7 (size before relaxing)
 .debug_str     0x000c0b9e       0xe1 ./Generated_Code/RealTimeLdd1.o
                              0x55bd9 (size before relaxing)
 .debug_str     0x000c0c7f      0x21e ./Generated_Code/TU1.o
                              0x55e06 (size before relaxing)
 .debug_str     0x000c0e9d      0x153 ./Generated_Code/TU3.o
                              0x55c9e (size before relaxing)
 .debug_str     0x000c0ff0       0xff ./Generated_Code/Term1.o
                              0x4c8a0 (size before relaxing)

.comment        0x00000000       0x70
 .comment       0x00000000       0x70 ./Static_Code/System/CPU_Init.o
                                 0x71 (size before relaxing)
 .comment       0x00000000       0x71 ./Static_Code/System/Vectors.o
 .comment       0x00000000       0x71 ./Sources/Events.o
 .comment       0x00000000       0x71 ./Sources/main.o
 .comment       0x00000000       0x71 ./Sources/utilities.o
 .comment       0x00000000       0x71 ./Project_Settings/Startup_Code/startup.o
 .comment       0x00000000       0x71 ./Generated_Code/ASerialLdd1.o
 .comment       0x00000000       0x71 ./Generated_Code/BitIoLdd1.o
 .comment       0x00000000       0x71 ./Generated_Code/BitIoLdd10.o
 .comment       0x00000000       0x71 ./Generated_Code/BitIoLdd11.o
 .comment       0x00000000       0x71 ./Generated_Code/BitIoLdd12.o
 .comment       0x00000000       0x71 ./Generated_Code/BitIoLdd13.o
 .comment       0x00000000       0x71 ./Generated_Code/BitIoLdd14.o
 .comment       0x00000000       0x71 ./Generated_Code/BitIoLdd15.o
 .comment       0x00000000       0x71 ./Generated_Code/BitIoLdd16.o
 .comment       0x00000000       0x71 ./Generated_Code/BitIoLdd17.o
 .comment       0x00000000       0x71 ./Generated_Code/BitIoLdd18.o
 .comment       0x00000000       0x71 ./Generated_Code/BitIoLdd2.o
 .comment       0x00000000       0x71 ./Generated_Code/BitIoLdd3.o
 .comment       0x00000000       0x71 ./Generated_Code/BitIoLdd4.o
 .comment       0x00000000       0x71 ./Generated_Code/BitIoLdd5.o
 .comment       0x00000000       0x71 ./Generated_Code/BitIoLdd6.o
 .comment       0x00000000       0x71 ./Generated_Code/BitIoLdd7.o
 .comment       0x00000000       0x71 ./Generated_Code/BitIoLdd8.o
 .comment       0x00000000       0x71 ./Generated_Code/BitIoLdd9.o
 .comment       0x00000000       0x71 ./Generated_Code/Cpu.o
 .comment       0x00000000       0x71 ./Generated_Code/Inhr1.o
 .comment       0x00000000       0x71 ./Generated_Code/PE_LDD.o
 .comment       0x00000000       0x71 ./Generated_Code/PwmLdd1.o
 .comment       0x00000000       0x71 ./Generated_Code/RealTimeLdd1.o
 .comment       0x00000000       0x71 ./Generated_Code/TU1.o
 .comment       0x00000000       0x71 ./Generated_Code/TU3.o
 .comment       0x00000000       0x71 ./Generated_Code/Term1.o

.debug_frame    0x00000000     0x24e8
 .debug_frame   0x00000000       0x9c ./Static_Code/System/CPU_Init.o
 .debug_frame   0x0000009c      0xcb0 ./Static_Code/System/Vectors.o
 .debug_frame   0x00000d4c       0x60 ./Sources/Events.o
 .debug_frame   0x00000dac       0x30 ./Sources/main.o
 .debug_frame   0x00000ddc      0x170 ./Sources/utilities.o
 .debug_frame   0x00000f4c       0xc0 ./Project_Settings/Startup_Code/startup.o
 .debug_frame   0x0000100c       0xec ./Generated_Code/ASerialLdd1.o
 .debug_frame   0x000010f8       0xd4 ./Generated_Code/BitIoLdd1.o
 .debug_frame   0x000011cc       0xb8 ./Generated_Code/BitIoLdd10.o
 .debug_frame   0x00001284       0xb8 ./Generated_Code/BitIoLdd11.o
 .debug_frame   0x0000133c       0x9c ./Generated_Code/BitIoLdd12.o
 .debug_frame   0x000013d8       0x9c ./Generated_Code/BitIoLdd13.o
 .debug_frame   0x00001474       0x9c ./Generated_Code/BitIoLdd14.o
 .debug_frame   0x00001510       0xb8 ./Generated_Code/BitIoLdd15.o
 .debug_frame   0x000015c8       0xd4 ./Generated_Code/BitIoLdd16.o
 .debug_frame   0x0000169c       0xb8 ./Generated_Code/BitIoLdd17.o
 .debug_frame   0x00001754       0x9c ./Generated_Code/BitIoLdd18.o
 .debug_frame   0x000017f0       0xd4 ./Generated_Code/BitIoLdd2.o
 .debug_frame   0x000018c4       0xd4 ./Generated_Code/BitIoLdd3.o
 .debug_frame   0x00001998       0x9c ./Generated_Code/BitIoLdd4.o
 .debug_frame   0x00001a34       0x9c ./Generated_Code/BitIoLdd5.o
 .debug_frame   0x00001ad0       0xd4 ./Generated_Code/BitIoLdd6.o
 .debug_frame   0x00001ba4       0xd4 ./Generated_Code/BitIoLdd7.o
 .debug_frame   0x00001c78       0xd4 ./Generated_Code/BitIoLdd8.o
 .debug_frame   0x00001d4c       0xb8 ./Generated_Code/BitIoLdd9.o
 .debug_frame   0x00001e04       0x50 ./Generated_Code/Cpu.o
 .debug_frame   0x00001e54      0x118 ./Generated_Code/Inhr1.o
 .debug_frame   0x00001f6c       0x64 ./Generated_Code/PE_LDD.o
 .debug_frame   0x00001fd0       0xd0 ./Generated_Code/PwmLdd1.o
 .debug_frame   0x000020a0       0xa8 ./Generated_Code/RealTimeLdd1.o
 .debug_frame   0x00002148       0xdc ./Generated_Code/TU1.o
 .debug_frame   0x00002224       0xb8 ./Generated_Code/TU3.o
 .debug_frame   0x000022dc      0x178 ./Generated_Code/Term1.o
 .debug_frame   0x00002454       0x28 c:/freescale/kds_v3/toolchain/bin/../lib/gcc/arm-none-eabi/4.8.4/../../../../arm-none-eabi/lib/armv7e-m/fpu\libg_s.a(lib_a-exit.o)
 .debug_frame   0x0000247c       0x2c c:/freescale/kds_v3/toolchain/bin/../lib/gcc/arm-none-eabi/4.8.4/../../../../arm-none-eabi/lib/armv7e-m/fpu\libg_s.a(lib_a-init.o)
 .debug_frame   0x000024a8       0x20 c:/freescale/kds_v3/toolchain/bin/../lib/gcc/arm-none-eabi/4.8.4/../../../../arm-none-eabi/lib/armv7e-m/fpu\libg_s.a(lib_a-memset.o)
 .debug_frame   0x000024c8       0x20 c:/freescale/kds_v3/toolchain/bin/../lib/gcc/arm-none-eabi/4.8.4/../../../../arm-none-eabi/lib/armv7e-m/fpu\libnosys.a(_exit.o)
