Archive member included because of file (symbol)

c:/freescale/kds_v3/toolchain/bin/../lib/gcc/arm-none-eabi/4.8.4/../../../../arm-none-eabi/lib/armv7e-m/fpu\libm.a(lib_a-w_sqrt.o)
                              ./Sources/drawShapes.o (sqrt)
c:/freescale/kds_v3/toolchain/bin/../lib/gcc/arm-none-eabi/4.8.4/../../../../arm-none-eabi/lib/armv7e-m/fpu\libm.a(lib_a-e_sqrt.o)
                              c:/freescale/kds_v3/toolchain/bin/../lib/gcc/arm-none-eabi/4.8.4/../../../../arm-none-eabi/lib/armv7e-m/fpu\libm.a(lib_a-w_sqrt.o) (__ieee754_sqrt)
c:/freescale/kds_v3/toolchain/bin/../lib/gcc/arm-none-eabi/4.8.4/../../../../arm-none-eabi/lib/armv7e-m/fpu\libm.a(lib_a-s_fpclassify.o)
                              c:/freescale/kds_v3/toolchain/bin/../lib/gcc/arm-none-eabi/4.8.4/../../../../arm-none-eabi/lib/armv7e-m/fpu\libm.a(lib_a-w_sqrt.o) (__fpclassifyd)
c:/freescale/kds_v3/toolchain/bin/../lib/gcc/arm-none-eabi/4.8.4/../../../../arm-none-eabi/lib/armv7e-m/fpu\libm.a(lib_a-s_lib_ver.o)
                              c:/freescale/kds_v3/toolchain/bin/../lib/gcc/arm-none-eabi/4.8.4/../../../../arm-none-eabi/lib/armv7e-m/fpu\libm.a(lib_a-w_sqrt.o) (__fdlib_version)
c:/freescale/kds_v3/toolchain/bin/../lib/gcc/arm-none-eabi/4.8.4/../../../../arm-none-eabi/lib/armv7e-m/fpu\libm.a(lib_a-s_matherr.o)
                              c:/freescale/kds_v3/toolchain/bin/../lib/gcc/arm-none-eabi/4.8.4/../../../../arm-none-eabi/lib/armv7e-m/fpu\libm.a(lib_a-w_sqrt.o) (matherr)
c:/freescale/kds_v3/toolchain/bin/../lib/gcc/arm-none-eabi/4.8.4/armv7e-m/fpu\libgcc.a(_arm_addsubdf3.o)
                              c:/freescale/kds_v3/toolchain/bin/../lib/gcc/arm-none-eabi/4.8.4/../../../../arm-none-eabi/lib/armv7e-m/fpu\libm.a(lib_a-e_sqrt.o) (__aeabi_dsub)
c:/freescale/kds_v3/toolchain/bin/../lib/gcc/arm-none-eabi/4.8.4/armv7e-m/fpu\libgcc.a(_arm_muldivdf3.o)
                              ./Sources/drawShapes.o (__aeabi_dmul)
c:/freescale/kds_v3/toolchain/bin/../lib/gcc/arm-none-eabi/4.8.4/armv7e-m/fpu\libgcc.a(_arm_cmpdf2.o)
                              c:/freescale/kds_v3/toolchain/bin/../lib/gcc/arm-none-eabi/4.8.4/../../../../arm-none-eabi/lib/armv7e-m/fpu\libm.a(lib_a-w_sqrt.o) (__aeabi_dcmplt)
c:/freescale/kds_v3/toolchain/bin/../lib/gcc/arm-none-eabi/4.8.4/armv7e-m/fpu\libgcc.a(_arm_fixdfsi.o)
                              ./Sources/drawShapes.o (__aeabi_d2iz)
c:/freescale/kds_v3/toolchain/bin/../lib/gcc/arm-none-eabi/4.8.4/../../../../arm-none-eabi/lib/armv7e-m/fpu\libg_s.a(lib_a-errno.o)
                              c:/freescale/kds_v3/toolchain/bin/../lib/gcc/arm-none-eabi/4.8.4/../../../../arm-none-eabi/lib/armv7e-m/fpu\libm.a(lib_a-w_sqrt.o) (__errno)
c:/freescale/kds_v3/toolchain/bin/../lib/gcc/arm-none-eabi/4.8.4/../../../../arm-none-eabi/lib/armv7e-m/fpu\libg_s.a(lib_a-exit.o)
                              c:/freescale/kds_v3/toolchain/bin/../lib/gcc/arm-none-eabi/4.8.4/../../../../arm-none-eabi/lib/armv7e-m/fpu/crt0.o (exit)
c:/freescale/kds_v3/toolchain/bin/../lib/gcc/arm-none-eabi/4.8.4/../../../../arm-none-eabi/lib/armv7e-m/fpu\libg_s.a(lib_a-impure.o)
                              c:/freescale/kds_v3/toolchain/bin/../lib/gcc/arm-none-eabi/4.8.4/../../../../arm-none-eabi/lib/armv7e-m/fpu\libg_s.a(lib_a-exit.o) (_global_impure_ptr)
c:/freescale/kds_v3/toolchain/bin/../lib/gcc/arm-none-eabi/4.8.4/../../../../arm-none-eabi/lib/armv7e-m/fpu\libg_s.a(lib_a-init.o)
                              c:/freescale/kds_v3/toolchain/bin/../lib/gcc/arm-none-eabi/4.8.4/../../../../arm-none-eabi/lib/armv7e-m/fpu/crt0.o (__libc_init_array)
c:/freescale/kds_v3/toolchain/bin/../lib/gcc/arm-none-eabi/4.8.4/../../../../arm-none-eabi/lib/armv7e-m/fpu\libg_s.a(lib_a-memset.o)
                              c:/freescale/kds_v3/toolchain/bin/../lib/gcc/arm-none-eabi/4.8.4/../../../../arm-none-eabi/lib/armv7e-m/fpu/crt0.o (memset)
c:/freescale/kds_v3/toolchain/bin/../lib/gcc/arm-none-eabi/4.8.4/../../../../arm-none-eabi/lib/armv7e-m/fpu\libnosys.a(_exit.o)
                              c:/freescale/kds_v3/toolchain/bin/../lib/gcc/arm-none-eabi/4.8.4/../../../../arm-none-eabi/lib/armv7e-m/fpu\libg_s.a(lib_a-exit.o) (_exit)

Allocating common symbols
Common symbol       size              file

ASerialLdd1_DeviceDataPtr
                    0x4               ./Generated_Code/Inhr1.o
SR_reg              0x1               ./Static_Code/System/CPU_Init.o

Discarded input sections

 .text          0x00000000        0x0 c:/freescale/kds_v3/toolchain/bin/../lib/gcc/arm-none-eabi/4.8.4/armv7e-m/fpu/crti.o
 .data          0x00000000        0x0 c:/freescale/kds_v3/toolchain/bin/../lib/gcc/arm-none-eabi/4.8.4/armv7e-m/fpu/crti.o
 .bss           0x00000000        0x0 c:/freescale/kds_v3/toolchain/bin/../lib/gcc/arm-none-eabi/4.8.4/armv7e-m/fpu/crti.o
 .data          0x00000000        0x4 c:/freescale/kds_v3/toolchain/bin/../lib/gcc/arm-none-eabi/4.8.4/armv7e-m/fpu/crtbegin.o
[...]
Memory Configuration

Name             Origin             Length             Attributes
m_interrupts     0x00000000         0x00000198         xr
m_text           0x00000410         0x0007fbf0         xr
m_data           0x1fff0000         0x00010000         rw
m_data_20000000  0x20000000         0x00010000         rw
m_cfmprotrom     0x00000400         0x00000010         xr
*default*        0x00000000         0xffffffff

Linker script and memory map

LOAD c:/freescale/kds_v3/toolchain/bin/../lib/gcc/arm-none-eabi/4.8.4/armv7e-m/fpu/crti.o
LOAD c:/freescale/kds_v3/toolchain/bin/../lib/gcc/arm-none-eabi/4.8.4/armv7e-m/fpu/crtbegin.o
LOAD c:/freescale/kds_v3/toolchain/bin/../lib/gcc/arm-none-eabi/4.8.4/../../../../arm-none-eabi/lib/armv7e-m/fpu/crt0.o
LOAD ./Static_Code/System/CPU_Init.o
LOAD ./Static_Code/System/Peripherals_Init.o
LOAD ./Static_Code/System/Vectors.o
LOAD ./Sources/Events.o
LOAD ./Sources/drawShapes.o
LOAD ./Sources/main.o
LOAD ./Sources/utilities.o
LOAD ./Project_Settings/Startup_Code/startup.o
LOAD ./Generated_Code/ASerialLdd1.o
LOAD ./Generated_Code/BitIoLdd1.o
LOAD ./Generated_Code/BitIoLdd10.o
LOAD ./Generated_Code/BitIoLdd11.o
LOAD ./Generated_Code/BitIoLdd12.o
LOAD ./Generated_Code/BitIoLdd13.o
LOAD ./Generated_Code/BitIoLdd14.o
LOAD ./Generated_Code/BitIoLdd15.o
LOAD ./Generated_Code/BitIoLdd16.o
LOAD ./Generated_Code/BitIoLdd17.o
LOAD ./Generated_Code/BitIoLdd18.o
LOAD ./Generated_Code/BitIoLdd2.o
LOAD ./Generated_Code/BitIoLdd3.o
LOAD ./Generated_Code/BitIoLdd4.o
LOAD ./Generated_Code/BitIoLdd5.o
LOAD ./Generated_Code/BitIoLdd6.o
LOAD ./Generated_Code/BitIoLdd7.o
LOAD ./Generated_Code/BitIoLdd8.o
LOAD ./Generated_Code/BitIoLdd9.o
LOAD ./Generated_Code/Blue_LED.o
LOAD ./Generated_Code/Cpu.o
LOAD ./Generated_Code/Dir_x.o
LOAD ./Generated_Code/Dir_y.o
LOAD ./Generated_Code/Dir_z.o
LOAD ./Generated_Code/FC321.o
LOAD ./Generated_Code/Green_LED.o
LOAD ./Generated_Code/Inhr1.o
LOAD ./Generated_Code/Mode_1.o
LOAD ./Generated_Code/Mode_2.o
LOAD ./Generated_Code/Mode_3.o
LOAD ./Generated_Code/PE_LDD.o
LOAD ./Generated_Code/PWM1.o
LOAD ./Generated_Code/Pins1.o
LOAD ./Generated_Code/PwmLdd1.o
LOAD ./Generated_Code/RealTimeLdd1.o
LOAD ./Generated_Code/Red_LED.o
LOAD ./Generated_Code/Reset_x.o
LOAD ./Generated_Code/Reset_y.o
LOAD ./Generated_Code/Reset_z.o
LOAD ./Generated_Code/Sleep_x.o
LOAD ./Generated_Code/Sleep_y.o
LOAD ./Generated_Code/Sleep_z.o
LOAD ./Generated_Code/TU1.o
LOAD ./Generated_Code/TU3.o
LOAD ./Generated_Code/Term1.o
LOAD ./Generated_Code/x_step.o
LOAD ./Generated_Code/y_step.o
LOAD ./Generated_Code/z_step.o
LOAD c:/freescale/kds_v3/toolchain/bin/../lib/gcc/arm-none-eabi/4.8.4/../../../../arm-none-eabi/lib/armv7e-m/fpu\libstdc++_s.a
LOAD c:/freescale/kds_v3/toolchain/bin/../lib/gcc/arm-none-eabi/4.8.4/../../../../arm-none-eabi/lib/armv7e-m/fpu\libm.a
START GROUP
LOAD c:/freescale/kds_v3/toolchain/bin/../lib/gcc/arm-none-eabi/4.8.4/armv7e-m/fpu\libgcc.a
LOAD c:/freescale/kds_v3/toolchain/bin/../lib/gcc/arm-none-eabi/4.8.4/../../../../arm-none-eabi/lib/armv7e-m/fpu\libg_s.a
LOAD c:/freescale/kds_v3/toolchain/bin/../lib/gcc/arm-none-eabi/4.8.4/../../../../arm-none-eabi/lib/armv7e-m/fpu\libc_s.a
END GROUP
START GROUP
LOAD c:/freescale/kds_v3/toolchain/bin/../lib/gcc/arm-none-eabi/4.8.4/armv7e-m/fpu\libgcc.a
LOAD c:/freescale/kds_v3/toolchain/bin/../lib/gcc/arm-none-eabi/4.8.4/../../../../arm-none-eabi/lib/armv7e-m/fpu\libc_s.a
LOAD c:/freescale/kds_v3/toolchain/bin/../lib/gcc/arm-none-eabi/4.8.4/../../../../arm-none-eabi/lib/armv7e-m/fpu\libnosys.a
END GROUP
START GROUP
LOAD c:/freescale/kds_v3/toolchain/bin/../lib/gcc/arm-none-eabi/4.8.4/armv7e-m/fpu\libgcc.a
LOAD c:/freescale/kds_v3/toolchain/bin/../lib/gcc/arm-none-eabi/4.8.4/../../../../arm-none-eabi/lib/armv7e-m/fpu\libc_s.a
LOAD c:/freescale/kds_v3/toolchain/bin/../lib/gcc/arm-none-eabi/4.8.4/../../../../arm-none-eabi/lib/armv7e-m/fpu\libnosys.a
END GROUP
LOAD c:/freescale/kds_v3/toolchain/bin/../lib/gcc/arm-none-eabi/4.8.4/armv7e-m/fpu/crtend.o
LOAD c:/freescale/kds_v3/toolchain/bin/../lib/gcc/arm-none-eabi/4.8.4/armv7e-m/fpu/crtn.o
                0x20000000                _estack = 0x20000000
                0x20000000                __SP_INIT = _estack
                0x20000000                __stack = _estack
                0x00000000                __heap_size = 0x0
                0x00000400                __stack_size = 0x400

.interrupts     0x00000000      0x198
                0x00000000                __vector_table = .
                0x00000000                . = ALIGN (0x4)
 *(.vectortable)
 .vectortable   0x00000000      0x198 ./Static_Code/System/Vectors.o
                0x00000000                __vect_table
                0x00000198                . = ALIGN (0x4)

.cfmprotect     0x00000400       0x10
                0x00000400                . = ALIGN (0x4)
 *(.cfmconfig)
 .cfmconfig     0x00000400       0x10 ./Static_Code/System/CPU_Init.o
                0x00000400                _cfm
                0x00000410                . = ALIGN (0x4)

.text           0x00000410     0x4f00
                0x00000410                . = ALIGN (0x4)
 *(.text)
 .text          0x00000410       0x54 c:/freescale/kds_v3/toolchain/bin/../lib/gcc/arm-none-eabi/4.8.4/armv7e-m/fpu/crtbegin.o
 .text          0x00000464       0x74 c:/freescale/kds_v3/toolchain/bin/../lib/gcc/arm-none-eabi/4.8.4/../../../../arm-none-eabi/lib/armv7e-m/fpu/crt0.o
                0x00000464                _start
                0x00000464                _mainCRTStartup
 .text          0x000004d8      0x370 c:/freescale/kds_v3/toolchain/bin/../lib/gcc/arm-none-eabi/4.8.4/armv7e-m/fpu\libgcc.a(_arm_addsubdf3.o)
                0x000004d8                __aeabi_drsub
                0x000004e0                __aeabi_dsub
                0x000004e0                __subdf3
                0x000004e4                __aeabi_dadd
                0x000004e4                __adddf3
                0x0000075c                __floatunsidf
                0x0000075c                __aeabi_ui2d
                0x0000077c                __floatsidf
                0x0000077c                __aeabi_i2d
                0x000007a0                __aeabi_f2d
                0x000007a0                __extendsfdf2
                0x000007dc                __floatundidf
                0x000007dc                __aeabi_ul2d
                0x000007ec                __floatdidf
                0x000007ec                __aeabi_l2d
 .text          0x00000848      0x424 c:/freescale/kds_v3/toolchain/bin/../lib/gcc/arm-none-eabi/4.8.4/armv7e-m/fpu\libgcc.a(_arm_muldivdf3.o)
                0x00000848                __aeabi_dmul
                0x00000848                __muldf3
                0x00000a9c                __divdf3
                0x00000a9c                __aeabi_ddiv
 .text          0x00000c6c      0x110 c:/freescale/kds_v3/toolchain/bin/../lib/gcc/arm-none-eabi/4.8.4/armv7e-m/fpu\libgcc.a(_arm_cmpdf2.o)
                0x00000c6c                __gtdf2
                0x00000c6c                __gedf2
                0x00000c74                __ltdf2
                0x00000c74                __ledf2
                0x00000c7c                __nedf2
                0x00000c7c                __eqdf2
                0x00000c7c                __cmpdf2
                0x00000cf8                __aeabi_cdrcmple
                0x00000d08                __aeabi_cdcmpeq
                0x00000d08                __aeabi_cdcmple
                0x00000d18                __aeabi_dcmpeq
                0x00000d2c                __aeabi_dcmplt
                0x00000d40                __aeabi_dcmple
                0x00000d54                __aeabi_dcmpge
                0x00000d68                __aeabi_dcmpgt
 .text          0x00000d7c       0x50 c:/freescale/kds_v3/toolchain/bin/../lib/gcc/arm-none-eabi/4.8.4/armv7e-m/fpu\libgcc.a(_arm_fixdfsi.o)
                0x00000d7c                __aeabi_d2iz
                0x00000d7c                __fixdfsi
 *(.text*)
 .text.CPU_SetBASEPRI
                0x00000dcc       0x18 ./Static_Code/System/CPU_Init.o
                0x00000dcc                CPU_SetBASEPRI
 .text.__init_hardware
                0x00000de4       0xb4 ./Static_Code/System/CPU_Init.o
                0x00000de4                __init_hardware
 .text.PE_low_level_init
                0x00000e98       0x44 ./Static_Code/System/CPU_Init.o
                0x00000e98                PE_low_level_init
 .text.CPU_GetClockGenMode
                0x00000edc       0x90 ./Static_Code/System/CPU_Init.o
                0x00000edc                CPU_GetClockGenMode
 .text.CPU_SetClockConfigGenMode
                0x00000f6c      0x54c ./Static_Code/System/CPU_Init.o
                0x00000f6c                CPU_SetClockConfigGenMode
 .text.UnhandledInterrupt
                0x000014b8       0x18 ./Static_Code/System/Vectors.o
                0x000014b8                UnhandledInterrupt
 .text.Cpu_OnNMI
                0x000014d0        0xc ./Sources/Events.o
                0x000014d0                Cpu_OnNMI
 .text.Inhr1_OnRxChar
                0x000014dc       0x10 ./Sources/Events.o
                0x000014dc                Inhr1_OnRxChar
 .text.Inhr1_OnRxCharExt
                0x000014ec       0x14 ./Sources/Events.o
                0x000014ec                Inhr1_OnRxCharExt
 .text.drawTriangle
                0x00001500      0x248 ./Sources/drawShapes.o
                0x00001500                drawTriangle
 .text.drawRectangle
                0x00001748      0x2c4 ./Sources/drawShapes.o
                0x00001748                drawRectangle
 .text.moveSpindleTo
                0x00001a0c      0x1a0 ./Sources/drawShapes.o
                0x00001a0c                moveSpindleTo
 *fill*         0x00001bac        0x4 
 .text.drawCircle
                0x00001bb0      0x1a0 ./Sources/drawShapes.o
                0x00001bb0                drawCircle
 .text.draw_olympic
                0x00001d50       0xf0 ./Sources/drawShapes.o
                0x00001d50                draw_olympic
 .text.main     0x00001e40      0x12c ./Sources/main.o
                0x00001e40                main
 .text.delay    0x00001f6c       0x38 ./Sources/utilities.o
                0x00001f6c                delay
 .text.driveMotorX
                0x00001fa4       0x44 ./Sources/utilities.o
                0x00001fa4                driveMotorX
 .text.driveMotorY
                0x00001fe8       0x44 ./Sources/utilities.o
                0x00001fe8                driveMotorY
 .text.driveMotorZ
                0x0000202c       0x44 ./Sources/utilities.o
                0x0000202c                driveMotorZ
 .text.fly_spindle
                0x00002070       0x6c ./Sources/utilities.o
                0x00002070                fly_spindle
 .text.box      0x000020dc       0xbc ./Sources/utilities.o
                0x000020dc                box
 .text.GUI_title
                0x00002198      0x104 ./Sources/utilities.o
                0x00002198                GUI_title
 .text.LightRGB
                0x0000229c       0xbc ./Sources/utilities.o
                0x0000229c                LightRGB
 .text.GUI_main
                0x00002358       0x68 ./Sources/utilities.o
                0x00002358                GUI_main
 .text.GUI_manual
                0x000023c0       0xbc ./Sources/utilities.o
                0x000023c0                GUI_manual
 .text.GUI_clear
                0x0000247c       0x30 ./Sources/utilities.o
                0x0000247c                GUI_clear
 .text.shape_operation
                0x000024ac       0x80 ./Sources/utilities.o
                0x000024ac                shape_operation
 .text.GUI_shapes
                0x0000252c       0x84 ./Sources/utilities.o
                0x0000252c                GUI_shapes
 .text.clean_prompt
                0x000025b0       0x20 ./Sources/utilities.o
                0x000025b0                clean_prompt
 .text.prompt_reduce
                0x000025d0       0x3c ./Sources/utilities.o
                0x000025d0                prompt_reduce
 .text.prompt_add
                0x0000260c       0x3c ./Sources/utilities.o
                0x0000260c                prompt_add
 .text.sendX    0x00002648       0x30 ./Sources/utilities.o
                0x00002648                sendX
 .text.sendY    0x00002678       0x30 ./Sources/utilities.o
                0x00002678                sendY
 .text.sendZ    0x000026a8       0x30 ./Sources/utilities.o
                0x000026a8                sendZ
 .text.sendP    0x000026d8       0x30 ./Sources/utilities.o
                0x000026d8                sendP
 .text.manual_movement
                0x00002708      0x22c ./Sources/utilities.o
                0x00002708                manual_movement
 .text.__copy_rom_section
                0x00002934       0xe4 ./Project_Settings/Startup_Code/startup.o
                0x00002934                __copy_rom_section
 .text.__copy_rom_sections_to_ram
                0x00002a18       0x9c ./Project_Settings/Startup_Code/startup.o
                0x00002a18                __copy_rom_sections_to_ram
 .text.__init_registers
                0x00002ab4       0x20 ./Project_Settings/Startup_Code/startup.o
                0x00002ab4                __init_registers
 .text.__init_user
                0x00002ad4        0xc ./Project_Settings/Startup_Code/startup.o
                0x00002ad4                __init_user
 .text.__thumb_startup
                0x00002ae0       0x34 ./Project_Settings/Startup_Code/startup.o
                0x00002ae0                __thumb_startup
 .text.ASerialLdd1_Init
                0x00002b14      0x1d8 ./Generated_Code/ASerialLdd1.o
                0x00002b14                ASerialLdd1_Init
 .text.ASerialLdd1_ReceiveBlock
                0x00002cec       0x90 ./Generated_Code/ASerialLdd1.o
                0x00002cec                ASerialLdd1_ReceiveBlock
 .text.ASerialLdd1_SendBlock
                0x00002d7c       0xbc ./Generated_Code/ASerialLdd1.o
                0x00002d7c                ASerialLdd1_SendBlock
 .text.InterruptRx
                0x00002e38       0x58 ./Generated_Code/ASerialLdd1.o
 .text.InterruptTx
                0x00002e90       0x80 ./Generated_Code/ASerialLdd1.o
 .text.ASerialLdd1_Interrupt
                0x00002f10       0xf4 ./Generated_Code/ASerialLdd1.o
                0x00002f10                ASerialLdd1_Interrupt
 .text.ASerialLdd1_GetError
                0x00003004       0x70 ./Generated_Code/ASerialLdd1.o
                0x00003004                ASerialLdd1_GetError
 .text.BitIoLdd1_Init
                0x00003074       0x80 ./Generated_Code/BitIoLdd1.o
                0x00003074                BitIoLdd1_Init
 .text.BitIoLdd1_NegVal
                0x000030f4       0x1c ./Generated_Code/BitIoLdd1.o
                0x000030f4                BitIoLdd1_NegVal
 .text.BitIoLdd10_Init
                0x00003110       0x80 ./Generated_Code/BitIoLdd10.o
                0x00003110                BitIoLdd10_Init
 .text.BitIoLdd11_Init
                0x00003190       0x80 ./Generated_Code/BitIoLdd11.o
                0x00003190                BitIoLdd11_Init
 .text.BitIoLdd12_Init
                0x00003210       0x80 ./Generated_Code/BitIoLdd12.o
                0x00003210                BitIoLdd12_Init
 .text.BitIoLdd13_Init
                0x00003290       0x80 ./Generated_Code/BitIoLdd13.o
                0x00003290                BitIoLdd13_Init
 .text.BitIoLdd14_Init
                0x00003310       0x80 ./Generated_Code/BitIoLdd14.o
                0x00003310                BitIoLdd14_Init
 .text.BitIoLdd15_Init
                0x00003390       0x80 ./Generated_Code/BitIoLdd15.o
                0x00003390                BitIoLdd15_Init
 .text.BitIoLdd15_ClrVal
                0x00003410       0x1c ./Generated_Code/BitIoLdd15.o
                0x00003410                BitIoLdd15_ClrVal
 .text.BitIoLdd15_SetVal
                0x0000342c       0x1c ./Generated_Code/BitIoLdd15.o
                0x0000342c                BitIoLdd15_SetVal
 .text.BitIoLdd16_Init
                0x00003448       0x80 ./Generated_Code/BitIoLdd16.o
                0x00003448                BitIoLdd16_Init
 .text.BitIoLdd16_ClrVal
                0x000034c8       0x1c ./Generated_Code/BitIoLdd16.o
                0x000034c8                BitIoLdd16_ClrVal
 .text.BitIoLdd16_SetVal
                0x000034e4       0x1c ./Generated_Code/BitIoLdd16.o
                0x000034e4                BitIoLdd16_SetVal
 .text.BitIoLdd17_Init
                0x00003500       0x80 ./Generated_Code/BitIoLdd17.o
                0x00003500                BitIoLdd17_Init
 .text.BitIoLdd17_ClrVal
                0x00003580       0x20 ./Generated_Code/BitIoLdd17.o
                0x00003580                BitIoLdd17_ClrVal
 .text.BitIoLdd17_SetVal
                0x000035a0       0x20 ./Generated_Code/BitIoLdd17.o
                0x000035a0                BitIoLdd17_SetVal
 .text.BitIoLdd18_Init
                0x000035c0       0x80 ./Generated_Code/BitIoLdd18.o
                0x000035c0                BitIoLdd18_Init
 .text.BitIoLdd2_Init
                0x00003640       0x80 ./Generated_Code/BitIoLdd2.o
                0x00003640                BitIoLdd2_Init
 .text.BitIoLdd2_NegVal
                0x000036c0       0x20 ./Generated_Code/BitIoLdd2.o
                0x000036c0                BitIoLdd2_NegVal
 .text.BitIoLdd3_Init
                0x000036e0       0x80 ./Generated_Code/BitIoLdd3.o
                0x000036e0                BitIoLdd3_Init
 .text.BitIoLdd3_NegVal
                0x00003760       0x1c ./Generated_Code/BitIoLdd3.o
                0x00003760                BitIoLdd3_NegVal
 .text.BitIoLdd4_Init
                0x0000377c       0x80 ./Generated_Code/BitIoLdd4.o
                0x0000377c                BitIoLdd4_Init
 .text.BitIoLdd5_Init
                0x000037fc       0x80 ./Generated_Code/BitIoLdd5.o
                0x000037fc                BitIoLdd5_Init
 .text.BitIoLdd6_Init
                0x0000387c       0x80 ./Generated_Code/BitIoLdd6.o
                0x0000387c                BitIoLdd6_Init
 .text.BitIoLdd6_PutVal
                0x000038fc       0x30 ./Generated_Code/BitIoLdd6.o
                0x000038fc                BitIoLdd6_PutVal
 .text.BitIoLdd6_NegVal
                0x0000392c       0x1c ./Generated_Code/BitIoLdd6.o
                0x0000392c                BitIoLdd6_NegVal
 .text.BitIoLdd7_Init
                0x00003948       0x80 ./Generated_Code/BitIoLdd7.o
                0x00003948                BitIoLdd7_Init
 .text.BitIoLdd7_PutVal
                0x000039c8       0x30 ./Generated_Code/BitIoLdd7.o
                0x000039c8                BitIoLdd7_PutVal
 .text.BitIoLdd8_Init
                0x000039f8       0x80 ./Generated_Code/BitIoLdd8.o
                0x000039f8                BitIoLdd8_Init
 .text.BitIoLdd8_PutVal
                0x00003a78       0x34 ./Generated_Code/BitIoLdd8.o
                0x00003a78                BitIoLdd8_PutVal
 .text.BitIoLdd8_NegVal
                0x00003aac       0x20 ./Generated_Code/BitIoLdd8.o
                0x00003aac                BitIoLdd8_NegVal
 .text.BitIoLdd9_Init
                0x00003acc       0x80 ./Generated_Code/BitIoLdd9.o
                0x00003acc                BitIoLdd9_Init
 .text.Components_Init
                0x00003b4c       0x84 ./Generated_Code/Cpu.o
                0x00003b4c                Components_Init
 .text.Cpu_INT_NMIInterrupt
                0x00003bd0       0x1c ./Generated_Code/Cpu.o
                0x00003bd0                Cpu_INT_NMIInterrupt
 .text.HWEnDi   0x00003bec       0x1c ./Generated_Code/Inhr1.o
 .text.Inhr1_RecvChar
                0x00003c08       0xd8 ./Generated_Code/Inhr1.o
                0x00003c08                Inhr1_RecvChar
 .text.Inhr1_SendChar
                0x00003ce0       0xe0 ./Generated_Code/Inhr1.o
                0x00003ce0                Inhr1_SendChar
 .text.Inhr1_Init
                0x00003dc0       0x60 ./Generated_Code/Inhr1.o
                0x00003dc0                Inhr1_Init
 .text.ASerialLdd1_OnBlockReceived
                0x00003e20       0xa0 ./Generated_Code/Inhr1.o
                0x00003e20                ASerialLdd1_OnBlockReceived
 .text.ASerialLdd1_OnBlockSent
                0x00003ec0       0x88 ./Generated_Code/Inhr1.o
                0x00003ec0                ASerialLdd1_OnBlockSent
 .text.ASerialLdd1_OnError
                0x00003f48       0x98 ./Generated_Code/Inhr1.o
                0x00003f48                ASerialLdd1_OnError
 .text.ASerialLdd1_OnBreak
                0x00003fe0       0x24 ./Generated_Code/Inhr1.o
                0x00003fe0                ASerialLdd1_OnBreak
 .text.PwmLdd1_Init
                0x00004004       0x58 ./Generated_Code/PwmLdd1.o
                0x00004004                PwmLdd1_Init
 .text.PwmLdd1_SetRatio8
                0x0000405c       0x2c ./Generated_Code/PwmLdd1.o
                0x0000405c                PwmLdd1_SetRatio8
 .text.SetRatio
                0x00004088       0x54 ./Generated_Code/PwmLdd1.o
 .text.RealTimeLdd1_Init
                0x000040dc       0x80 ./Generated_Code/RealTimeLdd1.o
                0x000040dc                RealTimeLdd1_Init
 .text.RealTimeLdd1_Reset
                0x0000415c       0x8c ./Generated_Code/RealTimeLdd1.o
                0x0000415c                RealTimeLdd1_Reset
 .text.RealTimeLdd1_GetTimeUS
                0x000041e8       0xc0 ./Generated_Code/RealTimeLdd1.o
                0x000041e8                RealTimeLdd1_GetTimeUS
 .text.TU1_OnChannel0
                0x000042a8       0x60 ./Generated_Code/RealTimeLdd1.o
                0x000042a8                TU1_OnChannel0
 .text.TU1_Init
                0x00004308       0xe0 ./Generated_Code/TU1.o
                0x00004308                TU1_Init
 .text.TU1_SetEventMask
                0x000043e8       0xe4 ./Generated_Code/TU1.o
                0x000043e8                TU1_SetEventMask
 .text.TU1_GetEventMask
                0x000044cc       0x1c ./Generated_Code/TU1.o
                0x000044cc                TU1_GetEventMask
 .text.TU1_GetCounterValue
                0x000044e8       0x20 ./Generated_Code/TU1.o
                0x000044e8                TU1_GetCounterValue
 .text.TU1_SetOffsetTicks
                0x00004508       0x44 ./Generated_Code/TU1.o
                0x00004508                TU1_SetOffsetTicks
 .text.TU1_GetOffsetTicks
                0x0000454c       0x48 ./Generated_Code/TU1.o
                0x0000454c                TU1_GetOffsetTicks
 .text.TU1_Interrupt
                0x00004594       0x84 ./Generated_Code/TU1.o
                0x00004594                TU1_Interrupt
 .text.TU3_Init
                0x00004618      0x10c ./Generated_Code/TU3.o
                0x00004618                TU3_Init
 .text.TU3_GetPeriodTicks
                0x00004724       0x30 ./Generated_Code/TU3.o
                0x00004724                TU3_GetPeriodTicks
 .text.TU3_SetOffsetTicks
                0x00004754       0x44 ./Generated_Code/TU3.o
                0x00004754                TU3_SetOffsetTicks
 .text.Term1_SendChar
                0x00004798       0x20 ./Generated_Code/Term1.o
                0x00004798                Term1_SendChar
 .text.SendESCPrefix
                0x000047b8       0x24 ./Generated_Code/Term1.o
 .text.Term1_SendStr
                0x000047dc       0x34 ./Generated_Code/Term1.o
                0x000047dc                Term1_SendStr
 .text.LongToStr
                0x00004810       0xf4 ./Generated_Code/Term1.o
 .text.Term1_SendNum
                0x00004904       0x54 ./Generated_Code/Term1.o
                0x00004904                Term1_SendNum
 .text.Term1_Cls
                0x00004958       0x28 ./Generated_Code/Term1.o
                0x00004958                Term1_Cls
 .text.Term1_MoveTo
                0x00004980       0x44 ./Generated_Code/Term1.o
                0x00004980                Term1_MoveTo
 .text.Term1_SetColor
                0x000049c4       0x64 ./Generated_Code/Term1.o
                0x000049c4                Term1_SetColor
 .text.Term1_EraseLine
                0x00004a28       0x18 ./Generated_Code/Term1.o
                0x00004a28                Term1_EraseLine
 .text.sqrt     0x00004a40       0xbc c:/freescale/kds_v3/toolchain/bin/../lib/gcc/arm-none-eabi/4.8.4/../../../../arm-none-eabi/lib/armv7e-m/fpu\libm.a(lib_a-w_sqrt.o)
                0x00004a40                sqrt
 .text.__ieee754_sqrt
                0x00004afc      0x198 c:/freescale/kds_v3/toolchain/bin/../lib/gcc/arm-none-eabi/4.8.4/../../../../arm-none-eabi/lib/armv7e-m/fpu\libm.a(lib_a-e_sqrt.o)
                0x00004afc                __ieee754_sqrt
 .text.__fpclassifyd
                0x00004c94       0x54 c:/freescale/kds_v3/toolchain/bin/../lib/gcc/arm-none-eabi/4.8.4/../../../../arm-none-eabi/lib/armv7e-m/fpu\libm.a(lib_a-s_fpclassify.o)
                0x00004c94                __fpclassifyd
 .text.matherr  0x00004ce8        0x4 c:/freescale/kds_v3/toolchain/bin/../lib/gcc/arm-none-eabi/4.8.4/../../../../arm-none-eabi/lib/armv7e-m/fpu\libm.a(lib_a-s_matherr.o)
                0x00004ce8                matherr
 .text.__errno  0x00004cec        0xc c:/freescale/kds_v3/toolchain/bin/../lib/gcc/arm-none-eabi/4.8.4/../../../../arm-none-eabi/lib/armv7e-m/fpu\libg_s.a(lib_a-errno.o)
                0x00004cec                __errno
 .text.exit     0x00004cf8       0x28 c:/freescale/kds_v3/toolchain/bin/../lib/gcc/arm-none-eabi/4.8.4/../../../../arm-none-eabi/lib/armv7e-m/fpu\libg_s.a(lib_a-exit.o)
                0x00004cf8                exit
 .text.__libc_init_array
                0x00004d20       0x4c c:/freescale/kds_v3/toolchain/bin/../lib/gcc/arm-none-eabi/4.8.4/../../../../arm-none-eabi/lib/armv7e-m/fpu\libg_s.a(lib_a-init.o)
                0x00004d20                __libc_init_array
 .text.memset   0x00004d6c       0x10 c:/freescale/kds_v3/toolchain/bin/../lib/gcc/arm-none-eabi/4.8.4/../../../../arm-none-eabi/lib/armv7e-m/fpu\libg_s.a(lib_a-memset.o)
                0x00004d6c                memset
 .text._exit    0x00004d7c        0x4 c:/freescale/kds_v3/toolchain/bin/../lib/gcc/arm-none-eabi/4.8.4/../../../../arm-none-eabi/lib/armv7e-m/fpu\libnosys.a(_exit.o)
                0x00004d7c                _exit
 *(.rodata)
 .rodata        0x00004d80       0xe8 ./Sources/drawShapes.o
 .rodata        0x00004e68       0x40 ./Sources/main.o
 .rodata        0x00004ea8      0x344 ./Sources/utilities.o
 *(.rodata*)
 .rodata.ClockGenModeMatrix
                0x000051ec       0x80 ./Static_Code/System/CPU_Init.o
 .rodata.CPU_ClockConfigDescriptors
                0x0000526c       0x1c ./Static_Code/System/CPU_Init.o
 .rodata.CPU_DefaultFEI
                0x00005288        0x8 ./Static_Code/System/CPU_Init.o
 .rodata.CPU_DefaultFBI
                0x00005290        0x8 ./Static_Code/System/CPU_Init.o
 .rodata.CPU_DefaultBLPI
                0x00005298        0x8 ./Static_Code/System/CPU_Init.o
 .rodata.CPU_DefaultFEE
                0x000052a0        0x8 ./Static_Code/System/CPU_Init.o
 .rodata.CPU_DefaultFBE
                0x000052a8        0x8 ./Static_Code/System/CPU_Init.o
 .rodata.CPU_DefaultBLPE
                0x000052b0        0x8 ./Static_Code/System/CPU_Init.o
 .rodata.CPU_DefaultPBE
                0x000052b8        0x8 ./Static_Code/System/CPU_Init.o
 .rodata.CPU_DefaultPEE
                0x000052c0        0x8 ./Static_Code/System/CPU_Init.o
 .rodata.CPU_ClockGenModeRegs
                0x000052c8       0x20 ./Static_Code/System/CPU_Init.o
 .rodata.str1.4
                0x000052e8        0x8 c:/freescale/kds_v3/toolchain/bin/../lib/gcc/arm-none-eabi/4.8.4/../../../../arm-none-eabi/lib/armv7e-m/fpu\libm.a(lib_a-w_sqrt.o)
 .rodata.str1.1
                0x000052f0        0x2 c:/freescale/kds_v3/toolchain/bin/../lib/gcc/arm-none-eabi/4.8.4/../../../../arm-none-eabi/lib/armv7e-m/fpu\libg_s.a(lib_a-impure.o)
 *fill*         0x000052f2        0x2 
 .rodata._global_impure_ptr
                0x000052f4        0x4 c:/freescale/kds_v3/toolchain/bin/../lib/gcc/arm-none-eabi/4.8.4/../../../../arm-none-eabi/lib/armv7e-m/fpu\libg_s.a(lib_a-impure.o)
                0x000052f4                _global_impure_ptr
 *(.glue_7)
 .glue_7        0x00000000        0x0 linker stubs
 *(.glue_7t)
 .glue_7t       0x00000000        0x0 linker stubs
 *(.eh_frame)
 .eh_frame      0x000052f8        0x0 c:/freescale/kds_v3/toolchain/bin/../lib/gcc/arm-none-eabi/4.8.4/armv7e-m/fpu/crtbegin.o
 *(.init)
 .init          0x000052f8        0x4 c:/freescale/kds_v3/toolchain/bin/../lib/gcc/arm-none-eabi/4.8.4/armv7e-m/fpu/crti.o
                0x000052f8                _init
 .init          0x000052fc        0x8 c:/freescale/kds_v3/toolchain/bin/../lib/gcc/arm-none-eabi/4.8.4/armv7e-m/fpu/crtn.o
 *(.fini)
 .fini          0x00005304        0x4 c:/freescale/kds_v3/toolchain/bin/../lib/gcc/arm-none-eabi/4.8.4/armv7e-m/fpu/crti.o
                0x00005304                _fini
 .fini          0x00005308        0x8 c:/freescale/kds_v3/toolchain/bin/../lib/gcc/arm-none-eabi/4.8.4/armv7e-m/fpu/crtn.o
                0x00005310                . = ALIGN (0x4)
                0x00005310                _etext = .

.vfp11_veneer   0x00005310        0x0
 .vfp11_veneer  0x00000000        0x0 linker stubs

.v4_bx          0x00005310        0x0
 .v4_bx         0x00000000        0x0 linker stubs

.iplt           0x00005310        0x0
 .iplt          0x00000000        0x0 c:/freescale/kds_v3/toolchain/bin/../lib/gcc/arm-none-eabi/4.8.4/armv7e-m/fpu/crtbegin.o

.ARM.extab
 *(.ARM.extab* .gnu.linkonce.armextab.*)

.ARM            0x00005310        0x8
                0x00005310                __exidx_start = .
 *(.ARM.exidx*)
 .ARM.exidx     0x00005310        0x8 c:/freescale/kds_v3/toolchain/bin/../lib/gcc/arm-none-eabi/4.8.4/../../../../arm-none-eabi/lib/armv7e-m/fpu/crt0.o
                0x00005318                __exidx_end = .

.rel.dyn        0x00005318        0x0
 .rel.iplt      0x00000000        0x0 c:/freescale/kds_v3/toolchain/bin/../lib/gcc/arm-none-eabi/4.8.4/armv7e-m/fpu/crtbegin.o

.ctors          0x00005318        0x0
                0x00005318                __CTOR_LIST__ = .
 *crtbegin.o(.ctors)
 *(EXCLUDE_FILE(*crtend.o) .ctors)
 *(SORT(.ctors.*))
 *(.ctors)
                0x00005318                __CTOR_END__ = .

.dtors          0x00005318        0x0
                0x00005318                __DTOR_LIST__ = .
 *crtbegin.o(.dtors)
 *(EXCLUDE_FILE(*crtend.o) .dtors)
 *(SORT(.dtors.*))
 *(.dtors)
                0x00005318                __DTOR_END__ = .

.preinit_array  0x00005318        0x0
                0x00005318                PROVIDE (__preinit_array_start, .)
 *(.preinit_array*)
                0x00005318                PROVIDE (__preinit_array_end, .)

.init_array     0x00005318        0x4
                0x00005318                PROVIDE (__init_array_start, .)
 *(SORT(.init_array.*))
 *(.init_array*)
 .init_array    0x00005318        0x4 c:/freescale/kds_v3/toolchain/bin/../lib/gcc/arm-none-eabi/4.8.4/armv7e-m/fpu/crtbegin.o
                0x0000531c                PROVIDE (__init_array_end, .)

.fini_array     0x0000531c        0x4
                0x0000531c                PROVIDE (__fini_array_start, .)
 *(SORT(.fini_array.*))
 *(.fini_array*)
 .fini_array    0x0000531c        0x4 c:/freescale/kds_v3/toolchain/bin/../lib/gcc/arm-none-eabi/4.8.4/armv7e-m/fpu/crtbegin.o
                0x00005320                PROVIDE (__fini_array_end, .)
                0x00005320                ___ROM_AT = .

.data           0x1fff0000       0x68 load address 0x00005320
                0x1fff0000                . = ALIGN (0x4)
                0x1fff0000                _sdata = .
 *(.data)
 *(.data*)
 .data.__fdlib_version
                0x1fff0000        0x1 c:/freescale/kds_v3/toolchain/bin/../lib/gcc/arm-none-eabi/4.8.4/../../../../arm-none-eabi/lib/armv7e-m/fpu\libm.a(lib_a-s_lib_ver.o)
                0x1fff0000                __fdlib_version
 *fill*         0x1fff0001        0x3 
 .data.impure_data
                0x1fff0004       0x60 c:/freescale/kds_v3/toolchain/bin/../lib/gcc/arm-none-eabi/4.8.4/../../../../arm-none-eabi/lib/armv7e-m/fpu\libg_s.a(lib_a-impure.o)
 .data._impure_ptr
                0x1fff0064        0x4 c:/freescale/kds_v3/toolchain/bin/../lib/gcc/arm-none-eabi/4.8.4/../../../../arm-none-eabi/lib/armv7e-m/fpu\libg_s.a(lib_a-impure.o)
                0x1fff0064                _impure_ptr
                0x1fff0068                . = ALIGN (0x4)
                0x1fff0068                _edata = .
                0x00000068                ___data_size = (_edata - _sdata)
                0x00005388                ___m_data_20000000_ROMStart = (___ROM_AT + SIZEOF (.data))

.jcr            0x1fff0068        0x0 load address 0x00005388
 .jcr           0x1fff0068        0x0 c:/freescale/kds_v3/toolchain/bin/../lib/gcc/arm-none-eabi/4.8.4/armv7e-m/fpu/crtbegin.o

.igot.plt       0x1fff0068        0x0 load address 0x00005388
 .igot.plt      0x00000000        0x0 c:/freescale/kds_v3/toolchain/bin/../lib/gcc/arm-none-eabi/4.8.4/armv7e-m/fpu/crtbegin.o

.m_data_20000000
                0x20000000        0x0 load address 0x00005388
                0x20000000                . = ALIGN (0x4)
                0x20000000                ___m_data_20000000_RAMStart = .
 *(.m_data_20000000)
                0x20000000                ___m_data_20000000_RAMEnd = .
                0x20000000                . = ALIGN (0x4)
                0x00000000                ___m_data_20000000_ROMSize = (___m_data_20000000_RAMEnd - ___m_data_20000000_RAMStart)
                0x20000000                . = ALIGN (0x4)

.bss            0x1fff0068      0x3fc load address 0x00005388
                0x1fff0068                __START_BSS = .
                0x1fff0068                PROVIDE (__bss_start__, __START_BSS)
 *(.bss)
 .bss           0x1fff0068       0x1c c:/freescale/kds_v3/toolchain/bin/../lib/gcc/arm-none-eabi/4.8.4/armv7e-m/fpu/crtbegin.o
 *(.bss*)
 .bss.SR_lock   0x1fff0084        0x1 ./Static_Code/System/CPU_Init.o
                0x1fff0084                SR_lock
 .bss.c         0x1fff0085        0x1 ./Sources/Events.o
                0x1fff0085                c
 *fill*         0x1fff0086        0x2 
 .bss.DeviceDataPrv__DEFAULT_RTOS_ALLOC
                0x1fff0088       0x20 ./Generated_Code/ASerialLdd1.o
 .bss.INT_UART1_RX_TX__DEFAULT_RTOS_ISRPARAM
                0x1fff00a8        0x4 ./Generated_Code/ASerialLdd1.o
 .bss.INT_UART1_ERR__DEFAULT_RTOS_ISRPARAM
                0x1fff00ac        0x4 ./Generated_Code/ASerialLdd1.o
 .bss.DeviceDataPrv__DEFAULT_RTOS_ALLOC
                0x1fff00b0        0x4 ./Generated_Code/BitIoLdd1.o
 .bss.DeviceDataPrv__DEFAULT_RTOS_ALLOC
                0x1fff00b4        0x4 ./Generated_Code/BitIoLdd10.o
 .bss.DeviceDataPrv__DEFAULT_RTOS_ALLOC
                0x1fff00b8        0x4 ./Generated_Code/BitIoLdd11.o
 .bss.DeviceDataPrv__DEFAULT_RTOS_ALLOC
                0x1fff00bc        0x4 ./Generated_Code/BitIoLdd12.o
 .bss.DeviceDataPrv__DEFAULT_RTOS_ALLOC
                0x1fff00c0        0x4 ./Generated_Code/BitIoLdd13.o
 .bss.DeviceDataPrv__DEFAULT_RTOS_ALLOC
                0x1fff00c4        0x4 ./Generated_Code/BitIoLdd14.o
 .bss.DeviceDataPrv__DEFAULT_RTOS_ALLOC
                0x1fff00c8        0x4 ./Generated_Code/BitIoLdd15.o
 .bss.DeviceDataPrv__DEFAULT_RTOS_ALLOC
                0x1fff00cc        0x4 ./Generated_Code/BitIoLdd16.o
 .bss.DeviceDataPrv__DEFAULT_RTOS_ALLOC
                0x1fff00d0        0x4 ./Generated_Code/BitIoLdd17.o
 .bss.DeviceDataPrv__DEFAULT_RTOS_ALLOC
                0x1fff00d4        0x4 ./Generated_Code/BitIoLdd18.o
 .bss.DeviceDataPrv__DEFAULT_RTOS_ALLOC
                0x1fff00d8        0x4 ./Generated_Code/BitIoLdd2.o
 .bss.DeviceDataPrv__DEFAULT_RTOS_ALLOC
                0x1fff00dc        0x4 ./Generated_Code/BitIoLdd3.o
 .bss.DeviceDataPrv__DEFAULT_RTOS_ALLOC
                0x1fff00e0        0x4 ./Generated_Code/BitIoLdd4.o
 .bss.DeviceDataPrv__DEFAULT_RTOS_ALLOC
                0x1fff00e4        0x4 ./Generated_Code/BitIoLdd5.o
 .bss.DeviceDataPrv__DEFAULT_RTOS_ALLOC
                0x1fff00e8        0x4 ./Generated_Code/BitIoLdd6.o
 .bss.DeviceDataPrv__DEFAULT_RTOS_ALLOC
                0x1fff00ec        0x4 ./Generated_Code/BitIoLdd7.o
 .bss.DeviceDataPrv__DEFAULT_RTOS_ALLOC
                0x1fff00f0        0x4 ./Generated_Code/BitIoLdd8.o
 .bss.DeviceDataPrv__DEFAULT_RTOS_ALLOC
                0x1fff00f4        0x4 ./Generated_Code/BitIoLdd9.o
 .bss.SerFlag   0x1fff00f8        0x2 ./Generated_Code/Inhr1.o
 .bss.Inhr1_InpLen
                0x1fff00fa        0x2 ./Generated_Code/Inhr1.o
 .bss.InpIndexR
                0x1fff00fc        0x2 ./Generated_Code/Inhr1.o
 .bss.InpIndexW
                0x1fff00fe        0x2 ./Generated_Code/Inhr1.o
 .bss.InpBuffer
                0x1fff0100      0x160 ./Generated_Code/Inhr1.o
 .bss.BufferRead
                0x1fff0260        0x1 ./Generated_Code/Inhr1.o
 *fill*         0x1fff0261        0x1 
 .bss.Inhr1_OutLen
                0x1fff0262        0x2 ./Generated_Code/Inhr1.o
 .bss.OutIndexR
                0x1fff0264        0x2 ./Generated_Code/Inhr1.o
 .bss.OutIndexW
                0x1fff0266        0x2 ./Generated_Code/Inhr1.o
 .bss.OutBuffer
                0x1fff0268      0x160 ./Generated_Code/Inhr1.o
 .bss.PE_LDD_DeviceDataList
                0x1fff03c8       0x5c ./Generated_Code/PE_LDD.o
                0x1fff03c8                PE_LDD_DeviceDataList
 .bss.DeviceDataPrv__DEFAULT_RTOS_ALLOC
                0x1fff0424        0xc ./Generated_Code/PwmLdd1.o
 .bss.DeviceDataPrv__DEFAULT_RTOS_ALLOC
                0x1fff0430       0x14 ./Generated_Code/RealTimeLdd1.o
 .bss.DeviceDataPrv__DEFAULT_RTOS_ALLOC
                0x1fff0444        0xc ./Generated_Code/TU1.o
 .bss.INT_FTM2__DEFAULT_RTOS_ISRPARAM
                0x1fff0450        0x4 ./Generated_Code/TU1.o
 .bss.DeviceDataPrv__DEFAULT_RTOS_ALLOC
                0x1fff0454        0x8 ./Generated_Code/TU3.o
 *(COMMON)
 COMMON         0x1fff045c        0x1 ./Static_Code/System/CPU_Init.o
                0x1fff045c                SR_reg
 *fill*         0x1fff045d        0x3 
 COMMON         0x1fff0460        0x4 ./Generated_Code/Inhr1.o
                0x1fff0460                ASerialLdd1_DeviceDataPtr
                0x1fff0464                . = ALIGN (0x4)
                0x1fff0464                __END_BSS = .
                0x1fff0464                PROVIDE (__bss_end__, __END_BSS)
                0x00005388                _romp_at = ((___ROM_AT + SIZEOF (.data)) + SIZEOF (.m_data_20000000))

.romp           0x1fff0464       0x24 load address 0x00005388
                0x00005388                __S_romp = _romp_at
                0x1fff0464        0x4 LONG 0x5320 ___ROM_AT
                0x1fff0468        0x4 LONG 0x1fff0000 _sdata
                0x1fff046c        0x4 LONG 0x68 ___data_size
                0x1fff0470        0x4 LONG 0x5388 ___m_data_20000000_ROMStart
                0x1fff0474        0x4 LONG 0x20000000 ___m_data_20000000_RAMStart
                0x1fff0478        0x4 LONG 0x0 ___m_data_20000000_ROMSize
                0x1fff047c        0x4 LONG 0x0
                0x1fff0480        0x4 LONG 0x0
                0x1fff0484        0x4 LONG 0x0
                0x00080000                text_end = (ORIGIN (m_text) + 0x7fbf0)
                0x000053ac                data_init_end = ((___m_data_20000000_ROMStart + SIZEOF (.m_data_20000000)) + SIZEOF (.romp))
                0x00000001                ASSERT ((data_init_end <= text_end), region m_text overflowed with text and data)

._user_heap_stack
                0x1fff0488      0x400 load address 0x000053ac
                0x1fff0488                . = ALIGN (0x4)
                0x1fff0488                PROVIDE (end, .)
                0x1fff0488                PROVIDE (_end, .)
                0x1fff0488                PROVIDE (__end__, .)
                0x1fff0488                __heap_addr = .
                0x1fff0488                __HeapBase = .
                0x1fff0488                . = (. + __heap_size)
                0x1fff0488                __HeapLimit = .
                0x1fff0888                . = (. + __stack_size)
 *fill*         0x1fff0488      0x400 
                0x1fff0888                . = ALIGN (0x4)

.ARM.attributes
                0x00000000       0x30
 *(.ARM.attributes)
 .ARM.attributes
                0x00000000       0x22 c:/freescale/kds_v3/toolchain/bin/../lib/gcc/arm-none-eabi/4.8.4/armv7e-m/fpu/crti.o
 .ARM.attributes
                0x00000022       0x34 c:/freescale/kds_v3/toolchain/bin/../lib/gcc/arm-none-eabi/4.8.4/armv7e-m/fpu/crtbegin.o
 .ARM.attributes
                0x00000056       0x20 c:/freescale/kds_v3/toolchain/bin/../lib/gcc/arm-none-eabi/4.8.4/../../../../arm-none-eabi/lib/armv7e-m/fpu/crt0.o
 .ARM.attributes
                0x00000076       0x39 ./Static_Code/System/CPU_Init.o
 .ARM.attributes
                0x000000af       0x39 ./Static_Code/System/Vectors.o
 .ARM.attributes
                0x000000e8       0x39 ./Sources/Events.o
 .ARM.attributes
                0x00000121       0x39 ./Sources/drawShapes.o
 .ARM.attributes
                0x0000015a       0x39 ./Sources/main.o
 .ARM.attributes
                0x00000193       0x39 ./Sources/utilities.o
 .ARM.attributes
                0x000001cc       0x39 ./Project_Settings/Startup_Code/startup.o
 .ARM.attributes
                0x00000205       0x39 ./Generated_Code/ASerialLdd1.o
 .ARM.attributes
                0x0000023e       0x39 ./Generated_Code/BitIoLdd1.o
 .ARM.attributes
                0x00000277       0x39 ./Generated_Code/BitIoLdd10.o
 .ARM.attributes
                0x000002b0       0x39 ./Generated_Code/BitIoLdd11.o
 .ARM.attributes
                0x000002e9       0x39 ./Generated_Code/BitIoLdd12.o
 .ARM.attributes
                0x00000322       0x39 ./Generated_Code/BitIoLdd13.o
 .ARM.attributes
                0x0000035b       0x39 ./Generated_Code/BitIoLdd14.o
 .ARM.attributes
                0x00000394       0x39 ./Generated_Code/BitIoLdd15.o
 .ARM.attributes
                0x000003cd       0x39 ./Generated_Code/BitIoLdd16.o
 .ARM.attributes
                0x00000406       0x39 ./Generated_Code/BitIoLdd17.o
 .ARM.attributes
                0x0000043f       0x39 ./Generated_Code/BitIoLdd18.o
 .ARM.attributes
                0x00000478       0x39 ./Generated_Code/BitIoLdd2.o
 .ARM.attributes
                0x000004b1       0x39 ./Generated_Code/BitIoLdd3.o
 .ARM.attributes
                0x000004ea       0x39 ./Generated_Code/BitIoLdd4.o
 .ARM.attributes
                0x00000523       0x39 ./Generated_Code/BitIoLdd5.o
 .ARM.attributes
                0x0000055c       0x39 ./Generated_Code/BitIoLdd6.o
 .ARM.attributes
                0x00000595       0x39 ./Generated_Code/BitIoLdd7.o
 .ARM.attributes
                0x000005ce       0x39 ./Generated_Code/BitIoLdd8.o
 .ARM.attributes
                0x00000607       0x39 ./Generated_Code/BitIoLdd9.o
 .ARM.attributes
                0x00000640       0x39 ./Generated_Code/Cpu.o
 .ARM.attributes
                0x00000679       0x39 ./Generated_Code/Inhr1.o
 .ARM.attributes
                0x000006b2       0x39 ./Generated_Code/PE_LDD.o
 .ARM.attributes
                0x000006eb       0x39 ./Generated_Code/PwmLdd1.o
 .ARM.attributes
                0x00000724       0x39 ./Generated_Code/RealTimeLdd1.o
 .ARM.attributes
                0x0000075d       0x39 ./Generated_Code/TU1.o
 .ARM.attributes
                0x00000796       0x39 ./Generated_Code/TU3.o
 .ARM.attributes
                0x000007cf       0x39 ./Generated_Code/Term1.o
 .ARM.attributes
                0x00000808       0x34 c:/freescale/kds_v3/toolchain/bin/../lib/gcc/arm-none-eabi/4.8.4/../../../../arm-none-eabi/lib/armv7e-m/fpu\libm.a(lib_a-w_sqrt.o)
 .ARM.attributes
                0x0000083c       0x34 c:/freescale/kds_v3/toolchain/bin/../lib/gcc/arm-none-eabi/4.8.4/../../../../arm-none-eabi/lib/armv7e-m/fpu\libm.a(lib_a-e_sqrt.o)
 .ARM.attributes
                0x00000870       0x34 c:/freescale/kds_v3/toolchain/bin/../lib/gcc/arm-none-eabi/4.8.4/../../../../arm-none-eabi/lib/armv7e-m/fpu\libm.a(lib_a-s_fpclassify.o)
 .ARM.attributes
                0x000008a4       0x34 c:/freescale/kds_v3/toolchain/bin/../lib/gcc/arm-none-eabi/4.8.4/../../../../arm-none-eabi/lib/armv7e-m/fpu\libm.a(lib_a-s_lib_ver.o)
 .ARM.attributes
                0x000008d8       0x34 c:/freescale/kds_v3/toolchain/bin/../lib/gcc/arm-none-eabi/4.8.4/../../../../arm-none-eabi/lib/armv7e-m/fpu\libm.a(lib_a-s_matherr.o)
 .ARM.attributes
                0x0000090c       0x22 c:/freescale/kds_v3/toolchain/bin/../lib/gcc/arm-none-eabi/4.8.4/armv7e-m/fpu\libgcc.a(_arm_addsubdf3.o)
 .ARM.attributes
                0x0000092e       0x22 c:/freescale/kds_v3/toolchain/bin/../lib/gcc/arm-none-eabi/4.8.4/armv7e-m/fpu\libgcc.a(_arm_muldivdf3.o)
 .ARM.attributes
                0x00000950       0x22 c:/freescale/kds_v3/toolchain/bin/../lib/gcc/arm-none-eabi/4.8.4/armv7e-m/fpu\libgcc.a(_arm_cmpdf2.o)
 .ARM.attributes
                0x00000972       0x22 c:/freescale/kds_v3/toolchain/bin/../lib/gcc/arm-none-eabi/4.8.4/armv7e-m/fpu\libgcc.a(_arm_fixdfsi.o)
 .ARM.attributes
                0x00000994       0x34 c:/freescale/kds_v3/toolchain/bin/../lib/gcc/arm-none-eabi/4.8.4/../../../../arm-none-eabi/lib/armv7e-m/fpu\libg_s.a(lib_a-errno.o)
 .ARM.attributes
                0x000009c8       0x34 c:/freescale/kds_v3/toolchain/bin/../lib/gcc/arm-none-eabi/4.8.4/../../../../arm-none-eabi/lib/armv7e-m/fpu\libg_s.a(lib_a-exit.o)
 .ARM.attributes
                0x000009fc       0x34 c:/freescale/kds_v3/toolchain/bin/../lib/gcc/arm-none-eabi/4.8.4/../../../../arm-none-eabi/lib/armv7e-m/fpu\libg_s.a(lib_a-impure.o)
 .ARM.attributes
                0x00000a30       0x34 c:/freescale/kds_v3/toolchain/bin/../lib/gcc/arm-none-eabi/4.8.4/../../../../arm-none-eabi/lib/armv7e-m/fpu\libg_s.a(lib_a-init.o)
 .ARM.attributes
                0x00000a64       0x34 c:/freescale/kds_v3/toolchain/bin/../lib/gcc/arm-none-eabi/4.8.4/../../../../arm-none-eabi/lib/armv7e-m/fpu\libg_s.a(lib_a-memset.o)
 .ARM.attributes
                0x00000a98       0x34 c:/freescale/kds_v3/toolchain/bin/../lib/gcc/arm-none-eabi/4.8.4/../../../../arm-none-eabi/lib/armv7e-m/fpu\libnosys.a(_exit.o)
 .ARM.attributes
                0x00000acc       0x22 c:/freescale/kds_v3/toolchain/bin/../lib/gcc/arm-none-eabi/4.8.4/armv7e-m/fpu/crtn.o
OUTPUT(Assignment2-Percy.elf elf32-littlearm)

.debug_info     0x00000000     0xa867
 .debug_info    0x00000000      0xab8 ./Static_Code/System/CPU_Init.o
 .debug_info    0x00000ab8      0x826 ./Static_Code/System/Vectors.o
 .debug_info    0x000012de       0xf5 ./Sources/Events.o
 .debug_info    0x000013d3      0x356 ./Sources/drawShapes.o
 .debug_info    0x00001729       0xdd ./Sources/main.o
 .debug_info    0x00001806      0x4e4 ./Sources/utilities.o
 .debug_info    0x00001cea      0x3b0 ./Project_Settings/Startup_Code/startup.o
 .debug_info    0x0000209a      0xa75 ./Generated_Code/ASerialLdd1.o
 .debug_info    0x00002b0f      0x560 ./Generated_Code/BitIoLdd1.o
 .debug_info    0x0000306f      0x53a ./Generated_Code/BitIoLdd10.o
 .debug_info    0x000035a9      0x53a ./Generated_Code/BitIoLdd11.o
 .debug_info    0x00003ae3      0x504 ./Generated_Code/BitIoLdd12.o
 .debug_info    0x00003fe7      0x504 ./Generated_Code/BitIoLdd13.o
 .debug_info    0x000044eb      0x504 ./Generated_Code/BitIoLdd14.o
 .debug_info    0x000049ef      0x52a ./Generated_Code/BitIoLdd15.o
 .debug_info    0x00004f19      0x560 ./Generated_Code/BitIoLdd16.o
 .debug_info    0x00005479      0x52a ./Generated_Code/BitIoLdd17.o
 .debug_info    0x000059a3      0x504 ./Generated_Code/BitIoLdd18.o
 .debug_info    0x00005ea7      0x560 ./Generated_Code/BitIoLdd2.o
 .debug_info    0x00006407      0x560 ./Generated_Code/BitIoLdd3.o
 .debug_info    0x00006967      0x504 ./Generated_Code/BitIoLdd4.o
 .debug_info    0x00006e6b      0x504 ./Generated_Code/BitIoLdd5.o
 .debug_info    0x0000736f      0x560 ./Generated_Code/BitIoLdd6.o
 .debug_info    0x000078cf      0x560 ./Generated_Code/BitIoLdd7.o
 .debug_info    0x00007e2f      0x560 ./Generated_Code/BitIoLdd8.o
 .debug_info    0x0000838f      0x53a ./Generated_Code/BitIoLdd9.o
 .debug_info    0x000088c9       0xa7 ./Generated_Code/Cpu.o
 .debug_info    0x00008970      0x368 ./Generated_Code/Inhr1.o
 .debug_info    0x00008cd8      0x251 ./Generated_Code/PE_LDD.o
 .debug_info    0x00008f29      0x334 ./Generated_Code/PwmLdd1.o
 .debug_info    0x0000925d      0x38a ./Generated_Code/RealTimeLdd1.o
 .debug_info    0x000095e7      0x816 ./Generated_Code/TU1.o
 .debug_info    0x00009dfd      0x764 ./Generated_Code/TU3.o
 .debug_info    0x0000a561      0x306 ./Generated_Code/Term1.o

.debug_abbrev   0x00000000     0x2e97
 .debug_abbrev  0x00000000      0x1bf ./Static_Code/System/CPU_Init.o
 .debug_abbrev  0x000001bf       0xd8 ./Static_Code/System/Vectors.o
 .debug_abbrev  0x00000297       0xab ./Sources/Events.o
 .debug_abbrev  0x00000342      0x111 ./Sources/drawShapes.o
 .debug_abbrev  0x00000453       0x70 ./Sources/main.o
 .debug_abbrev  0x000004c3      0x1b9 ./Sources/utilities.o
 .debug_abbrev  0x0000067c      0x189 ./Project_Settings/Startup_Code/startup.o
 .debug_abbrev  0x00000805      0x1f9 ./Generated_Code/ASerialLdd1.o
 .debug_abbrev  0x000009fe      0x186 ./Generated_Code/BitIoLdd1.o
 .debug_abbrev  0x00000b84      0x186 ./Generated_Code/BitIoLdd10.o
 .debug_abbrev  0x00000d0a      0x186 ./Generated_Code/BitIoLdd11.o
 .debug_abbrev  0x00000e90      0x15d ./Generated_Code/BitIoLdd12.o
 .debug_abbrev  0x00000fed      0x15d ./Generated_Code/BitIoLdd13.o
 .debug_abbrev  0x0000114a      0x15d ./Generated_Code/BitIoLdd14.o
 .debug_abbrev  0x000012a7      0x186 ./Generated_Code/BitIoLdd15.o
 .debug_abbrev  0x0000142d      0x186 ./Generated_Code/BitIoLdd16.o
 .debug_abbrev  0x000015b3      0x186 ./Generated_Code/BitIoLdd17.o
 .debug_abbrev  0x00001739      0x15d ./Generated_Code/BitIoLdd18.o
 .debug_abbrev  0x00001896      0x186 ./Generated_Code/BitIoLdd2.o
 .debug_abbrev  0x00001a1c      0x186 ./Generated_Code/BitIoLdd3.o
 .debug_abbrev  0x00001ba2      0x15d ./Generated_Code/BitIoLdd4.o
 .debug_abbrev  0x00001cff      0x15d ./Generated_Code/BitIoLdd5.o
 .debug_abbrev  0x00001e5c      0x186 ./Generated_Code/BitIoLdd6.o
 .debug_abbrev  0x00001fe2      0x186 ./Generated_Code/BitIoLdd7.o
 .debug_abbrev  0x00002168      0x186 ./Generated_Code/BitIoLdd8.o
 .debug_abbrev  0x000022ee      0x186 ./Generated_Code/BitIoLdd9.o
 .debug_abbrev  0x00002474       0x45 ./Generated_Code/Cpu.o
 .debug_abbrev  0x000024b9      0x18f ./Generated_Code/Inhr1.o
 .debug_abbrev  0x00002648      0x10d ./Generated_Code/PE_LDD.o
 .debug_abbrev  0x00002755      0x122 ./Generated_Code/PwmLdd1.o
 .debug_abbrev  0x00002877      0x161 ./Generated_Code/RealTimeLdd1.o
 .debug_abbrev  0x000029d8      0x1c5 ./Generated_Code/TU1.o
 .debug_abbrev  0x00002b9d      0x198 ./Generated_Code/TU3.o
 .debug_abbrev  0x00002d35      0x162 ./Generated_Code/Term1.o

.debug_aranges  0x00000000      0xce8
 .debug_aranges
                0x00000000       0x40 ./Static_Code/System/CPU_Init.o
 .debug_aranges
                0x00000040      0x340 ./Static_Code/System/Vectors.o
 .debug_aranges
                0x00000380       0x30 ./Sources/Events.o
 .debug_aranges
                0x000003b0       0x50 ./Sources/drawShapes.o
 .debug_aranges
                0x00000400       0x20 ./Sources/main.o
 .debug_aranges
                0x00000420       0xc0 ./Sources/utilities.o
 .debug_aranges
                0x000004e0       0x50 ./Project_Settings/Startup_Code/startup.o
 .debug_aranges
                0x00000530       0x50 ./Generated_Code/ASerialLdd1.o
 .debug_aranges
                0x00000580       0x50 ./Generated_Code/BitIoLdd1.o
 .debug_aranges
                0x000005d0       0x48 ./Generated_Code/BitIoLdd10.o
 .debug_aranges
                0x00000618       0x48 ./Generated_Code/BitIoLdd11.o
 .debug_aranges
                0x00000660       0x40 ./Generated_Code/BitIoLdd12.o
 .debug_aranges
                0x000006a0       0x40 ./Generated_Code/BitIoLdd13.o
 .debug_aranges
                0x000006e0       0x40 ./Generated_Code/BitIoLdd14.o
 .debug_aranges
                0x00000720       0x48 ./Generated_Code/BitIoLdd15.o
 .debug_aranges
                0x00000768       0x50 ./Generated_Code/BitIoLdd16.o
 .debug_aranges
                0x000007b8       0x48 ./Generated_Code/BitIoLdd17.o
 .debug_aranges
                0x00000800       0x40 ./Generated_Code/BitIoLdd18.o
 .debug_aranges
                0x00000840       0x50 ./Generated_Code/BitIoLdd2.o
 .debug_aranges
                0x00000890       0x50 ./Generated_Code/BitIoLdd3.o
 .debug_aranges
                0x000008e0       0x40 ./Generated_Code/BitIoLdd4.o
 .debug_aranges
                0x00000920       0x40 ./Generated_Code/BitIoLdd5.o
 .debug_aranges
                0x00000960       0x50 ./Generated_Code/BitIoLdd6.o
 .debug_aranges
                0x000009b0       0x50 ./Generated_Code/BitIoLdd7.o
 .debug_aranges
                0x00000a00       0x50 ./Generated_Code/BitIoLdd8.o
 .debug_aranges
                0x00000a50       0x48 ./Generated_Code/BitIoLdd9.o
 .debug_aranges
                0x00000a98       0x28 ./Generated_Code/Cpu.o
 .debug_aranges
                0x00000ac0       0x60 ./Generated_Code/Inhr1.o
 .debug_aranges
                0x00000b20       0x30 ./Generated_Code/PE_LDD.o
 .debug_aranges
                0x00000b50       0x48 ./Generated_Code/PwmLdd1.o
 .debug_aranges
                0x00000b98       0x40 ./Generated_Code/RealTimeLdd1.o
 .debug_aranges
                0x00000bd8       0x50 ./Generated_Code/TU1.o
 .debug_aranges
                0x00000c28       0x48 ./Generated_Code/TU3.o
 .debug_aranges
                0x00000c70       0x78 ./Generated_Code/Term1.o

.debug_ranges   0x00000000      0xac8
 .debug_ranges  0x00000000       0x30 ./Static_Code/System/CPU_Init.o
 .debug_ranges  0x00000030      0x330 ./Static_Code/System/Vectors.o
 .debug_ranges  0x00000360       0x20 ./Sources/Events.o
 .debug_ranges  0x00000380       0x40 ./Sources/drawShapes.o
 .debug_ranges  0x000003c0       0x10 ./Sources/main.o
 .debug_ranges  0x000003d0       0xb0 ./Sources/utilities.o
 .debug_ranges  0x00000480       0x40 ./Project_Settings/Startup_Code/startup.o
 .debug_ranges  0x000004c0       0x40 ./Generated_Code/ASerialLdd1.o
 .debug_ranges  0x00000500       0x40 ./Generated_Code/BitIoLdd1.o
 .debug_ranges  0x00000540       0x38 ./Generated_Code/BitIoLdd10.o
 .debug_ranges  0x00000578       0x38 ./Generated_Code/BitIoLdd11.o
 .debug_ranges  0x000005b0       0x30 ./Generated_Code/BitIoLdd12.o
 .debug_ranges  0x000005e0       0x30 ./Generated_Code/BitIoLdd13.o
 .debug_ranges  0x00000610       0x30 ./Generated_Code/BitIoLdd14.o
 .debug_ranges  0x00000640       0x38 ./Generated_Code/BitIoLdd15.o
 .debug_ranges  0x00000678       0x40 ./Generated_Code/BitIoLdd16.o
 .debug_ranges  0x000006b8       0x38 ./Generated_Code/BitIoLdd17.o
 .debug_ranges  0x000006f0       0x30 ./Generated_Code/BitIoLdd18.o
 .debug_ranges  0x00000720       0x40 ./Generated_Code/BitIoLdd2.o
 .debug_ranges  0x00000760       0x40 ./Generated_Code/BitIoLdd3.o
 .debug_ranges  0x000007a0       0x30 ./Generated_Code/BitIoLdd4.o
 .debug_ranges  0x000007d0       0x30 ./Generated_Code/BitIoLdd5.o
 .debug_ranges  0x00000800       0x40 ./Generated_Code/BitIoLdd6.o
 .debug_ranges  0x00000840       0x40 ./Generated_Code/BitIoLdd7.o
 .debug_ranges  0x00000880       0x40 ./Generated_Code/BitIoLdd8.o
 .debug_ranges  0x000008c0       0x38 ./Generated_Code/BitIoLdd9.o
 .debug_ranges  0x000008f8       0x18 ./Generated_Code/Cpu.o
 .debug_ranges  0x00000910       0x50 ./Generated_Code/Inhr1.o
 .debug_ranges  0x00000960       0x20 ./Generated_Code/PE_LDD.o
 .debug_ranges  0x00000980       0x38 ./Generated_Code/PwmLdd1.o
 .debug_ranges  0x000009b8       0x30 ./Generated_Code/RealTimeLdd1.o
 .debug_ranges  0x000009e8       0x40 ./Generated_Code/TU1.o
 .debug_ranges  0x00000a28       0x38 ./Generated_Code/TU3.o
 .debug_ranges  0x00000a60       0x68 ./Generated_Code/Term1.o

.debug_macro    0x00000000    0x27f0a
 .debug_macro   0x00000000      0x434 ./Static_Code/System/CPU_Init.o
 .debug_macro   0x00000434      0x850 ./Static_Code/System/CPU_Init.o
 .debug_macro   0x00000c84       0x16 ./Static_Code/System/CPU_Init.o
 .debug_macro   0x00000c9a       0x44 ./Static_Code/System/CPU_Init.o
 .debug_macro   0x00000cde      0x209 ./Static_Code/System/CPU_Init.o
 .debug_macro   0x00000ee7     0x180f ./Static_Code/System/CPU_Init.o
 .debug_macro   0x000026f6     0xbca7 ./Static_Code/System/CPU_Init.o
 .debug_macro   0x0000e39d      0x4c6 ./Static_Code/System/CPU_Init.o
 .debug_macro   0x0000e863      0x14e ./Static_Code/System/CPU_Init.o
 .debug_macro   0x0000e9b1       0x6a ./Static_Code/System/CPU_Init.o
 .debug_macro   0x0000ea1b       0x58 ./Static_Code/System/CPU_Init.o
 .debug_macro   0x0000ea73       0x35 ./Static_Code/System/CPU_Init.o
 .debug_macro   0x0000eaa8       0xa3 ./Static_Code/System/CPU_Init.o
 .debug_macro   0x0000eb4b       0x16 ./Static_Code/System/CPU_Init.o
 .debug_macro   0x0000eb61       0x3a ./Static_Code/System/CPU_Init.o
 .debug_macro   0x0000eb9b       0x65 ./Static_Code/System/CPU_Init.o
 .debug_macro   0x0000ec00       0x1f ./Static_Code/System/CPU_Init.o
 .debug_macro   0x0000ec1f       0x94 ./Static_Code/System/CPU_Init.o
 .debug_macro   0x0000ecb3      0x12c ./Static_Code/System/CPU_Init.o
 .debug_macro   0x0000eddf       0x4c ./Static_Code/System/CPU_Init.o
 .debug_macro   0x0000ee2b       0x2d ./Static_Code/System/CPU_Init.o
 .debug_macro   0x0000ee58       0x52 ./Static_Code/System/CPU_Init.o
 .debug_macro   0x0000eeaa       0x2d ./Static_Code/System/CPU_Init.o
 .debug_macro   0x0000eed7       0x52 ./Static_Code/System/CPU_Init.o
 .debug_macro   0x0000ef29       0x2d ./Static_Code/System/CPU_Init.o
 .debug_macro   0x0000ef56      0x6a6 ./Static_Code/System/CPU_Init.o
 .debug_macro   0x0000f5fc       0x7b ./Static_Code/System/CPU_Init.o
 .debug_macro   0x0000f677       0x28 ./Static_Code/System/CPU_Init.o
 .debug_macro   0x0000f69f       0x18 ./Static_Code/System/CPU_Init.o
 .debug_macro   0x0000f6b7       0x7a ./Static_Code/System/CPU_Init.o
 .debug_macro   0x0000f731       0x3e ./Static_Code/System/CPU_Init.o
 .debug_macro   0x0000f76f       0x2c ./Static_Code/System/CPU_Init.o
 .debug_macro   0x0000f79b       0x46 ./Static_Code/System/CPU_Init.o
 .debug_macro   0x0000f7e1       0x1f ./Static_Code/System/CPU_Init.o
 .debug_macro   0x0000f800       0x52 ./Static_Code/System/CPU_Init.o
 .debug_macro   0x0000f852       0x2d ./Static_Code/System/CPU_Init.o
 .debug_macro   0x0000f87f       0x46 ./Static_Code/System/CPU_Init.o
 .debug_macro   0x0000f8c5       0x1f ./Static_Code/System/CPU_Init.o
 .debug_macro   0x0000f8e4       0x52 ./Static_Code/System/CPU_Init.o
 .debug_macro   0x0000f936       0x2d ./Static_Code/System/CPU_Init.o
 .debug_macro   0x0000f963       0x52 ./Static_Code/System/CPU_Init.o
 .debug_macro   0x0000f9b5       0x2d ./Static_Code/System/CPU_Init.o
 .debug_macro   0x0000f9e2       0x4c ./Static_Code/System/CPU_Init.o
 .debug_macro   0x0000fa2e       0x26 ./Static_Code/System/CPU_Init.o
 .debug_macro   0x0000fa54       0x4c ./Static_Code/System/CPU_Init.o
 .debug_macro   0x0000faa0       0x26 ./Static_Code/System/CPU_Init.o
 .debug_macro   0x0000fac6       0x4c ./Static_Code/System/CPU_Init.o
 .debug_macro   0x0000fb12       0x26 ./Static_Code/System/CPU_Init.o
 .debug_macro   0x0000fb38       0x4c ./Static_Code/System/CPU_Init.o
 .debug_macro   0x0000fb84       0x26 ./Static_Code/System/CPU_Init.o
 .debug_macro   0x0000fbaa       0x52 ./Static_Code/System/CPU_Init.o
 .debug_macro   0x0000fbfc       0x2d ./Static_Code/System/CPU_Init.o
 .debug_macro   0x0000fc29       0x4c ./Static_Code/System/CPU_Init.o
 .debug_macro   0x0000fc75       0x26 ./Static_Code/System/CPU_Init.o
 .debug_macro   0x0000fc9b       0x46 ./Static_Code/System/CPU_Init.o
 .debug_macro   0x0000fce1       0x1f ./Static_Code/System/CPU_Init.o
 .debug_macro   0x0000fd00       0x46 ./Static_Code/System/CPU_Init.o
 .debug_macro   0x0000fd46       0x1f ./Static_Code/System/CPU_Init.o
 .debug_macro   0x0000fd65       0x46 ./Static_Code/System/CPU_Init.o
 .debug_macro   0x0000fdab       0x1f ./Static_Code/System/CPU_Init.o
 .debug_macro   0x0000fdca       0x46 ./Static_Code/System/CPU_Init.o
 .debug_macro   0x0000fe10       0x1f ./Static_Code/System/CPU_Init.o
 .debug_macro   0x0000fe2f      0x2bf ./Static_Code/System/CPU_Init.o
 .debug_macro   0x000100ee      0x422 ./Static_Code/System/Vectors.o
 .debug_macro   0x00010510      0x4f7 ./Sources/Events.o
 .debug_macro   0x00010a07       0x34 ./Sources/Events.o
 .debug_macro   0x00010a3b      0x61c ./Sources/Events.o
 .debug_macro   0x00011057      0x328 ./Sources/Events.o
 .debug_macro   0x0001137f      0x109 ./Sources/Events.o
 .debug_macro   0x00011488      0x17f ./Sources/Events.o
 .debug_macro   0x00011607      0x202 ./Sources/Events.o
 .debug_macro   0x00011809      0x91e ./Sources/Events.o
 .debug_macro   0x00012127       0x9e ./Sources/Events.o
 .debug_macro   0x000121c5      0x1f9 ./Sources/Events.o
 .debug_macro   0x000123be      0x39c ./Sources/Events.o
 .debug_macro   0x0001275a      0x29c ./Sources/Events.o
 .debug_macro   0x000129f6      0x264 ./Sources/Events.o
 .debug_macro   0x00012c5a      0x25b ./Sources/Events.o
 .debug_macro   0x00012eb5      0x399 ./Sources/Events.o
 .debug_macro   0x0001324e      0x4f1 ./Sources/Events.o
 .debug_macro   0x0001373f      0x13f ./Sources/Events.o
 .debug_macro   0x0001387e       0x6c ./Sources/Events.o
 .debug_macro   0x000138ea      0x30d ./Sources/Events.o
 .debug_macro   0x00013bf7       0xbb ./Sources/Events.o
 .debug_macro   0x00013cb2       0xe9 ./Sources/Events.o
 .debug_macro   0x00013d9b      0x4ea ./Sources/Events.o
 .debug_macro   0x00014285      0x18f ./Sources/Events.o
 .debug_macro   0x00014414       0xea ./Sources/Events.o
 .debug_macro   0x000144fe      0x344 ./Sources/Events.o
 .debug_macro   0x00014842      0x824 ./Sources/Events.o
 .debug_macro   0x00015066      0x179 ./Sources/Events.o
 .debug_macro   0x000151df      0x9e2 ./Sources/Events.o
 .debug_macro   0x00015bc1      0x129 ./Sources/Events.o
 .debug_macro   0x00015cea      0x648 ./Sources/Events.o
 .debug_macro   0x00016332       0x81 ./Sources/Events.o
 .debug_macro   0x000163b3      0x7bf ./Sources/Events.o
 .debug_macro   0x00016b72      0x66f ./Sources/Events.o
 .debug_macro   0x000171e1       0x7b ./Sources/Events.o
 .debug_macro   0x0001725c      0x182 ./Sources/Events.o
 .debug_macro   0x000173de      0x5d5 ./Sources/drawShapes.o
 .debug_macro   0x000179b3      0x166 ./Sources/drawShapes.o
 .debug_macro   0x00017b19       0x52 ./Sources/drawShapes.o
 .debug_macro   0x00017b6b       0x16 ./Sources/drawShapes.o
 .debug_macro   0x00017b81       0x43 ./Sources/drawShapes.o
 .debug_macro   0x00017bc4      0x180 ./Sources/drawShapes.o
 .debug_macro   0x00017d44      0x2a6 ./Sources/drawShapes.o
 .debug_macro   0x00017fea       0x10 ./Sources/drawShapes.o
 .debug_macro   0x00017ffa       0x35 ./Sources/drawShapes.o
 .debug_macro   0x0001802f       0x1c ./Sources/drawShapes.o
 .debug_macro   0x0001804b       0x10 ./Sources/drawShapes.o
 .debug_macro   0x0001805b       0x10 ./Sources/drawShapes.o
 .debug_macro   0x0001806b       0x22 ./Sources/drawShapes.o
 .debug_macro   0x0001808d       0xbd ./Sources/drawShapes.o
 .debug_macro   0x0001814a       0x16 ./Sources/drawShapes.o
 .debug_macro   0x00018160      0x14a ./Sources/drawShapes.o
 .debug_macro   0x000182aa       0xde ./Sources/drawShapes.o
 .debug_macro   0x00018388      0x582 ./Sources/main.o
 .debug_macro   0x0001890a      0x56e ./Sources/utilities.o
 .debug_macro   0x00018e78      0x121 ./Project_Settings/Startup_Code/startup.o
 .debug_macro   0x00018f99       0x4a ./Project_Settings/Startup_Code/startup.o
 .debug_macro   0x00018fe3       0x16 ./Project_Settings/Startup_Code/startup.o
 .debug_macro   0x00018ff9       0x22 ./Project_Settings/Startup_Code/startup.o
 .debug_macro   0x0001901b       0x10 ./Project_Settings/Startup_Code/startup.o
 .debug_macro   0x0001902b      0x20f ./Project_Settings/Startup_Code/startup.o
 .debug_macro   0x0001923a     0xbc9b ./Project_Settings/Startup_Code/startup.o
 .debug_macro   0x00024ed5      0x113 ./Generated_Code/ASerialLdd1.o
 .debug_macro   0x00024fe8       0x5f ./Generated_Code/ASerialLdd1.o
 .debug_macro   0x00025047       0x25 ./Generated_Code/ASerialLdd1.o
 .debug_macro   0x0002506c      0x7b9 ./Generated_Code/ASerialLdd1.o
 .debug_macro   0x00025825       0xfa ./Generated_Code/BitIoLdd1.o
 .debug_macro   0x0002591f       0xfa ./Generated_Code/BitIoLdd10.o
 .debug_macro   0x00025a19       0x46 ./Generated_Code/BitIoLdd10.o
 .debug_macro   0x00025a5f       0xfa ./Generated_Code/BitIoLdd11.o
 .debug_macro   0x00025b59       0x46 ./Generated_Code/BitIoLdd11.o
 .debug_macro   0x00025b9f       0xfa ./Generated_Code/BitIoLdd12.o
 .debug_macro   0x00025c99       0x40 ./Generated_Code/BitIoLdd12.o
 .debug_macro   0x00025cd9       0xfa ./Generated_Code/BitIoLdd13.o
 .debug_macro   0x00025dd3       0x40 ./Generated_Code/BitIoLdd13.o
 .debug_macro   0x00025e13       0xfa ./Generated_Code/BitIoLdd14.o
 .debug_macro   0x00025f0d       0x40 ./Generated_Code/BitIoLdd14.o
 .debug_macro   0x00025f4d       0xfa ./Generated_Code/BitIoLdd15.o
 .debug_macro   0x00026047       0x46 ./Generated_Code/BitIoLdd15.o
 .debug_macro   0x0002608d       0xfa ./Generated_Code/BitIoLdd16.o
 .debug_macro   0x00026187       0x4c ./Generated_Code/BitIoLdd16.o
 .debug_macro   0x000261d3       0xfa ./Generated_Code/BitIoLdd17.o
 .debug_macro   0x000262cd       0x46 ./Generated_Code/BitIoLdd17.o
 .debug_macro   0x00026313       0xfa ./Generated_Code/BitIoLdd18.o
 .debug_macro   0x0002640d       0x40 ./Generated_Code/BitIoLdd18.o
 .debug_macro   0x0002644d       0xfa ./Generated_Code/BitIoLdd2.o
 .debug_macro   0x00026547       0x4c ./Generated_Code/BitIoLdd2.o
 .debug_macro   0x00026593       0xfa ./Generated_Code/BitIoLdd3.o
 .debug_macro   0x0002668d       0x4c ./Generated_Code/BitIoLdd3.o
 .debug_macro   0x000266d9       0xfa ./Generated_Code/BitIoLdd4.o
 .debug_macro   0x000267d3       0x40 ./Generated_Code/BitIoLdd4.o
 .debug_macro   0x00026813       0xfa ./Generated_Code/BitIoLdd5.o
 .debug_macro   0x0002690d       0x40 ./Generated_Code/BitIoLdd5.o
 .debug_macro   0x0002694d       0xfa ./Generated_Code/BitIoLdd6.o
 .debug_macro   0x00026a47       0x4c ./Generated_Code/BitIoLdd6.o
 .debug_macro   0x00026a93       0xfa ./Generated_Code/BitIoLdd7.o
 .debug_macro   0x00026b8d       0x4c ./Generated_Code/BitIoLdd7.o
 .debug_macro   0x00026bd9       0xfa ./Generated_Code/BitIoLdd8.o
 .debug_macro   0x00026cd3       0x4c ./Generated_Code/BitIoLdd8.o
 .debug_macro   0x00026d1f       0xfa ./Generated_Code/BitIoLdd9.o
 .debug_macro   0x00026e19       0x46 ./Generated_Code/BitIoLdd9.o
 .debug_macro   0x00026e5f      0x3d5 ./Generated_Code/Cpu.o
 .debug_macro   0x00027234      0x443 ./Generated_Code/Inhr1.o
 .debug_macro   0x00027677      0x350 ./Generated_Code/PE_LDD.o
 .debug_macro   0x000279c7      0x10f ./Generated_Code/PwmLdd1.o
 .debug_macro   0x00027ad6      0x10f ./Generated_Code/RealTimeLdd1.o
 .debug_macro   0x00027be5      0x117 ./Generated_Code/TU1.o
 .debug_macro   0x00027cfc      0x108 ./Generated_Code/TU3.o
 .debug_macro   0x00027e04      0x106 ./Generated_Code/Term1.o

.debug_line     0x00000000     0xa768
 .debug_line    0x00000000      0x73a ./Static_Code/System/CPU_Init.o
 .debug_line    0x0000073a      0xcd9 ./Static_Code/System/Vectors.o
 .debug_line    0x00001413      0x77d ./Sources/Events.o
 .debug_line    0x00001b90      0xc4b ./Sources/drawShapes.o
 .debug_line    0x000027db      0x84a ./Sources/main.o
 .debug_line    0x00003025      0xb15 ./Sources/utilities.o
 .debug_line    0x00003b3a      0x3b2 ./Project_Settings/Startup_Code/startup.o
 .debug_line    0x00003eec      0x427 ./Generated_Code/ASerialLdd1.o
 .debug_line    0x00004313      0x382 ./Generated_Code/BitIoLdd1.o
 .debug_line    0x00004695      0x372 ./Generated_Code/BitIoLdd10.o
 .debug_line    0x00004a07      0x372 ./Generated_Code/BitIoLdd11.o
 .debug_line    0x00004d79      0x35c ./Generated_Code/BitIoLdd12.o
 .debug_line    0x000050d5      0x35c ./Generated_Code/BitIoLdd13.o
 .debug_line    0x00005431      0x35c ./Generated_Code/BitIoLdd14.o
 .debug_line    0x0000578d      0x36e ./Generated_Code/BitIoLdd15.o
 .debug_line    0x00005afb      0x384 ./Generated_Code/BitIoLdd16.o
 .debug_line    0x00005e7f      0x36e ./Generated_Code/BitIoLdd17.o
 .debug_line    0x000061ed      0x35c ./Generated_Code/BitIoLdd18.o
 .debug_line    0x00006549      0x382 ./Generated_Code/BitIoLdd2.o
 .debug_line    0x000068cb      0x382 ./Generated_Code/BitIoLdd3.o
 .debug_line    0x00006c4d      0x35a ./Generated_Code/BitIoLdd4.o
 .debug_line    0x00006fa7      0x35a ./Generated_Code/BitIoLdd5.o
 .debug_line    0x00007301      0x382 ./Generated_Code/BitIoLdd6.o
 .debug_line    0x00007683      0x382 ./Generated_Code/BitIoLdd7.o
 .debug_line    0x00007a05      0x382 ./Generated_Code/BitIoLdd8.o
 .debug_line    0x00007d87      0x370 ./Generated_Code/BitIoLdd9.o
 .debug_line    0x000080f7      0x62b ./Generated_Code/Cpu.o
 .debug_line    0x00008722      0x74a ./Generated_Code/Inhr1.o
 .debug_line    0x00008e6c      0x5d9 ./Generated_Code/PE_LDD.o
 .debug_line    0x00009445      0x38b ./Generated_Code/PwmLdd1.o
 .debug_line    0x000097d0      0x3b8 ./Generated_Code/RealTimeLdd1.o
 .debug_line    0x00009b88      0x3c3 ./Generated_Code/TU1.o
 .debug_line    0x00009f4b      0x3a8 ./Generated_Code/TU3.o
 .debug_line    0x0000a2f3      0x475 ./Generated_Code/Term1.o

.debug_str      0x00000000    0xc2258
 .debug_str     0x00000000    0x5b6d5 ./Static_Code/System/CPU_Init.o
                              0x5b885 (size before relaxing)
 .debug_str     0x0005b6d5      0x980 ./Static_Code/System/Vectors.o
                              0x5bca6 (size before relaxing)
 .debug_str     0x0005c055    0x612d9 ./Sources/Events.o
                              0xbb7f7 (size before relaxing)
 .debug_str     0x000bd32e     0x3160 ./Sources/drawShapes.o
                              0xbe986 (size before relaxing)
 .debug_str     0x000c048e       0x29 ./Sources/main.o
                              0xbd873 (size before relaxing)
 .debug_str     0x000c04b7      0x132 ./Sources/utilities.o
                              0xbd9e5 (size before relaxing)
 .debug_str     0x000c05e9      0x186 ./Project_Settings/Startup_Code/startup.o
                              0x45bb7 (size before relaxing)
 .debug_str     0x000c076f      0x3c2 ./Generated_Code/ASerialLdd1.o
                              0x5b7b2 (size before relaxing)
 .debug_str     0x000c0b31      0x109 ./Generated_Code/BitIoLdd1.o
                              0x4d688 (size before relaxing)
 .debug_str     0x000c0c3a       0xba ./Generated_Code/BitIoLdd10.o
                              0x4d66c (size before relaxing)
 .debug_str     0x000c0cf4       0xba ./Generated_Code/BitIoLdd11.o
                              0x4d66c (size before relaxing)
 .debug_str     0x000c0dae       0xa8 ./Generated_Code/BitIoLdd12.o
                              0x4d63a (size before relaxing)
 .debug_str     0x000c0e56       0xa8 ./Generated_Code/BitIoLdd13.o
                              0x4d63a (size before relaxing)
 .debug_str     0x000c0efe       0xa8 ./Generated_Code/BitIoLdd14.o
                              0x4d638 (size before relaxing)
 .debug_str     0x000c0fa6       0xba ./Generated_Code/BitIoLdd15.o
                              0x4d66c (size before relaxing)
 .debug_str     0x000c1060       0xcc ./Generated_Code/BitIoLdd16.o
                              0x4d6a0 (size before relaxing)
 .debug_str     0x000c112c       0xba ./Generated_Code/BitIoLdd17.o
                              0x4d672 (size before relaxing)
 .debug_str     0x000c11e6       0xa8 ./Generated_Code/BitIoLdd18.o
                              0x4d63a (size before relaxing)
 .debug_str     0x000c128e       0xc2 ./Generated_Code/BitIoLdd2.o
                              0x4d68a (size before relaxing)
 .debug_str     0x000c1350       0xc2 ./Generated_Code/BitIoLdd3.o
                              0x4d688 (size before relaxing)
 .debug_str     0x000c1412       0xa0 ./Generated_Code/BitIoLdd4.o
                              0x4d624 (size before relaxing)
 .debug_str     0x000c14b2       0xa0 ./Generated_Code/BitIoLdd5.o
                              0x4d624 (size before relaxing)
 .debug_str     0x000c1552       0xc2 ./Generated_Code/BitIoLdd6.o
                              0x4d688 (size before relaxing)
 .debug_str     0x000c1614       0xc2 ./Generated_Code/BitIoLdd7.o
                              0x4d688 (size before relaxing)
 .debug_str     0x000c16d6       0xc2 ./Generated_Code/BitIoLdd8.o
                              0x4d68a (size before relaxing)
 .debug_str     0x000c1798       0xb1 ./Generated_Code/BitIoLdd9.o
                              0x4d656 (size before relaxing)
 .debug_str     0x000c1849       0x28 ./Generated_Code/Cpu.o
                              0x5a2fd (size before relaxing)
 .debug_str     0x000c1871      0x24f ./Generated_Code/Inhr1.o
                              0x5a5cd (size before relaxing)
 .debug_str     0x000c1ac0      0x166 ./Generated_Code/PE_LDD.o
                              0x5a496 (size before relaxing)
 .debug_str     0x000c1c26       0xe1 ./Generated_Code/PwmLdd1.o
                              0x55bbc (size before relaxing)
 .debug_str     0x000c1d07       0xe1 ./Generated_Code/RealTimeLdd1.o
                              0x55be0 (size before relaxing)
 .debug_str     0x000c1de8      0x21e ./Generated_Code/TU1.o
                              0x55e0d (size before relaxing)
 .debug_str     0x000c2006      0x153 ./Generated_Code/TU3.o
                              0x55ca3 (size before relaxing)
 .debug_str     0x000c2159       0xff ./Generated_Code/Term1.o
                              0x4c8a5 (size before relaxing)

.comment        0x00000000       0x70
 .comment       0x00000000       0x70 ./Static_Code/System/CPU_Init.o
                                 0x71 (size before relaxing)
 .comment       0x00000000       0x71 ./Static_Code/System/Vectors.o
 .comment       0x00000000       0x71 ./Sources/Events.o
 .comment       0x00000000       0x71 ./Sources/drawShapes.o
 .comment       0x00000000       0x71 ./Sources/main.o
 .comment       0x00000000       0x71 ./Sources/utilities.o
 .comment       0x00000000       0x71 ./Project_Settings/Startup_Code/startup.o
 .comment       0x00000000       0x71 ./Generated_Code/ASerialLdd1.o
 .comment       0x00000000       0x71 ./Generated_Code/BitIoLdd1.o
 .comment       0x00000000       0x71 ./Generated_Code/BitIoLdd10.o
 .comment       0x00000000       0x71 ./Generated_Code/BitIoLdd11.o
 .comment       0x00000000       0x71 ./Generated_Code/BitIoLdd12.o
 .comment       0x00000000       0x71 ./Generated_Code/BitIoLdd13.o
 .comment       0x00000000       0x71 ./Generated_Code/BitIoLdd14.o
 .comment       0x00000000       0x71 ./Generated_Code/BitIoLdd15.o
 .comment       0x00000000       0x71 ./Generated_Code/BitIoLdd16.o
 .comment       0x00000000       0x71 ./Generated_Code/BitIoLdd17.o
 .comment       0x00000000       0x71 ./Generated_Code/BitIoLdd18.o
 .comment       0x00000000       0x71 ./Generated_Code/BitIoLdd2.o
 .comment       0x00000000       0x71 ./Generated_Code/BitIoLdd3.o
 .comment       0x00000000       0x71 ./Generated_Code/BitIoLdd4.o
 .comment       0x00000000       0x71 ./Generated_Code/BitIoLdd5.o
 .comment       0x00000000       0x71 ./Generated_Code/BitIoLdd6.o
 .comment       0x00000000       0x71 ./Generated_Code/BitIoLdd7.o
 .comment       0x00000000       0x71 ./Generated_Code/BitIoLdd8.o
 .comment       0x00000000       0x71 ./Generated_Code/BitIoLdd9.o
 .comment       0x00000000       0x71 ./Generated_Code/Cpu.o
 .comment       0x00000000       0x71 ./Generated_Code/Inhr1.o
 .comment       0x00000000       0x71 ./Generated_Code/PE_LDD.o
 .comment       0x00000000       0x71 ./Generated_Code/PwmLdd1.o
 .comment       0x00000000       0x71 ./Generated_Code/RealTimeLdd1.o
 .comment       0x00000000       0x71 ./Generated_Code/TU1.o
 .comment       0x00000000       0x71 ./Generated_Code/TU3.o
 .comment       0x00000000       0x71 ./Generated_Code/Term1.o

.debug_frame    0x00000000     0x27d8
 .debug_frame   0x00000000       0x9c ./Static_Code/System/CPU_Init.o
 .debug_frame   0x0000009c      0xcb0 ./Static_Code/System/Vectors.o
 .debug_frame   0x00000d4c       0x60 ./Sources/Events.o
 .debug_frame   0x00000dac       0xf0 ./Sources/drawShapes.o
 .debug_frame   0x00000e9c       0x30 ./Sources/main.o
 .debug_frame   0x00000ecc      0x294 ./Sources/utilities.o
 .debug_frame   0x00001160       0xc0 ./Project_Settings/Startup_Code/startup.o
 .debug_frame   0x00001220       0xec ./Generated_Code/ASerialLdd1.o
 .debug_frame   0x0000130c       0xd4 ./Generated_Code/BitIoLdd1.o
 .debug_frame   0x000013e0       0xb8 ./Generated_Code/BitIoLdd10.o
 .debug_frame   0x00001498       0xb8 ./Generated_Code/BitIoLdd11.o
 .debug_frame   0x00001550       0x9c ./Generated_Code/BitIoLdd12.o
 .debug_frame   0x000015ec       0x9c ./Generated_Code/BitIoLdd13.o
 .debug_frame   0x00001688       0x9c ./Generated_Code/BitIoLdd14.o
 .debug_frame   0x00001724       0xb8 ./Generated_Code/BitIoLdd15.o
 .debug_frame   0x000017dc       0xd4 ./Generated_Code/BitIoLdd16.o
 .debug_frame   0x000018b0       0xb8 ./Generated_Code/BitIoLdd17.o
 .debug_frame   0x00001968       0x9c ./Generated_Code/BitIoLdd18.o
 .debug_frame   0x00001a04       0xd4 ./Generated_Code/BitIoLdd2.o
 .debug_frame   0x00001ad8       0xd4 ./Generated_Code/BitIoLdd3.o
 .debug_frame   0x00001bac       0x9c ./Generated_Code/BitIoLdd4.o
 .debug_frame   0x00001c48       0x9c ./Generated_Code/BitIoLdd5.o
 .debug_frame   0x00001ce4       0xd4 ./Generated_Code/BitIoLdd6.o
 .debug_frame   0x00001db8       0xd4 ./Generated_Code/BitIoLdd7.o
 .debug_frame   0x00001e8c       0xd4 ./Generated_Code/BitIoLdd8.o
 .debug_frame   0x00001f60       0xb8 ./Generated_Code/BitIoLdd9.o
 .debug_frame   0x00002018       0x50 ./Generated_Code/Cpu.o
 .debug_frame   0x00002068      0x118 ./Generated_Code/Inhr1.o
 .debug_frame   0x00002180       0x64 ./Generated_Code/PE_LDD.o
 .debug_frame   0x000021e4       0xd0 ./Generated_Code/PwmLdd1.o
 .debug_frame   0x000022b4       0xa8 ./Generated_Code/RealTimeLdd1.o
 .debug_frame   0x0000235c       0xdc ./Generated_Code/TU1.o
 .debug_frame   0x00002438       0xb8 ./Generated_Code/TU3.o
 .debug_frame   0x000024f0      0x178 ./Generated_Code/Term1.o
 .debug_frame   0x00002668       0x38 c:/freescale/kds_v3/toolchain/bin/../lib/gcc/arm-none-eabi/4.8.4/../../../../arm-none-eabi/lib/armv7e-m/fpu\libm.a(lib_a-w_sqrt.o)
 .debug_frame   0x000026a0       0x3c c:/freescale/kds_v3/toolchain/bin/../lib/gcc/arm-none-eabi/4.8.4/../../../../arm-none-eabi/lib/armv7e-m/fpu\libm.a(lib_a-e_sqrt.o)
 .debug_frame   0x000026dc       0x28 c:/freescale/kds_v3/toolchain/bin/../lib/gcc/arm-none-eabi/4.8.4/../../../../arm-none-eabi/lib/armv7e-m/fpu\libm.a(lib_a-s_fpclassify.o)
 .debug_frame   0x00002704       0x20 c:/freescale/kds_v3/toolchain/bin/../lib/gcc/arm-none-eabi/4.8.4/../../../../arm-none-eabi/lib/armv7e-m/fpu\libm.a(lib_a-s_matherr.o)
 .debug_frame   0x00002724       0x20 c:/freescale/kds_v3/toolchain/bin/../lib/gcc/arm-none-eabi/4.8.4/../../../../arm-none-eabi/lib/armv7e-m/fpu\libg_s.a(lib_a-errno.o)
 .debug_frame   0x00002744       0x28 c:/freescale/kds_v3/toolchain/bin/../lib/gcc/arm-none-eabi/4.8.4/../../../../arm-none-eabi/lib/armv7e-m/fpu\libg_s.a(lib_a-exit.o)
 .debug_frame   0x0000276c       0x2c c:/freescale/kds_v3/toolchain/bin/../lib/gcc/arm-none-eabi/4.8.4/../../../../arm-none-eabi/lib/armv7e-m/fpu\libg_s.a(lib_a-init.o)
 .debug_frame   0x00002798       0x20 c:/freescale/kds_v3/toolchain/bin/../lib/gcc/arm-none-eabi/4.8.4/../../../../arm-none-eabi/lib/armv7e-m/fpu\libg_s.a(lib_a-memset.o)
 .debug_frame   0x000027b8       0x20 c:/freescale/kds_v3/toolchain/bin/../lib/gcc/arm-none-eabi/4.8.4/../../../../arm-none-eabi/lib/armv7e-m/fpu\libnosys.a(_exit.o)
